Component: ARM Compiler 5.06 update 7 (build 960) Tool: armlink [4d3601]

==============================================================================

Section Cross References

    startup_stm32f407xx.o(RESET) refers to startup_stm32f407xx.o(STACK) for __initial_sp
    startup_stm32f407xx.o(RESET) refers to startup_stm32f407xx.o(.text) for Reset_Handler
    startup_stm32f407xx.o(RESET) refers to stm32f4xx_it.o(i.NMI_Handler) for NMI_Handler
    startup_stm32f407xx.o(RESET) refers to stm32f4xx_it.o(i.HardFault_Handler) for HardFault_Handler
    startup_stm32f407xx.o(RESET) refers to stm32f4xx_it.o(i.MemManage_Handler) for MemManage_Handler
    startup_stm32f407xx.o(RESET) refers to stm32f4xx_it.o(i.BusFault_Handler) for BusFault_Handler
    startup_stm32f407xx.o(RESET) refers to stm32f4xx_it.o(i.UsageFault_Handler) for UsageFault_Handler
    startup_stm32f407xx.o(RESET) refers to stm32f4xx_it.o(i.SVC_Handler) for SVC_Handler
    startup_stm32f407xx.o(RESET) refers to stm32f4xx_it.o(i.DebugMon_Handler) for DebugMon_Handler
    startup_stm32f407xx.o(RESET) refers to stm32f4xx_it.o(i.PendSV_Handler) for PendSV_Handler
    startup_stm32f407xx.o(RESET) refers to stm32f4xx_it.o(i.SysTick_Handler) for SysTick_Handler
    startup_stm32f407xx.o(RESET) refers to stm32f4xx_it.o(i.CAN1_RX0_IRQHandler) for CAN1_RX0_IRQHandler
    startup_stm32f407xx.o(RESET) refers to stm32f4xx_it.o(i.TIM5_IRQHandler) for TIM5_IRQHandler
    startup_stm32f407xx.o(RESET) refers to porttimer.o(i.TIM7_IRQHandler) for TIM7_IRQHandler
    startup_stm32f407xx.o(.text) refers to system_stm32f4xx.o(i.SystemInit) for SystemInit
    startup_stm32f407xx.o(.text) refers to entry.o(.ARM.Collect$$$$00000000) for __main
    main.o(i.SystemClock_Config) refers to memseta.o(.text) for __aeabi_memclr4
    main.o(i.SystemClock_Config) refers to stm32f4xx_hal_rcc.o(i.HAL_RCC_OscConfig) for HAL_RCC_OscConfig
    main.o(i.SystemClock_Config) refers to stm32f4xx_hal_rcc.o(i.HAL_RCC_ClockConfig) for HAL_RCC_ClockConfig
    main.o(i.main) refers to stm32f4xx_hal.o(i.HAL_Init) for HAL_Init
    main.o(i.main) refers to main.o(i.SystemClock_Config) for SystemClock_Config
    main.o(i.main) refers to gpio.o(i.MX_GPIO_Init) for MX_GPIO_Init
    main.o(i.main) refers to can.o(i.MX_CAN1_Init) for MX_CAN1_Init
    main.o(i.main) refers to tim.o(i.MX_TIM2_Init) for MX_TIM2_Init
    main.o(i.main) refers to tim.o(i.MX_TIM4_Init) for MX_TIM4_Init
    main.o(i.main) refers to iwdg.o(i.MX_IWDG_Init) for MX_IWDG_Init
    main.o(i.main) refers to tim.o(i.MX_TIM3_Init) for MX_TIM3_Init
    main.o(i.main) refers to usart.o(i.MX_USART1_UART_Init) for MX_USART1_UART_Init
    main.o(i.main) refers to tim.o(i.MX_TIM5_Init) for MX_TIM5_Init
    main.o(i.main) refers to spi.o(i.MX_SPI3_Init) for MX_SPI3_Init
    main.o(i.main) refers to tim.o(i.MX_TIM7_Init) for MX_TIM7_Init
    main.o(i.main) refers to elaco_main.o(i.elaco_main) for elaco_main
    gpio.o(i.MX_GPIO_Init) refers to memseta.o(.text) for __aeabi_memclr4
    gpio.o(i.MX_GPIO_Init) refers to stm32f4xx_hal_gpio.o(i.HAL_GPIO_WritePin) for HAL_GPIO_WritePin
    gpio.o(i.MX_GPIO_Init) refers to stm32f4xx_hal_gpio.o(i.HAL_GPIO_Init) for HAL_GPIO_Init
    can.o(i.HAL_CAN_MspDeInit) refers to stm32f4xx_hal_gpio.o(i.HAL_GPIO_DeInit) for HAL_GPIO_DeInit
    can.o(i.HAL_CAN_MspDeInit) refers to stm32f4xx_hal_cortex.o(i.HAL_NVIC_DisableIRQ) for HAL_NVIC_DisableIRQ
    can.o(i.HAL_CAN_MspInit) refers to memseta.o(.text) for __aeabi_memclr4
    can.o(i.HAL_CAN_MspInit) refers to stm32f4xx_hal_gpio.o(i.HAL_GPIO_Init) for HAL_GPIO_Init
    can.o(i.HAL_CAN_MspInit) refers to stm32f4xx_hal_cortex.o(i.HAL_NVIC_SetPriority) for HAL_NVIC_SetPriority
    can.o(i.HAL_CAN_MspInit) refers to stm32f4xx_hal_cortex.o(i.HAL_NVIC_EnableIRQ) for HAL_NVIC_EnableIRQ
    can.o(i.MX_CAN1_Init) refers to stm32f4xx_hal_can.o(i.HAL_CAN_Init) for HAL_CAN_Init
    can.o(i.MX_CAN1_Init) refers to main.o(i.Error_Handler) for Error_Handler
    can.o(i.MX_CAN1_Init) refers to can.o(.bss) for .bss
    iwdg.o(i.MX_IWDG_Init) refers to stm32f4xx_hal_iwdg.o(i.HAL_IWDG_Init) for HAL_IWDG_Init
    iwdg.o(i.MX_IWDG_Init) refers to main.o(i.Error_Handler) for Error_Handler
    iwdg.o(i.MX_IWDG_Init) refers to iwdg.o(.bss) for .bss
    spi.o(i.HAL_SPI_MspDeInit) refers to stm32f4xx_hal_gpio.o(i.HAL_GPIO_DeInit) for HAL_GPIO_DeInit
    spi.o(i.HAL_SPI_MspInit) refers to memseta.o(.text) for __aeabi_memclr4
    spi.o(i.HAL_SPI_MspInit) refers to stm32f4xx_hal_gpio.o(i.HAL_GPIO_Init) for HAL_GPIO_Init
    spi.o(i.MX_SPI3_Init) refers to stm32f4xx_hal_spi.o(i.HAL_SPI_Init) for HAL_SPI_Init
    spi.o(i.MX_SPI3_Init) refers to main.o(i.Error_Handler) for Error_Handler
    spi.o(i.MX_SPI3_Init) refers to spi.o(.bss) for .bss
    tim.o(i.HAL_TIM_Base_MspDeInit) refers to stm32f4xx_hal_cortex.o(i.HAL_NVIC_DisableIRQ) for HAL_NVIC_DisableIRQ
    tim.o(i.HAL_TIM_Base_MspInit) refers to stm32f4xx_hal_cortex.o(i.HAL_NVIC_SetPriority) for HAL_NVIC_SetPriority
[...]
    ..\Drivers\STM32F4xx_HAL_Driver\Src\stm32f4xx_hal_dma.c 0x00000000   Number         0  stm32f4xx_hal_dma.o ABSOLUTE
    ..\Drivers\STM32F4xx_HAL_Driver\Src\stm32f4xx_hal_dma_ex.c 0x00000000   Number         0  stm32f4xx_hal_dma_ex.o ABSOLUTE
    ..\Drivers\STM32F4xx_HAL_Driver\Src\stm32f4xx_hal_exti.c 0x00000000   Number         0  stm32f4xx_hal_exti.o ABSOLUTE
    ..\Drivers\STM32F4xx_HAL_Driver\Src\stm32f4xx_hal_flash.c 0x00000000   Number         0  stm32f4xx_hal_flash.o ABSOLUTE
    ..\Drivers\STM32F4xx_HAL_Driver\Src\stm32f4xx_hal_flash_ex.c 0x00000000   Number         0  stm32f4xx_hal_flash_ex.o ABSOLUTE
    ..\Drivers\STM32F4xx_HAL_Driver\Src\stm32f4xx_hal_flash_ramfunc.c 0x00000000   Number         0  stm32f4xx_hal_flash_ramfunc.o ABSOLUTE
    ..\Drivers\STM32F4xx_HAL_Driver\Src\stm32f4xx_hal_gpio.c 0x00000000   Number         0  stm32f4xx_hal_gpio.o ABSOLUTE
    ..\Drivers\STM32F4xx_HAL_Driver\Src\stm32f4xx_hal_iwdg.c 0x00000000   Number         0  stm32f4xx_hal_iwdg.o ABSOLUTE
    ..\Drivers\STM32F4xx_HAL_Driver\Src\stm32f4xx_hal_pwr.c 0x00000000   Number         0  stm32f4xx_hal_pwr.o ABSOLUTE
    ..\Drivers\STM32F4xx_HAL_Driver\Src\stm32f4xx_hal_pwr_ex.c 0x00000000   Number         0  stm32f4xx_hal_pwr_ex.o ABSOLUTE
    ..\Drivers\STM32F4xx_HAL_Driver\Src\stm32f4xx_hal_rcc.c 0x00000000   Number         0  stm32f4xx_hal_rcc.o ABSOLUTE
    ..\Drivers\STM32F4xx_HAL_Driver\Src\stm32f4xx_hal_rcc_ex.c 0x00000000   Number         0  stm32f4xx_hal_rcc_ex.o ABSOLUTE
    ..\Drivers\STM32F4xx_HAL_Driver\Src\stm32f4xx_hal_spi.c 0x00000000   Number         0  stm32f4xx_hal_spi.o ABSOLUTE
    ..\Drivers\STM32F4xx_HAL_Driver\Src\stm32f4xx_hal_tim.c 0x00000000   Number         0  stm32f4xx_hal_tim.o ABSOLUTE
    ..\Drivers\STM32F4xx_HAL_Driver\Src\stm32f4xx_hal_tim_ex.c 0x00000000   Number         0  stm32f4xx_hal_tim_ex.o ABSOLUTE
    ..\Drivers\STM32F4xx_HAL_Driver\Src\stm32f4xx_hal_uart.c 0x00000000   Number         0  stm32f4xx_hal_uart.o ABSOLUTE
    ..\ELA_LIB\ela_button.c                  0x00000000   Number         0  ela_button.o ABSOLUTE
    ..\ELA_LIB\ela_can.c                     0x00000000   Number         0  ela_can.o ABSOLUTE
    ..\ELA_LIB\ela_eeprom.c                  0x00000000   Number         0  ela_eeprom.o ABSOLUTE
    ..\ELA_LIB\ela_queue.c                   0x00000000   Number         0  ela_queue.o ABSOLUTE
    ..\ELA_LIB\ela_timer.c                   0x00000000   Number         0  ela_timer.o ABSOLUTE
    ..\ELA_LIB\ela_tmc5160.c                 0x00000000   Number         0  ela_tmc5160.o ABSOLUTE
    ..\ELA_LIB\ela_uart.c                    0x00000000   Number         0  ela_uart.o ABSOLUTE
    ..\ELA_LIB\elaco_main.c                  0x00000000   Number         0  elaco_main.o ABSOLUTE
    ..\FreeModbus\modbus\mb.c                0x00000000   Number         0  mb.o ABSOLUTE
    ..\FreeModbus\modbus\mbascii.c           0x00000000   Number         0  mbascii.o ABSOLUTE
    ..\FreeModbus\modbus\mbcrc.c             0x00000000   Number         0  mbcrc.o ABSOLUTE
    ..\FreeModbus\modbus\mbfunccoils.c       0x00000000   Number         0  mbfunccoils.o ABSOLUTE
    ..\FreeModbus\modbus\mbfuncdiag.c        0x00000000   Number         0  mbfuncdiag.o ABSOLUTE
    ..\FreeModbus\modbus\mbfuncdisc.c        0x00000000   Number         0  mbfuncdisc.o ABSOLUTE
    ..\FreeModbus\modbus\mbfuncholding.c     0x00000000   Number         0  mbfuncholding.o ABSOLUTE
    ..\FreeModbus\modbus\mbfuncinput.c       0x00000000   Number         0  mbfuncinput.o ABSOLUTE
    ..\FreeModbus\modbus\mbfuncother.c       0x00000000   Number         0  mbfuncother.o ABSOLUTE
    ..\FreeModbus\modbus\mbrtu.c             0x00000000   Number         0  mbrtu.o ABSOLUTE
    ..\FreeModbus\modbus\mbtcp.c             0x00000000   Number         0  mbtcp.o ABSOLUTE
    ..\FreeModbus\modbus\mbutils.c           0x00000000   Number         0  mbutils.o ABSOLUTE
    ..\FreeModbus\modbus\port.c              0x00000000   Number         0  port.o ABSOLUTE
    ..\FreeModbus\modbus\portevent.c         0x00000000   Number         0  portevent.o ABSOLUTE
    ..\FreeModbus\modbus\portserial.c        0x00000000   Number         0  portserial.o ABSOLUTE
    ..\FreeModbus\modbus\porttimer.c         0x00000000   Number         0  porttimer.o ABSOLUTE
    ..\\ELA_LIB\\ela_button.c                0x00000000   Number         0  ela_button.o ABSOLUTE
    ..\\ELA_LIB\\ela_can.c                   0x00000000   Number         0  ela_can.o ABSOLUTE
    ..\\ELA_LIB\\ela_eeprom.c                0x00000000   Number         0  ela_eeprom.o ABSOLUTE
    ..\\ELA_LIB\\ela_timer.c                 0x00000000   Number         0  ela_timer.o ABSOLUTE
    ..\\ELA_LIB\\ela_tmc5160.c               0x00000000   Number         0  ela_tmc5160.o ABSOLUTE
    ..\\ELA_LIB\\ela_uart.c                  0x00000000   Number         0  ela_uart.o ABSOLUTE
    ..\\ELA_LIB\\elaco_main.c                0x00000000   Number         0  elaco_main.o ABSOLUTE
    ..\\FreeModbus\\modbus\\portserial.c     0x00000000   Number         0  portserial.o ABSOLUTE
    ..\\FreeModbus\\modbus\\porttimer.c      0x00000000   Number         0  porttimer.o ABSOLUTE
    dc.s                                     0x00000000   Number         0  dc.o ABSOLUTE
    handlers.s                               0x00000000   Number         0  handlers.o ABSOLUTE
    init.s                                   0x00000000   Number         0  init.o ABSOLUTE
    startup_stm32f407xx.s                    0x00000000   Number         0  startup_stm32f407xx.o ABSOLUTE
    RESET                                    0x08000000   Section      392  startup_stm32f407xx.o(RESET)
    .ARM.Collect$$$$00000000                 0x08000188   Section        0  entry.o(.ARM.Collect$$$$00000000)
    .ARM.Collect$$$$00000001                 0x08000188   Section        4  entry2.o(.ARM.Collect$$$$00000001)
    .ARM.Collect$$$$00000004                 0x0800018c   Section        4  entry5.o(.ARM.Collect$$$$00000004)
    .ARM.Collect$$$$00000008                 0x08000190   Section        0  entry7b.o(.ARM.Collect$$$$00000008)
    .ARM.Collect$$$$0000000A                 0x08000190   Section        0  entry8b.o(.ARM.Collect$$$$0000000A)
    .ARM.Collect$$$$0000000B                 0x08000190   Section        8  entry9a.o(.ARM.Collect$$$$0000000B)
    .ARM.Collect$$$$0000000E                 0x08000198   Section        4  entry12b.o(.ARM.Collect$$$$0000000E)
    .ARM.Collect$$$$0000000F                 0x0800019c   Section        0  entry10a.o(.ARM.Collect$$$$0000000F)
    .ARM.Collect$$$$00000011                 0x0800019c   Section        0  entry11a.o(.ARM.Collect$$$$00000011)
    .ARM.Collect$$$$00002712                 0x0800019c   Section        4  entry2.o(.ARM.Collect$$$$00002712)
    __lit__00000000                          0x0800019c   Data           4  entry2.o(.ARM.Collect$$$$00002712)
    .text                                    0x080001a0   Section       36  startup_stm32f407xx.o(.text)
    $v0                                      0x080001a0   Number         0  startup_stm32f407xx.o(.text)
    .text                                    0x080001c4   Section        0  uldiv.o(.text)
    .text                                    0x08000226   Section        0  memcpya.o(.text)
    .text                                    0x0800024a   Section        0  memseta.o(.text)
    .text                                    0x0800026e   Section        0  llshl.o(.text)
    .text                                    0x0800028c   Section        0  llushr.o(.text)
    .text                                    0x080002ac   Section       36  init.o(.text)
    i.BusFault_Handler                       0x080002d0   Section        0  stm32f4xx_it.o(i.BusFault_Handler)
    i.Button_Handler                         0x080002d2   Section        0  ela_button.o(i.Button_Handler)
    Button_Handler                           0x080002d3   Thumb Code   482  ela_button.o(i.Button_Handler)
    i.Button_Init                            0x080004b4   Section        0  ela_button.o(i.Button_Init)
    i.Button_LongPressHandler                0x08000518   Section        0  ela_button.o(i.Button_LongPressHandler)
    Button_LongPressHandler                  0x08000519   Thumb Code     8  ela_button.o(i.Button_LongPressHandler)
    i.Button_PressHandler                    0x08000520   Section        0  ela_button.o(i.Button_PressHandler)
    Button_PressHandler                      0x08000521   Thumb Code    14  ela_button.o(i.Button_PressHandler)
    i.Button_ReadPinLevel                    0x08000530   Section        0  ela_button.o(i.Button_ReadPinLevel)
    Button_ReadPinLevel                      0x08000531   Thumb Code    16  ela_button.o(i.Button_ReadPinLevel)
    i.Button_ScanProc                        0x08000544   Section        0  ela_button.o(i.Button_ScanProc)
    i.CAN1_RX0_IRQHandler                    0x08000560   Section        0  stm32f4xx_it.o(i.CAN1_RX0_IRQHandler)
    i.Can_Init                               0x0800056c   Section        0  ela_can.o(i.Can_Init)
    i.Can_SendMessageExt                     0x080005d4   Section        0  ela_can.o(i.Can_SendMessageExt)
    i.DebugMon_Handler                       0x08000604   Section        0  stm32f4xx_it.o(i.DebugMon_Handler)
    i.Error_Handler                          0x08000606   Section        0  main.o(i.Error_Handler)
    i.HAL_CAN_ActivateNotification           0x0800060a   Section        0  stm32f4xx_hal_can.o(i.HAL_CAN_ActivateNotification)
    i.HAL_CAN_AddTxMessage                   0x0800062e   Section        0  stm32f4xx_hal_can.o(i.HAL_CAN_AddTxMessage)
    i.HAL_CAN_ConfigFilter                   0x08000700   Section        0  stm32f4xx_hal_can.o(i.HAL_CAN_ConfigFilter)
    i.HAL_CAN_ErrorCallback                  0x0800080c   Section        0  stm32f4xx_hal_can.o(i.HAL_CAN_ErrorCallback)
    i.HAL_CAN_GetRxMessage                   0x0800080e   Section        0  stm32f4xx_hal_can.o(i.HAL_CAN_GetRxMessage)
    i.HAL_CAN_IRQHandler                     0x08000902   Section        0  stm32f4xx_hal_can.o(i.HAL_CAN_IRQHandler)
    i.HAL_CAN_Init                           0x08000afe   Section        0  stm32f4xx_hal_can.o(i.HAL_CAN_Init)
    i.HAL_CAN_MspInit                        0x08000c18   Section        0  can.o(i.HAL_CAN_MspInit)
    i.HAL_CAN_RxFifo0FullCallback            0x08000c94   Section        0  stm32f4xx_hal_can.o(i.HAL_CAN_RxFifo0FullCallback)
    i.HAL_CAN_RxFifo0MsgPendingCallback      0x08000c98   Section        0  elaco_main.o(i.HAL_CAN_RxFifo0MsgPendingCallback)
    i.HAL_CAN_RxFifo1FullCallback            0x08000cbc   Section        0  stm32f4xx_hal_can.o(i.HAL_CAN_RxFifo1FullCallback)
    i.HAL_CAN_RxFifo1MsgPendingCallback      0x08000cbe   Section        0  stm32f4xx_hal_can.o(i.HAL_CAN_RxFifo1MsgPendingCallback)
    i.HAL_CAN_SleepCallback                  0x08000cc0   Section        0  stm32f4xx_hal_can.o(i.HAL_CAN_SleepCallback)
    i.HAL_CAN_Start                          0x08000cc4   Section        0  stm32f4xx_hal_can.o(i.HAL_CAN_Start)
    i.HAL_CAN_TxMailbox0AbortCallback        0x08000d1c   Section        0  stm32f4xx_hal_can.o(i.HAL_CAN_TxMailbox0AbortCallback)
    i.HAL_CAN_TxMailbox0CompleteCallback     0x08000d1e   Section        0  stm32f4xx_hal_can.o(i.HAL_CAN_TxMailbox0CompleteCallback)
    i.HAL_CAN_TxMailbox1AbortCallback        0x08000d20   Section        0  stm32f4xx_hal_can.o(i.HAL_CAN_TxMailbox1AbortCallback)
    i.HAL_CAN_TxMailbox1CompleteCallback     0x08000d22   Section        0  stm32f4xx_hal_can.o(i.HAL_CAN_TxMailbox1CompleteCallback)
    i.HAL_CAN_TxMailbox2AbortCallback        0x08000d24   Section        0  stm32f4xx_hal_can.o(i.HAL_CAN_TxMailbox2AbortCallback)
    i.HAL_CAN_TxMailbox2CompleteCallback     0x08000d26   Section        0  stm32f4xx_hal_can.o(i.HAL_CAN_TxMailbox2CompleteCallback)
    i.HAL_CAN_WakeUpFromRxMsgCallback        0x08000d28   Section        0  stm32f4xx_hal_can.o(i.HAL_CAN_WakeUpFromRxMsgCallback)
    i.HAL_GPIO_Init                          0x08000d2c   Section        0  stm32f4xx_hal_gpio.o(i.HAL_GPIO_Init)
    i.HAL_GPIO_ReadPin                       0x08000f1c   Section        0  stm32f4xx_hal_gpio.o(i.HAL_GPIO_ReadPin)
    i.HAL_GPIO_WritePin                      0x08000f26   Section        0  stm32f4xx_hal_gpio.o(i.HAL_GPIO_WritePin)
    i.HAL_GetTick                            0x08000f30   Section        0  stm32f4xx_hal.o(i.HAL_GetTick)
    i.HAL_IWDG_Init                          0x08000f3c   Section        0  stm32f4xx_hal_iwdg.o(i.HAL_IWDG_Init)
    i.HAL_IWDG_Refresh                       0x08000f9a   Section        0  stm32f4xx_hal_iwdg.o(i.HAL_IWDG_Refresh)
    i.HAL_IncTick                            0x08000fa8   Section        0  stm32f4xx_hal.o(i.HAL_IncTick)
    i.HAL_Init                               0x08000fb8   Section        0  stm32f4xx_hal.o(i.HAL_Init)
    i.HAL_InitTick                           0x08000fec   Section        0  stm32f4xx_hal.o(i.HAL_InitTick)
    i.HAL_MspInit                            0x0800102c   Section        0  stm32f4xx_hal_msp.o(i.HAL_MspInit)
    i.HAL_NVIC_EnableIRQ                     0x0800105c   Section        0  stm32f4xx_hal_cortex.o(i.HAL_NVIC_EnableIRQ)
    i.HAL_NVIC_SetPriority                   0x08001078   Section        0  stm32f4xx_hal_cortex.o(i.HAL_NVIC_SetPriority)
    i.HAL_NVIC_SetPriorityGrouping           0x080010b8   Section        0  stm32f4xx_hal_cortex.o(i.HAL_NVIC_SetPriorityGrouping)
    i.HAL_RCC_ClockConfig                    0x080010dc   Section        0  stm32f4xx_hal_rcc.o(i.HAL_RCC_ClockConfig)
    i.HAL_RCC_GetPCLK1Freq                   0x08001210   Section        0  stm32f4xx_hal_rcc.o(i.HAL_RCC_GetPCLK1Freq)
    i.HAL_RCC_GetPCLK2Freq                   0x08001230   Section        0  stm32f4xx_hal_rcc.o(i.HAL_RCC_GetPCLK2Freq)
    i.HAL_RCC_GetSysClockFreq                0x08001250   Section        0  stm32f4xx_hal_rcc.o(i.HAL_RCC_GetSysClockFreq)
    i.HAL_RCC_OscConfig                      0x080012b0   Section        0  stm32f4xx_hal_rcc.o(i.HAL_RCC_OscConfig)
    i.HAL_SPI_Init                           0x0800161c   Section        0  stm32f4xx_hal_spi.o(i.HAL_SPI_Init)
    i.HAL_SPI_MspInit                        0x080016d8   Section        0  spi.o(i.HAL_SPI_MspInit)
    i.HAL_SYSTICK_Config                     0x08001744   Section        0  stm32f4xx_hal_cortex.o(i.HAL_SYSTICK_Config)
    i.HAL_TIMEx_BreakCallback                0x0800176c   Section        0  stm32f4xx_hal_tim_ex.o(i.HAL_TIMEx_BreakCallback)
    i.HAL_TIMEx_CommutCallback               0x0800176e   Section        0  stm32f4xx_hal_tim_ex.o(i.HAL_TIMEx_CommutCallback)
    i.HAL_TIMEx_MasterConfigSynchronization  0x08001770   Section        0  stm32f4xx_hal_tim_ex.o(i.HAL_TIMEx_MasterConfigSynchronization)
    i.HAL_TIM_Base_Init                      0x08001800   Section        0  stm32f4xx_hal_tim.o(i.HAL_TIM_Base_Init)
    i.HAL_TIM_Base_MspInit                   0x0800185c   Section        0  tim.o(i.HAL_TIM_Base_MspInit)
    i.HAL_TIM_Base_Start_IT                  0x08001908   Section        0  stm32f4xx_hal_tim.o(i.HAL_TIM_Base_Start_IT)
    i.HAL_TIM_ConfigClockSource              0x08001988   Section        0  stm32f4xx_hal_tim.o(i.HAL_TIM_ConfigClockSource)
    i.HAL_TIM_IC_CaptureCallback             0x08001a64   Section        0  stm32f4xx_hal_tim.o(i.HAL_TIM_IC_CaptureCallback)
    i.HAL_TIM_IRQHandler                     0x08001a66   Section        0  stm32f4xx_hal_tim.o(i.HAL_TIM_IRQHandler)
    i.HAL_TIM_MspPostInit                    0x08001b98   Section        0  tim.o(i.HAL_TIM_MspPostInit)
    i.HAL_TIM_OC_DelayElapsedCallback        0x08001c40   Section        0  stm32f4xx_hal_tim.o(i.HAL_TIM_OC_DelayElapsedCallback)
    i.HAL_TIM_OnePulse_Init                  0x08001c42   Section        0  stm32f4xx_hal_tim.o(i.HAL_TIM_OnePulse_Init)
    i.HAL_TIM_OnePulse_MspInit               0x08001c98   Section        0  stm32f4xx_hal_tim.o(i.HAL_TIM_OnePulse_MspInit)
    i.HAL_TIM_PWM_ConfigChannel              0x08001c9a   Section        0  stm32f4xx_hal_tim.o(i.HAL_TIM_PWM_ConfigChannel)
    i.HAL_TIM_PWM_Init                       0x08001d66   Section        0  stm32f4xx_hal_tim.o(i.HAL_TIM_PWM_Init)
    i.HAL_TIM_PWM_MspInit                    0x08001dc0   Section        0  stm32f4xx_hal_tim.o(i.HAL_TIM_PWM_MspInit)
    i.HAL_TIM_PWM_PulseFinishedCallback      0x08001dc2   Section        0  stm32f4xx_hal_tim.o(i.HAL_TIM_PWM_PulseFinishedCallback)
    i.HAL_TIM_PWM_Start                      0x08001dc4   Section        0  stm32f4xx_hal_tim.o(i.HAL_TIM_PWM_Start)
    i.HAL_TIM_PeriodElapsedCallback          0x08001e8c   Section        0  elaco_main.o(i.HAL_TIM_PeriodElapsedCallback)
    i.HAL_TIM_TriggerCallback                0x08001ea0   Section        0  stm32f4xx_hal_tim.o(i.HAL_TIM_TriggerCallback)
    i.HAL_UART_Init                          0x08001ea2   Section        0  stm32f4xx_hal_uart.o(i.HAL_UART_Init)
    i.HAL_UART_MspInit                       0x08001f08   Section        0  usart.o(i.HAL_UART_MspInit)
    i.HardFault_Handler                      0x08001f84   Section        0  stm32f4xx_it.o(i.HardFault_Handler)
    i.MX_CAN1_Init                           0x08001f88   Section        0  can.o(i.MX_CAN1_Init)
    i.MX_GPIO_Init                           0x08001fd4   Section        0  gpio.o(i.MX_GPIO_Init)
    i.MX_IWDG_Init                           0x08002174   Section        0  iwdg.o(i.MX_IWDG_Init)
    i.MX_SPI3_Init                           0x080021a0   Section        0  spi.o(i.MX_SPI3_Init)
    i.MX_TIM2_Init                           0x080021e8   Section        0  tim.o(i.MX_TIM2_Init)
    i.MX_TIM3_Init                           0x08002290   Section        0  tim.o(i.MX_TIM3_Init)
    i.MX_TIM4_Init                           0x08002338   Section        0  tim.o(i.MX_TIM4_Init)
    i.MX_TIM5_Init                           0x080023d4   Section        0  tim.o(i.MX_TIM5_Init)
    i.MX_TIM7_Init                           0x0800243c   Section        0  tim.o(i.MX_TIM7_Init)
    i.MX_USART1_UART_Init                    0x08002480   Section        0  usart.o(i.MX_USART1_UART_Init)
    i.MemManage_Handler                      0x080024b8   Section        0  stm32f4xx_it.o(i.MemManage_Handler)
    i.NMI_Handler                            0x080024ba   Section        0  stm32f4xx_it.o(i.NMI_Handler)
    i.OnLongPress                            0x080024bc   Section        0  elaco_main.o(i.OnLongPress)
    i.OnPress                                0x080024be   Section        0  elaco_main.o(i.OnPress)
    i.PendSV_Handler                         0x080024c0   Section        0  stm32f4xx_it.o(i.PendSV_Handler)
    i.SVC_Handler                            0x080024c2   Section        0  stm32f4xx_it.o(i.SVC_Handler)
    i.SysTick_Handler                        0x080024c4   Section        0  stm32f4xx_it.o(i.SysTick_Handler)
    i.SystemClock_Config                     0x080024c8   Section        0  main.o(i.SystemClock_Config)
    i.SystemInit                             0x0800255c   Section        0  system_stm32f4xx.o(i.SystemInit)
    i.TIM5_IRQHandler                        0x0800256c   Section        0  stm32f4xx_it.o(i.TIM5_IRQHandler)
    i.TIM7_IRQHandler                        0x08002578   Section        0  porttimer.o(i.TIM7_IRQHandler)
    i.TIM_Base_SetConfig                     0x08002598   Section        0  stm32f4xx_hal_tim.o(i.TIM_Base_SetConfig)
    i.TIM_CCxChannelCmd                      0x08002668   Section        0  stm32f4xx_hal_tim.o(i.TIM_CCxChannelCmd)
    i.TIM_ETR_SetConfig                      0x08002682   Section        0  stm32f4xx_hal_tim.o(i.TIM_ETR_SetConfig)
    i.TIM_ITRx_SetConfig                     0x08002696   Section        0  stm32f4xx_hal_tim.o(i.TIM_ITRx_SetConfig)
    TIM_ITRx_SetConfig                       0x08002697   Thumb Code    16  stm32f4xx_hal_tim.o(i.TIM_ITRx_SetConfig)
    i.TIM_OC1_SetConfig                      0x080026a8   Section        0  stm32f4xx_hal_tim.o(i.TIM_OC1_SetConfig)
    TIM_OC1_SetConfig                        0x080026a9   Thumb Code    88  stm32f4xx_hal_tim.o(i.TIM_OC1_SetConfig)
    i.TIM_OC2_SetConfig                      0x08002708   Section        0  stm32f4xx_hal_tim.o(i.TIM_OC2_SetConfig)
    i.TIM_OC3_SetConfig                      0x08002774   Section        0  stm32f4xx_hal_tim.o(i.TIM_OC3_SetConfig)
    TIM_OC3_SetConfig                        0x08002775   Thumb Code    96  stm32f4xx_hal_tim.o(i.TIM_OC3_SetConfig)
    i.TIM_OC4_SetConfig                      0x080027dc   Section        0  stm32f4xx_hal_tim.o(i.TIM_OC4_SetConfig)
    TIM_OC4_SetConfig                        0x080027dd   Thumb Code    70  stm32f4xx_hal_tim.o(i.TIM_OC4_SetConfig)
    i.TIM_TI1_ConfigInputStage               0x0800282c   Section        0  stm32f4xx_hal_tim.o(i.TIM_TI1_ConfigInputStage)
    TIM_TI1_ConfigInputStage                 0x0800282d   Thumb Code    34  stm32f4xx_hal_tim.o(i.TIM_TI1_ConfigInputStage)
    i.TIM_TI2_ConfigInputStage               0x0800284e   Section        0  stm32f4xx_hal_tim.o(i.TIM_TI2_ConfigInputStage)
    TIM_TI2_ConfigInputStage                 0x0800284f   Thumb Code    36  stm32f4xx_hal_tim.o(i.TIM_TI2_ConfigInputStage)
    i.Timer_Init                             0x08002874   Section        0  ela_timer.o(i.Timer_Init)
    i.UART_SetConfig                         0x08002898   Section        0  stm32f4xx_hal_uart.o(i.UART_SetConfig)
    UART_SetConfig                           0x08002899   Thumb Code   258  stm32f4xx_hal_uart.o(i.UART_SetConfig)
    i.UsageFault_Handler                     0x080029a4   Section        0  stm32f4xx_it.o(i.UsageFault_Handler)
    i.__NVIC_SetPriority                     0x080029a6   Section        0  stm32f4xx_hal_cortex.o(i.__NVIC_SetPriority)
    __NVIC_SetPriority                       0x080029a7   Thumb Code    32  stm32f4xx_hal_cortex.o(i.__NVIC_SetPriority)
    i.__scatterload_copy                     0x080029c6   Section       14  handlers.o(i.__scatterload_copy)
    i.__scatterload_null                     0x080029d4   Section        2  handlers.o(i.__scatterload_null)
    i.__scatterload_zeroinit                 0x080029d6   Section       14  handlers.o(i.__scatterload_zeroinit)
    i.eMBASCIIInit                           0x080029e4   Section        0  mbascii.o(i.eMBASCIIInit)
    i.eMBASCIIReceive                        0x08002a14   Section        0  mbascii.o(i.eMBASCIIReceive)
    i.eMBASCIISend                           0x08002a5c   Section        0  mbascii.o(i.eMBASCIISend)
    i.eMBASCIIStart                          0x08002aa4   Section        0  mbascii.o(i.eMBASCIIStart)
    i.eMBASCIIStop                           0x08002ac0   Section        0  mbascii.o(i.eMBASCIIStop)
    i.eMBEnable                              0x08002ad4   Section        0  mb.o(i.eMBEnable)
    i.eMBFuncReadCoils                       0x08002af4   Section        0  mbfunccoils.o(i.eMBFuncReadCoils)
    i.eMBFuncReadDiscreteInputs              0x08002b66   Section        0  mbfuncdisc.o(i.eMBFuncReadDiscreteInputs)
    i.eMBFuncReadHoldingRegister             0x08002bd8   Section        0  mbfuncholding.o(i.eMBFuncReadHoldingRegister)
    i.eMBFuncReadInputRegister               0x08002c36   Section        0  mbfuncinput.o(i.eMBFuncReadInputRegister)
    i.eMBFuncReadWriteMultipleHoldingRegister 0x08002c98   Section        0  mbfuncholding.o(i.eMBFuncReadWriteMultipleHoldingRegister)
    i.eMBFuncReportSlaveID                   0x08002d34   Section        0  mbfuncother.o(i.eMBFuncReportSlaveID)
    i.eMBFuncWriteCoil                       0x08002d58   Section        0  mbfunccoils.o(i.eMBFuncWriteCoil)
    i.eMBFuncWriteHoldingRegister            0x08002dae   Section        0  mbfuncholding.o(i.eMBFuncWriteHoldingRegister)
    i.eMBFuncWriteMultipleCoils              0x08002de0   Section        0  mbfunccoils.o(i.eMBFuncWriteMultipleCoils)
    i.eMBFuncWriteMultipleHoldingRegister    0x08002e44   Section        0  mbfuncholding.o(i.eMBFuncWriteMultipleHoldingRegister)
    i.eMBInit                                0x08002e94   Section        0  mb.o(i.eMBInit)
    i.eMBPoll                                0x08002f5c   Section        0  mb.o(i.eMBPoll)
    i.eMBRTUInit                             0x08003010   Section        0  mbrtu.o(i.eMBRTUInit)
    i.eMBRTUReceive                          0x0800304c   Section        0  mbrtu.o(i.eMBRTUReceive)
    i.eMBRTUSend                             0x0800309c   Section        0  mbrtu.o(i.eMBRTUSend)
    i.eMBRTUStart                            0x080030f4   Section        0  mbrtu.o(i.eMBRTUStart)
    i.eMBRTUStop                             0x08003110   Section        0  mbrtu.o(i.eMBRTUStop)
    i.eMBRegCoilsCB                          0x08003124   Section        0  port.o(i.eMBRegCoilsCB)
    i.eMBRegDiscreteCB                       0x080031c0   Section        0  port.o(i.eMBRegDiscreteCB)
    i.eMBRegHoldingCB                        0x08003240   Section        0  port.o(i.eMBRegHoldingCB)
    i.eMBRegInputCB                          0x08003298   Section        0  port.o(i.eMBRegInputCB)
    i.elaco_main                             0x080032e8   Section        0  elaco_main.o(i.elaco_main)
    i.main                                   0x0800331c   Section        0  main.o(i.main)
    i.prveMBError2Exception                  0x08003352   Section        0  mbutils.o(i.prveMBError2Exception)
    i.prvucMBBIN2CHAR                        0x0800336a   Section        0  mbascii.o(i.prvucMBBIN2CHAR)
    prvucMBBIN2CHAR                          0x0800336b   Thumb Code    28  mbascii.o(i.prvucMBBIN2CHAR)
    i.prvucMBLRC                             0x08003386   Section        0  mbascii.o(i.prvucMBLRC)
    prvucMBLRC                               0x08003387   Thumb Code    24  mbascii.o(i.prvucMBLRC)
    i.usMBCRC16                              0x080033a0   Section        0  mbcrc.o(i.usMBCRC16)
    i.vMBPortSerialEnable                    0x080033cc   Section        0  portserial.o(i.vMBPortSerialEnable)
    i.vMBPortTimersDisable                   0x080033fc   Section        0  porttimer.o(i.vMBPortTimersDisable)
    i.vMBPortTimersEnable                    0x08003420   Section        0  porttimer.o(i.vMBPortTimersEnable)
    i.xMBASCIIReceiveFSM                     0x08003438   Section        0  mbascii.o(i.xMBASCIIReceiveFSM)
    i.xMBASCIITimerT1SExpired                0x0800351c   Section        0  mbascii.o(i.xMBASCIITimerT1SExpired)
    i.xMBASCIITransmitFSM                    0x0800354c   Section        0  mbascii.o(i.xMBASCIITransmitFSM)
    i.xMBPortEventGet                        0x080035f8   Section        0  portevent.o(i.xMBPortEventGet)
    i.xMBPortEventInit                       0x08003614   Section        0  portevent.o(i.xMBPortEventInit)
    i.xMBPortEventPost                       0x08003624   Section        0  portevent.o(i.xMBPortEventPost)
    i.xMBPortSerialGetByte                   0x08003634   Section        0  portserial.o(i.xMBPortSerialGetByte)
    i.xMBPortSerialInit                      0x08003644   Section        0  portserial.o(i.xMBPortSerialInit)
    i.xMBPortSerialPutByte                   0x08003694   Section        0  portserial.o(i.xMBPortSerialPutByte)
    i.xMBPortTimersInit                      0x080036a0   Section        0  porttimer.o(i.xMBPortTimersInit)
    i.xMBRTUReceiveFSM                       0x08003714   Section        0  mbrtu.o(i.xMBRTUReceiveFSM)
    i.xMBRTUTimerT35Expired                  0x0800377c   Section        0  mbrtu.o(i.xMBRTUTimerT35Expired)
    i.xMBRTUTransmitFSM                      0x080037bc   Section        0  mbrtu.o(i.xMBRTUTransmitFSM)
    .constdata                               0x08003818   Section       16  system_stm32f4xx.o(.constdata)
    .constdata                               0x08003828   Section        8  system_stm32f4xx.o(.constdata)
    .constdata                               0x08003830   Section      512  mbcrc.o(.constdata)
    aucCRCHi                                 0x08003830   Data         256  mbcrc.o(.constdata)
    aucCRCLo                                 0x08003930   Data         256  mbcrc.o(.constdata)
    .data                                    0x20000000   Section       12  stm32f4xx_hal.o(.data)
    .data                                    0x2000000c   Section        4  system_stm32f4xx.o(.data)
    .data                                    0x20000010   Section        8  ela_button.o(.data)
    led_state                                0x20000010   Data           1  ela_button.o(.data)
    head_handle                              0x20000014   Data           4  ela_button.o(.data)
    .data                                    0x20000018   Section      172  mb.o(.data)
    eMBState                                 0x20000018   Data           1  mb.o(.data)
    ucRcvAddress                             0x20000019   Data           1  mb.o(.data)
    ucFunctionCode                           0x2000001a   Data           1  mb.o(.data)
    eException                               0x2000001b   Data           1  mb.o(.data)
    ucMBAddress                              0x2000001c   Data           1  mb.o(.data)
    eMBCurrentMode                           0x2000001d   Data           1  mb.o(.data)
    usLength                                 0x2000001e   Data           2  mb.o(.data)
    ucMBFrame                                0x20000020   Data           4  mb.o(.data)
    peMBFrameSendCur                         0x20000024   Data           4  mb.o(.data)
    pvMBFrameStartCur                        0x20000028   Data           4  mb.o(.data)
    pvMBFrameStopCur                         0x2000002c   Data           4  mb.o(.data)
    peMBFrameReceiveCur                      0x20000030   Data           4  mb.o(.data)
    pvMBFrameCloseCur                        0x20000034   Data           4  mb.o(.data)
    xFuncHandlers                            0x20000044   Data         128  mb.o(.data)
    .data                                    0x200000c4   Section       16  mbascii.o(.data)
    eSndState                                0x200000c4   Data           1  mbascii.o(.data)
    eRcvState                                0x200000c5   Data           1  mbascii.o(.data)
    eBytePos                                 0x200000c6   Data           1  mbascii.o(.data)
    ucMBLFCharacter                          0x200000c7   Data           1  mbascii.o(.data)
    usRcvBufferPos                           0x200000c8   Data           2  mbascii.o(.data)
    usSndBufferCount                         0x200000ca   Data           2  mbascii.o(.data)
    ucASCIIBuf                               0x200000cc   Data           4  mbascii.o(.data)
    pucSndBufferCur                          0x200000d0   Data           4  mbascii.o(.data)
    .data                                    0x200000d4   Section        2  mbfuncother.o(.data)
    usMBSlaveIDLen                           0x200000d4   Data           2  mbfuncother.o(.data)
    .data                                    0x200000d8   Section       12  mbrtu.o(.data)
    eSndState                                0x200000d8   Data           1  mbrtu.o(.data)
    eRcvState                                0x200000d9   Data           1  mbrtu.o(.data)
    usSndBufferCount                         0x200000da   Data           2  mbrtu.o(.data)
    usRcvBufferPos                           0x200000dc   Data           2  mbrtu.o(.data)
    pucSndBufferCur                          0x200000e0   Data           4  mbrtu.o(.data)
    .data                                    0x200000e4   Section       20  port.o(.data)
    .data                                    0x200000f8   Section        2  portevent.o(.data)
    eQueuedEvent                             0x200000f8   Data           1  portevent.o(.data)
    xEventInQueue                            0x200000f9   Data           1  portevent.o(.data)
    .bss                                     0x200000fc   Section       40  can.o(.bss)
    .bss                                     0x20000124   Section       12  iwdg.o(.bss)
    .bss                                     0x20000130   Section       88  spi.o(.bss)
    .bss                                     0x20000188   Section      360  tim.o(.bss)
    .bss                                     0x200002f0   Section       72  usart.o(.bss)
    .bss                                     0x20000338   Section       96  ela_button.o(.bss)
    btn_handle                               0x20000338   Data          96  ela_button.o(.bss)
    .bss                                     0x20000398   Section       32  mbfuncother.o(.bss)
    ucMBSlaveID                              0x20000398   Data          32  mbfuncother.o(.bss)
    .bss                                     0x200003b8   Section      256  mbrtu.o(.bss)
    .bss                                     0x200004b8   Section       40  port.o(.bss)
    STACK                                    0x200004e0   Section     1024  startup_stm32f407xx.o(STACK)

    Global Symbols

    Symbol Name                              Value     Ov Type        Size  Object(Section)

    BuildAttributes$$THM_ISAv4$E$P$D$K$B$S$7EM$VFPi3$EXTD16$VFPS$VFMA$PE$A:L22UL41UL21$X:L11$S22US41US21$IEEE1$IW$USESV6$~STKCKD$USESV7$~SHL$OSPACE$EBA8$MICROLIB$REQ8$PRES8$EABIv2 0x00000000   Number         0  anon$$obj.o ABSOLUTE
    __ARM_use_no_argv                        0x00000000   Number         0  main.o ABSOLUTE
    __arm_fini_                               - Undefined Weak Reference
    __cpp_initialize__aeabi_                  - Undefined Weak Reference
    __cxa_finalize                            - Undefined Weak Reference
    __decompress                              - Undefined Weak Reference
    _clock_init                               - Undefined Weak Reference
    _microlib_exit                            - Undefined Weak Reference
    __Vectors_Size                           0x00000188   Number         0  startup_stm32f407xx.o ABSOLUTE
    __Vectors                                0x08000000   Data           4  startup_stm32f407xx.o(RESET)
    __Vectors_End                            0x08000188   Data           0  startup_stm32f407xx.o(RESET)
    __main                                   0x08000189   Thumb Code     0  entry.o(.ARM.Collect$$$$00000000)
    _main_stk                                0x08000189   Thumb Code     0  entry2.o(.ARM.Collect$$$$00000001)
    _main_scatterload                        0x0800018d   Thumb Code     0  entry5.o(.ARM.Collect$$$$00000004)
    __main_after_scatterload                 0x08000191   Thumb Code     0  entry5.o(.ARM.Collect$$$$00000004)
    _main_clock                              0x08000191   Thumb Code     0  entry7b.o(.ARM.Collect$$$$00000008)
    _main_cpp_init                           0x08000191   Thumb Code     0  entry8b.o(.ARM.Collect$$$$0000000A)
    _main_init                               0x08000191   Thumb Code     0  entry9a.o(.ARM.Collect$$$$0000000B)
    __rt_lib_shutdown_fini                   0x08000199   Thumb Code     0  entry12b.o(.ARM.Collect$$$$0000000E)
    __rt_final_cpp                           0x0800019d   Thumb Code     0  entry10a.o(.ARM.Collect$$$$0000000F)
    __rt_final_exit                          0x0800019d   Thumb Code     0  entry11a.o(.ARM.Collect$$$$00000011)
    Reset_Handler                            0x080001a1   Thumb Code     8  startup_stm32f407xx.o(.text)
    ADC_IRQHandler                           0x080001bb   Thumb Code     0  startup_stm32f407xx.o(.text)
    CAN1_RX1_IRQHandler                      0x080001bb   Thumb Code     0  startup_stm32f407xx.o(.text)
    CAN1_SCE_IRQHandler                      0x080001bb   Thumb Code     0  startup_stm32f407xx.o(.text)
    CAN1_TX_IRQHandler                       0x080001bb   Thumb Code     0  startup_stm32f407xx.o(.text)
    CAN2_RX0_IRQHandler                      0x080001bb   Thumb Code     0  startup_stm32f407xx.o(.text)
    CAN2_RX1_IRQHandler                      0x080001bb   Thumb Code     0  startup_stm32f407xx.o(.text)
    CAN2_SCE_IRQHandler                      0x080001bb   Thumb Code     0  startup_stm32f407xx.o(.text)
    CAN2_TX_IRQHandler                       0x080001bb   Thumb Code     0  startup_stm32f407xx.o(.text)
    DCMI_IRQHandler                          0x080001bb   Thumb Code     0  startup_stm32f407xx.o(.text)
    DMA1_Stream0_IRQHandler                  0x080001bb   Thumb Code     0  startup_stm32f407xx.o(.text)
    DMA1_Stream1_IRQHandler                  0x080001bb   Thumb Code     0  startup_stm32f407xx.o(.text)
    DMA1_Stream2_IRQHandler                  0x080001bb   Thumb Code     0  startup_stm32f407xx.o(.text)
    DMA1_Stream3_IRQHandler                  0x080001bb   Thumb Code     0  startup_stm32f407xx.o(.text)
    DMA1_Stream4_IRQHandler                  0x080001bb   Thumb Code     0  startup_stm32f407xx.o(.text)
    DMA1_Stream5_IRQHandler                  0x080001bb   Thumb Code     0  startup_stm32f407xx.o(.text)
    DMA1_Stream6_IRQHandler                  0x080001bb   Thumb Code     0  startup_stm32f407xx.o(.text)
    DMA1_Stream7_IRQHandler                  0x080001bb   Thumb Code     0  startup_stm32f407xx.o(.text)
    DMA2_Stream0_IRQHandler                  0x080001bb   Thumb Code     0  startup_stm32f407xx.o(.text)
    DMA2_Stream1_IRQHandler                  0x080001bb   Thumb Code     0  startup_stm32f407xx.o(.text)
    DMA2_Stream2_IRQHandler                  0x080001bb   Thumb Code     0  startup_stm32f407xx.o(.text)
    DMA2_Stream3_IRQHandler                  0x080001bb   Thumb Code     0  startup_stm32f407xx.o(.text)
    DMA2_Stream4_IRQHandler                  0x080001bb   Thumb Code     0  startup_stm32f407xx.o(.text)
    DMA2_Stream5_IRQHandler                  0x080001bb   Thumb Code     0  startup_stm32f407xx.o(.text)
    DMA2_Stream6_IRQHandler                  0x080001bb   Thumb Code     0  startup_stm32f407xx.o(.text)
    DMA2_Stream7_IRQHandler                  0x080001bb   Thumb Code     0  startup_stm32f407xx.o(.text)
    ETH_IRQHandler                           0x080001bb   Thumb Code     0  startup_stm32f407xx.o(.text)
    ETH_WKUP_IRQHandler                      0x080001bb   Thumb Code     0  startup_stm32f407xx.o(.text)
    EXTI0_IRQHandler                         0x080001bb   Thumb Code     0  startup_stm32f407xx.o(.text)
    EXTI15_10_IRQHandler                     0x080001bb   Thumb Code     0  startup_stm32f407xx.o(.text)
    EXTI1_IRQHandler                         0x080001bb   Thumb Code     0  startup_stm32f407xx.o(.text)
    EXTI2_IRQHandler                         0x080001bb   Thumb Code     0  startup_stm32f407xx.o(.text)
    EXTI3_IRQHandler                         0x080001bb   Thumb Code     0  startup_stm32f407xx.o(.text)
    EXTI4_IRQHandler                         0x080001bb   Thumb Code     0  startup_stm32f407xx.o(.text)
    EXTI9_5_IRQHandler                       0x080001bb   Thumb Code     0  startup_stm32f407xx.o(.text)
    FLASH_IRQHandler                         0x080001bb   Thumb Code     0  startup_stm32f407xx.o(.text)
    FMC_IRQHandler                           0x080001bb   Thumb Code     0  startup_stm32f407xx.o(.text)
    FPU_IRQHandler                           0x080001bb   Thumb Code     0  startup_stm32f407xx.o(.text)
    HASH_RNG_IRQHandler                      0x080001bb   Thumb Code     0  startup_stm32f407xx.o(.text)
    I2C1_ER_IRQHandler                       0x080001bb   Thumb Code     0  startup_stm32f407xx.o(.text)
    I2C1_EV_IRQHandler                       0x080001bb   Thumb Code     0  startup_stm32f407xx.o(.text)
    I2C2_ER_IRQHandler                       0x080001bb   Thumb Code     0  startup_stm32f407xx.o(.text)
    I2C2_EV_IRQHandler                       0x080001bb   Thumb Code     0  startup_stm32f407xx.o(.text)
    I2C3_ER_IRQHandler                       0x080001bb   Thumb Code     0  startup_stm32f407xx.o(.text)
    I2C3_EV_IRQHandler                       0x080001bb   Thumb Code     0  startup_stm32f407xx.o(.text)
    OTG_FS_IRQHandler                        0x080001bb   Thumb Code     0  startup_stm32f407xx.o(.text)
    OTG_FS_WKUP_IRQHandler                   0x080001bb   Thumb Code     0  startup_stm32f407xx.o(.text)
    OTG_HS_EP1_IN_IRQHandler                 0x080001bb   Thumb Code     0  startup_stm32f407xx.o(.text)
    OTG_HS_EP1_OUT_IRQHandler                0x080001bb   Thumb Code     0  startup_stm32f407xx.o(.text)
    OTG_HS_IRQHandler                        0x080001bb   Thumb Code     0  startup_stm32f407xx.o(.text)
    OTG_HS_WKUP_IRQHandler                   0x080001bb   Thumb Code     0  startup_stm32f407xx.o(.text)
    PVD_IRQHandler                           0x080001bb   Thumb Code     0  startup_stm32f407xx.o(.text)
    RCC_IRQHandler                           0x080001bb   Thumb Code     0  startup_stm32f407xx.o(.text)
    RTC_Alarm_IRQHandler                     0x080001bb   Thumb Code     0  startup_stm32f407xx.o(.text)
    RTC_WKUP_IRQHandler                      0x080001bb   Thumb Code     0  startup_stm32f407xx.o(.text)
    SDIO_IRQHandler                          0x080001bb   Thumb Code     0  startup_stm32f407xx.o(.text)
    SPI1_IRQHandler                          0x080001bb   Thumb Code     0  startup_stm32f407xx.o(.text)
    SPI2_IRQHandler                          0x080001bb   Thumb Code     0  startup_stm32f407xx.o(.text)
    SPI3_IRQHandler                          0x080001bb   Thumb Code     0  startup_stm32f407xx.o(.text)
    TAMP_STAMP_IRQHandler                    0x080001bb   Thumb Code     0  startup_stm32f407xx.o(.text)
    TIM1_BRK_TIM9_IRQHandler                 0x080001bb   Thumb Code     0  startup_stm32f407xx.o(.text)
    TIM1_CC_IRQHandler                       0x080001bb   Thumb Code     0  startup_stm32f407xx.o(.text)
    TIM1_TRG_COM_TIM11_IRQHandler            0x080001bb   Thumb Code     0  startup_stm32f407xx.o(.text)
    TIM1_UP_TIM10_IRQHandler                 0x080001bb   Thumb Code     0  startup_stm32f407xx.o(.text)
    TIM2_IRQHandler                          0x080001bb   Thumb Code     0  startup_stm32f407xx.o(.text)
    TIM3_IRQHandler                          0x080001bb   Thumb Code     0  startup_stm32f407xx.o(.text)
    TIM4_IRQHandler                          0x080001bb   Thumb Code     0  startup_stm32f407xx.o(.text)
    TIM6_DAC_IRQHandler                      0x080001bb   Thumb Code     0  startup_stm32f407xx.o(.text)
    TIM8_BRK_TIM12_IRQHandler                0x080001bb   Thumb Code     0  startup_stm32f407xx.o(.text)
    TIM8_CC_IRQHandler                       0x080001bb   Thumb Code     0  startup_stm32f407xx.o(.text)
    TIM8_TRG_COM_TIM14_IRQHandler            0x080001bb   Thumb Code     0  startup_stm32f407xx.o(.text)
    TIM8_UP_TIM13_IRQHandler                 0x080001bb   Thumb Code     0  startup_stm32f407xx.o(.text)
    UART4_IRQHandler                         0x080001bb   Thumb Code     0  startup_stm32f407xx.o(.text)
    UART5_IRQHandler                         0x080001bb   Thumb Code     0  startup_stm32f407xx.o(.text)
    USART1_IRQHandler                        0x080001bb   Thumb Code     0  startup_stm32f407xx.o(.text)
    USART2_IRQHandler                        0x080001bb   Thumb Code     0  startup_stm32f407xx.o(.text)
    USART3_IRQHandler                        0x080001bb   Thumb Code     0  startup_stm32f407xx.o(.text)
    USART6_IRQHandler                        0x080001bb   Thumb Code     0  startup_stm32f407xx.o(.text)
    WWDG_IRQHandler                          0x080001bb   Thumb Code     0  startup_stm32f407xx.o(.text)
    __aeabi_uldivmod                         0x080001c5   Thumb Code    98  uldiv.o(.text)
    __aeabi_memcpy                           0x08000227   Thumb Code    36  memcpya.o(.text)
    __aeabi_memcpy4                          0x08000227   Thumb Code     0  memcpya.o(.text)
    __aeabi_memcpy8                          0x08000227   Thumb Code     0  memcpya.o(.text)
    __aeabi_memset                           0x0800024b   Thumb Code    14  memseta.o(.text)
    __aeabi_memset4                          0x0800024b   Thumb Code     0  memseta.o(.text)
    __aeabi_memset8                          0x0800024b   Thumb Code     0  memseta.o(.text)
    __aeabi_memclr                           0x08000259   Thumb Code     4  memseta.o(.text)
    __aeabi_memclr4                          0x08000259   Thumb Code     0  memseta.o(.text)
    __aeabi_memclr8                          0x08000259   Thumb Code     0  memseta.o(.text)
    _memset$wrapper                          0x0800025d   Thumb Code    18  memseta.o(.text)
    __aeabi_llsl                             0x0800026f   Thumb Code    30  llshl.o(.text)
    _ll_shift_l                              0x0800026f   Thumb Code     0  llshl.o(.text)
    __aeabi_llsr                             0x0800028d   Thumb Code    32  llushr.o(.text)
    _ll_ushift_r                             0x0800028d   Thumb Code     0  llushr.o(.text)
    __scatterload                            0x080002ad   Thumb Code    28  init.o(.text)
    __scatterload_rt2                        0x080002ad   Thumb Code     0  init.o(.text)
    BusFault_Handler                         0x080002d1   Thumb Code     2  stm32f4xx_it.o(i.BusFault_Handler)
    Button_Init                              0x080004b5   Thumb Code    80  ela_button.o(i.Button_Init)
    Button_ScanProc                          0x08000545   Thumb Code    22  ela_button.o(i.Button_ScanProc)
    CAN1_RX0_IRQHandler                      0x08000561   Thumb Code     6  stm32f4xx_it.o(i.CAN1_RX0_IRQHandler)
    Can_Init                                 0x0800056d   Thumb Code    94  ela_can.o(i.Can_Init)
    Can_SendMessageExt                       0x080005d5   Thumb Code    42  ela_can.o(i.Can_SendMessageExt)
    DebugMon_Handler                         0x08000605   Thumb Code     2  stm32f4xx_it.o(i.DebugMon_Handler)
    Error_Handler                            0x08000607   Thumb Code     4  main.o(i.Error_Handler)
    HAL_CAN_ActivateNotification             0x0800060b   Thumb Code    36  stm32f4xx_hal_can.o(i.HAL_CAN_ActivateNotification)
    HAL_CAN_AddTxMessage                     0x0800062f   Thumb Code   208  stm32f4xx_hal_can.o(i.HAL_CAN_AddTxMessage)
    HAL_CAN_ConfigFilter                     0x08000701   Thumb Code   262  stm32f4xx_hal_can.o(i.HAL_CAN_ConfigFilter)
    HAL_CAN_ErrorCallback                    0x0800080d   Thumb Code     2  stm32f4xx_hal_can.o(i.HAL_CAN_ErrorCallback)
    HAL_CAN_GetRxMessage                     0x0800080f   Thumb Code   244  stm32f4xx_hal_can.o(i.HAL_CAN_GetRxMessage)
    HAL_CAN_IRQHandler                       0x08000903   Thumb Code   508  stm32f4xx_hal_can.o(i.HAL_CAN_IRQHandler)
    HAL_CAN_Init                             0x08000aff   Thumb Code   282  stm32f4xx_hal_can.o(i.HAL_CAN_Init)
    HAL_CAN_MspInit                          0x08000c19   Thumb Code   110  can.o(i.HAL_CAN_MspInit)
    HAL_CAN_RxFifo0FullCallback              0x08000c95   Thumb Code     2  stm32f4xx_hal_can.o(i.HAL_CAN_RxFifo0FullCallback)
    HAL_CAN_RxFifo0MsgPendingCallback        0x08000c99   Thumb Code    32  elaco_main.o(i.HAL_CAN_RxFifo0MsgPendingCallback)
    HAL_CAN_RxFifo1FullCallback              0x08000cbd   Thumb Code     2  stm32f4xx_hal_can.o(i.HAL_CAN_RxFifo1FullCallback)
    HAL_CAN_RxFifo1MsgPendingCallback        0x08000cbf   Thumb Code     2  stm32f4xx_hal_can.o(i.HAL_CAN_RxFifo1MsgPendingCallback)
    HAL_CAN_SleepCallback                    0x08000cc1   Thumb Code     2  stm32f4xx_hal_can.o(i.HAL_CAN_SleepCallback)
    HAL_CAN_Start                            0x08000cc5   Thumb Code    88  stm32f4xx_hal_can.o(i.HAL_CAN_Start)
    HAL_CAN_TxMailbox0AbortCallback          0x08000d1d   Thumb Code     2  stm32f4xx_hal_can.o(i.HAL_CAN_TxMailbox0AbortCallback)
    HAL_CAN_TxMailbox0CompleteCallback       0x08000d1f   Thumb Code     2  stm32f4xx_hal_can.o(i.HAL_CAN_TxMailbox0CompleteCallback)
    HAL_CAN_TxMailbox1AbortCallback          0x08000d21   Thumb Code     2  stm32f4xx_hal_can.o(i.HAL_CAN_TxMailbox1AbortCallback)
    HAL_CAN_TxMailbox1CompleteCallback       0x08000d23   Thumb Code     2  stm32f4xx_hal_can.o(i.HAL_CAN_TxMailbox1CompleteCallback)
    HAL_CAN_TxMailbox2AbortCallback          0x08000d25   Thumb Code     2  stm32f4xx_hal_can.o(i.HAL_CAN_TxMailbox2AbortCallback)
    HAL_CAN_TxMailbox2CompleteCallback       0x08000d27   Thumb Code     2  stm32f4xx_hal_can.o(i.HAL_CAN_TxMailbox2CompleteCallback)
    HAL_CAN_WakeUpFromRxMsgCallback          0x08000d29   Thumb Code     2  stm32f4xx_hal_can.o(i.HAL_CAN_WakeUpFromRxMsgCallback)
    HAL_GPIO_Init                            0x08000d2d   Thumb Code   450  stm32f4xx_hal_gpio.o(i.HAL_GPIO_Init)
    HAL_GPIO_ReadPin                         0x08000f1d   Thumb Code    10  stm32f4xx_hal_gpio.o(i.HAL_GPIO_ReadPin)
    HAL_GPIO_WritePin                        0x08000f27   Thumb Code    10  stm32f4xx_hal_gpio.o(i.HAL_GPIO_WritePin)
    HAL_GetTick                              0x08000f31   Thumb Code     6  stm32f4xx_hal.o(i.HAL_GetTick)
    HAL_IWDG_Init                            0x08000f3d   Thumb Code    94  stm32f4xx_hal_iwdg.o(i.HAL_IWDG_Init)
    HAL_IWDG_Refresh                         0x08000f9b   Thumb Code    12  stm32f4xx_hal_iwdg.o(i.HAL_IWDG_Refresh)
    HAL_IncTick                              0x08000fa9   Thumb Code    12  stm32f4xx_hal.o(i.HAL_IncTick)
    HAL_Init                                 0x08000fb9   Thumb Code    48  stm32f4xx_hal.o(i.HAL_Init)
    HAL_InitTick                             0x08000fed   Thumb Code    54  stm32f4xx_hal.o(i.HAL_InitTick)
    HAL_MspInit                              0x0800102d   Thumb Code    42  stm32f4xx_hal_msp.o(i.HAL_MspInit)
    HAL_NVIC_EnableIRQ                       0x0800105d   Thumb Code    26  stm32f4xx_hal_cortex.o(i.HAL_NVIC_EnableIRQ)
    HAL_NVIC_SetPriority                     0x08001079   Thumb Code    60  stm32f4xx_hal_cortex.o(i.HAL_NVIC_SetPriority)
    HAL_NVIC_SetPriorityGrouping             0x080010b9   Thumb Code    26  stm32f4xx_hal_cortex.o(i.HAL_NVIC_SetPriorityGrouping)
    HAL_RCC_ClockConfig                      0x080010dd   Thumb Code   288  stm32f4xx_hal_rcc.o(i.HAL_RCC_ClockConfig)
    HAL_RCC_GetPCLK1Freq                     0x08001211   Thumb Code    20  stm32f4xx_hal_rcc.o(i.HAL_RCC_GetPCLK1Freq)
    HAL_RCC_GetPCLK2Freq                     0x08001231   Thumb Code    20  stm32f4xx_hal_rcc.o(i.HAL_RCC_GetPCLK2Freq)
    HAL_RCC_GetSysClockFreq                  0x08001251   Thumb Code    88  stm32f4xx_hal_rcc.o(i.HAL_RCC_GetSysClockFreq)
    HAL_RCC_OscConfig                        0x080012b1   Thumb Code   856  stm32f4xx_hal_rcc.o(i.HAL_RCC_OscConfig)
    HAL_SPI_Init                             0x0800161d   Thumb Code   188  stm32f4xx_hal_spi.o(i.HAL_SPI_Init)
    HAL_SPI_MspInit                          0x080016d9   Thumb Code    94  spi.o(i.HAL_SPI_MspInit)
    HAL_SYSTICK_Config                       0x08001745   Thumb Code    40  stm32f4xx_hal_cortex.o(i.HAL_SYSTICK_Config)
    HAL_TIMEx_BreakCallback                  0x0800176d   Thumb Code     2  stm32f4xx_hal_tim_ex.o(i.HAL_TIMEx_BreakCallback)
    HAL_TIMEx_CommutCallback                 0x0800176f   Thumb Code     2  stm32f4xx_hal_tim_ex.o(i.HAL_TIMEx_CommutCallback)
    HAL_TIMEx_MasterConfigSynchronization    0x08001771   Thumb Code   116  stm32f4xx_hal_tim_ex.o(i.HAL_TIMEx_MasterConfigSynchronization)
    HAL_TIM_Base_Init                        0x08001801   Thumb Code    90  stm32f4xx_hal_tim.o(i.HAL_TIM_Base_Init)
    HAL_TIM_Base_MspInit                     0x0800185d   Thumb Code   152  tim.o(i.HAL_TIM_Base_MspInit)
    HAL_TIM_Base_Start_IT                    0x08001909   Thumb Code   100  stm32f4xx_hal_tim.o(i.HAL_TIM_Base_Start_IT)
    HAL_TIM_ConfigClockSource                0x08001989   Thumb Code   220  stm32f4xx_hal_tim.o(i.HAL_TIM_ConfigClockSource)
    HAL_TIM_IC_CaptureCallback               0x08001a65   Thumb Code     2  stm32f4xx_hal_tim.o(i.HAL_TIM_IC_CaptureCallback)
    HAL_TIM_IRQHandler                       0x08001a67   Thumb Code   304  stm32f4xx_hal_tim.o(i.HAL_TIM_IRQHandler)
    HAL_TIM_MspPostInit                      0x08001b99   Thumb Code   148  tim.o(i.HAL_TIM_MspPostInit)
    HAL_TIM_OC_DelayElapsedCallback          0x08001c41   Thumb Code     2  stm32f4xx_hal_tim.o(i.HAL_TIM_OC_DelayElapsedCallback)
    HAL_TIM_OnePulse_Init                    0x08001c43   Thumb Code    86  stm32f4xx_hal_tim.o(i.HAL_TIM_OnePulse_Init)
    HAL_TIM_OnePulse_MspInit                 0x08001c99   Thumb Code     2  stm32f4xx_hal_tim.o(i.HAL_TIM_OnePulse_MspInit)
    HAL_TIM_PWM_ConfigChannel                0x08001c9b   Thumb Code   204  stm32f4xx_hal_tim.o(i.HAL_TIM_PWM_ConfigChannel)
    HAL_TIM_PWM_Init                         0x08001d67   Thumb Code    90  stm32f4xx_hal_tim.o(i.HAL_TIM_PWM_Init)
    HAL_TIM_PWM_MspInit                      0x08001dc1   Thumb Code     2  stm32f4xx_hal_tim.o(i.HAL_TIM_PWM_MspInit)
    HAL_TIM_PWM_PulseFinishedCallback        0x08001dc3   Thumb Code     2  stm32f4xx_hal_tim.o(i.HAL_TIM_PWM_PulseFinishedCallback)
    HAL_TIM_PWM_Start                        0x08001dc5   Thumb Code   172  stm32f4xx_hal_tim.o(i.HAL_TIM_PWM_Start)
    HAL_TIM_PeriodElapsedCallback            0x08001e8d   Thumb Code    14  elaco_main.o(i.HAL_TIM_PeriodElapsedCallback)
    HAL_TIM_TriggerCallback                  0x08001ea1   Thumb Code     2  stm32f4xx_hal_tim.o(i.HAL_TIM_TriggerCallback)
    HAL_UART_Init                            0x08001ea3   Thumb Code   100  stm32f4xx_hal_uart.o(i.HAL_UART_Init)
    HAL_UART_MspInit                         0x08001f09   Thumb Code   110  usart.o(i.HAL_UART_MspInit)
    HardFault_Handler                        0x08001f85   Thumb Code     2  stm32f4xx_it.o(i.HardFault_Handler)
    MX_CAN1_Init                             0x08001f89   Thumb Code    66  can.o(i.MX_CAN1_Init)
    MX_GPIO_Init                             0x08001fd5   Thumb Code   392  gpio.o(i.MX_GPIO_Init)
    MX_IWDG_Init                             0x08002175   Thumb Code    36  iwdg.o(i.MX_IWDG_Init)
    MX_SPI3_Init                             0x080021a1   Thumb Code    62  spi.o(i.MX_SPI3_Init)
    MX_TIM2_Init                             0x080021e9   Thumb Code   162  tim.o(i.MX_TIM2_Init)
    MX_TIM3_Init                             0x08002291   Thumb Code   158  tim.o(i.MX_TIM3_Init)
    MX_TIM4_Init                             0x08002339   Thumb Code   146  tim.o(i.MX_TIM4_Init)
    MX_TIM5_Init                             0x080023d5   Thumb Code    94  tim.o(i.MX_TIM5_Init)
    MX_TIM7_Init                             0x0800243d   Thumb Code    58  tim.o(i.MX_TIM7_Init)
    MX_USART1_UART_Init                      0x08002481   Thumb Code    48  usart.o(i.MX_USART1_UART_Init)
    MemManage_Handler                        0x080024b9   Thumb Code     2  stm32f4xx_it.o(i.MemManage_Handler)
    NMI_Handler                              0x080024bb   Thumb Code     2  stm32f4xx_it.o(i.NMI_Handler)
    OnLongPress                              0x080024bd   Thumb Code     2  elaco_main.o(i.OnLongPress)
    OnPress                                  0x080024bf   Thumb Code     2  elaco_main.o(i.OnPress)
    PendSV_Handler                           0x080024c1   Thumb Code     2  stm32f4xx_it.o(i.PendSV_Handler)
    SVC_Handler                              0x080024c3   Thumb Code     2  stm32f4xx_it.o(i.SVC_Handler)
    SysTick_Handler                          0x080024c5   Thumb Code     4  stm32f4xx_it.o(i.SysTick_Handler)
    SystemClock_Config                       0x080024c9   Thumb Code   140  main.o(i.SystemClock_Config)
    SystemInit                               0x0800255d   Thumb Code    12  system_stm32f4xx.o(i.SystemInit)
    TIM5_IRQHandler                          0x0800256d   Thumb Code     6  stm32f4xx_it.o(i.TIM5_IRQHandler)
    TIM7_IRQHandler                          0x08002579   Thumb Code    24  porttimer.o(i.TIM7_IRQHandler)
    TIM_Base_SetConfig                       0x08002599   Thumb Code   164  stm32f4xx_hal_tim.o(i.TIM_Base_SetConfig)
    TIM_CCxChannelCmd                        0x08002669   Thumb Code    26  stm32f4xx_hal_tim.o(i.TIM_CCxChannelCmd)
    TIM_ETR_SetConfig                        0x08002683   Thumb Code    20  stm32f4xx_hal_tim.o(i.TIM_ETR_SetConfig)
    TIM_OC2_SetConfig                        0x08002709   Thumb Code    98  stm32f4xx_hal_tim.o(i.TIM_OC2_SetConfig)
    Timer_Init                               0x08002875   Thumb Code    28  ela_timer.o(i.Timer_Init)
    UsageFault_Handler                       0x080029a5   Thumb Code     2  stm32f4xx_it.o(i.UsageFault_Handler)
    __scatterload_copy                       0x080029c7   Thumb Code    14  handlers.o(i.__scatterload_copy)
    __scatterload_null                       0x080029d5   Thumb Code     2  handlers.o(i.__scatterload_null)
    __scatterload_zeroinit                   0x080029d7   Thumb Code    14  handlers.o(i.__scatterload_zeroinit)
    eMBASCIIInit                             0x080029e5   Thumb Code    44  mbascii.o(i.eMBASCIIInit)
    eMBASCIIReceive                          0x08002a15   Thumb Code    68  mbascii.o(i.eMBASCIIReceive)
    eMBASCIISend                             0x08002a5d   Thumb Code    68  mbascii.o(i.eMBASCIISend)
    eMBASCIIStart                            0x08002aa5   Thumb Code    24  mbascii.o(i.eMBASCIIStart)
    eMBASCIIStop                             0x08002ac1   Thumb Code    18  mbascii.o(i.eMBASCIIStop)
    eMBEnable                                0x08002ad5   Thumb Code    28  mb.o(i.eMBEnable)
    eMBFuncReadCoils                         0x08002af5   Thumb Code   114  mbfunccoils.o(i.eMBFuncReadCoils)
    eMBFuncReadDiscreteInputs                0x08002b67   Thumb Code   114  mbfuncdisc.o(i.eMBFuncReadDiscreteInputs)
    eMBFuncReadHoldingRegister               0x08002bd9   Thumb Code    94  mbfuncholding.o(i.eMBFuncReadHoldingRegister)
    eMBFuncReadInputRegister                 0x08002c37   Thumb Code    98  mbfuncinput.o(i.eMBFuncReadInputRegister)
    eMBFuncReadWriteMultipleHoldingRegister  0x08002c99   Thumb Code   156  mbfuncholding.o(i.eMBFuncReadWriteMultipleHoldingRegister)
    eMBFuncReportSlaveID                     0x08002d35   Thumb Code    26  mbfuncother.o(i.eMBFuncReportSlaveID)
    eMBFuncWriteCoil                         0x08002d59   Thumb Code    86  mbfunccoils.o(i.eMBFuncWriteCoil)
    eMBFuncWriteHoldingRegister              0x08002daf   Thumb Code    50  mbfuncholding.o(i.eMBFuncWriteHoldingRegister)
    eMBFuncWriteMultipleCoils                0x08002de1   Thumb Code   100  mbfunccoils.o(i.eMBFuncWriteMultipleCoils)
    eMBFuncWriteMultipleHoldingRegister      0x08002e45   Thumb Code    78  mbfuncholding.o(i.eMBFuncWriteMultipleHoldingRegister)
    eMBInit                                  0x08002e95   Thumb Code   140  mb.o(i.eMBInit)
    eMBPoll                                  0x08002f5d   Thumb Code   176  mb.o(i.eMBPoll)
    eMBRTUInit                               0x08003011   Thumb Code    54  mbrtu.o(i.eMBRTUInit)
    eMBRTUReceive                            0x0800304d   Thumb Code    70  mbrtu.o(i.eMBRTUReceive)
    eMBRTUSend                               0x0800309d   Thumb Code    80  mbrtu.o(i.eMBRTUSend)
    eMBRTUStart                              0x080030f5   Thumb Code    24  mbrtu.o(i.eMBRTUStart)
    eMBRTUStop                               0x08003111   Thumb Code    18  mbrtu.o(i.eMBRTUStop)
    eMBRegCoilsCB                            0x08003125   Thumb Code   152  port.o(i.eMBRegCoilsCB)
    eMBRegDiscreteCB                         0x080031c1   Thumb Code   122  port.o(i.eMBRegDiscreteCB)
    eMBRegHoldingCB                          0x08003241   Thumb Code    82  port.o(i.eMBRegHoldingCB)
    eMBRegInputCB                            0x08003299   Thumb Code    74  port.o(i.eMBRegInputCB)
    elaco_main                               0x080032e9   Thumb Code    46  elaco_main.o(i.elaco_main)
    main                                     0x0800331d   Thumb Code    54  main.o(i.main)
    prveMBError2Exception                    0x08003353   Thumb Code    24  mbutils.o(i.prveMBError2Exception)
    usMBCRC16                                0x080033a1   Thumb Code    40  mbcrc.o(i.usMBCRC16)
    vMBPortSerialEnable                      0x080033cd   Thumb Code    44  portserial.o(i.vMBPortSerialEnable)
    vMBPortTimersDisable                     0x080033fd   Thumb Code    32  porttimer.o(i.vMBPortTimersDisable)
    vMBPortTimersEnable                      0x08003421   Thumb Code    20  porttimer.o(i.vMBPortTimersEnable)
    xMBASCIIReceiveFSM                       0x08003439   Thumb Code   222  mbascii.o(i.xMBASCIIReceiveFSM)
    xMBASCIITimerT1SExpired                  0x0800351d   Thumb Code    42  mbascii.o(i.xMBASCIITimerT1SExpired)
    xMBASCIITransmitFSM                      0x0800354d   Thumb Code   168  mbascii.o(i.xMBASCIITransmitFSM)
    xMBPortEventGet                          0x080035f9   Thumb Code    24  portevent.o(i.xMBPortEventGet)
    xMBPortEventInit                         0x08003615   Thumb Code    10  portevent.o(i.xMBPortEventInit)
    xMBPortEventPost                         0x08003625   Thumb Code    12  portevent.o(i.xMBPortEventPost)
    xMBPortSerialGetByte                     0x08003635   Thumb Code    10  portserial.o(i.xMBPortSerialGetByte)
    xMBPortSerialInit                        0x08003645   Thumb Code    72  portserial.o(i.xMBPortSerialInit)
    xMBPortSerialPutByte                     0x08003695   Thumb Code     8  portserial.o(i.xMBPortSerialPutByte)
    xMBPortTimersInit                        0x080036a1   Thumb Code   106  porttimer.o(i.xMBPortTimersInit)
    xMBRTUReceiveFSM                         0x08003715   Thumb Code    96  mbrtu.o(i.xMBRTUReceiveFSM)
    xMBRTUTimerT35Expired                    0x0800377d   Thumb Code    58  mbrtu.o(i.xMBRTUTimerT35Expired)
    xMBRTUTransmitFSM                        0x080037bd   Thumb Code    86  mbrtu.o(i.xMBRTUTransmitFSM)
    AHBPrescTable                            0x08003818   Data          16  system_stm32f4xx.o(.constdata)
    APBPrescTable                            0x08003828   Data           8  system_stm32f4xx.o(.constdata)
    Region$$Table$$Base                      0x08003a30   Number         0  anon$$obj.o(Region$$Table)
    Region$$Table$$Limit                     0x08003a50   Number         0  anon$$obj.o(Region$$Table)
    uwTickFreq                               0x20000000   Data           1  stm32f4xx_hal.o(.data)
    uwTickPrio                               0x20000004   Data           4  stm32f4xx_hal.o(.data)
    uwTick                                   0x20000008   Data           4  stm32f4xx_hal.o(.data)
    SystemCoreClock                          0x2000000c   Data           4  system_stm32f4xx.o(.data)
    pxMBFrameCBByteReceived                  0x20000038   Data           4  mb.o(.data)
    pxMBFrameCBTransmitterEmpty              0x2000003c   Data           4  mb.o(.data)
    pxMBPortCBTimerExpired                   0x20000040   Data           4  mb.o(.data)
    REG_COILS_BUF                            0x200000e4   Data          10  port.o(.data)
    REG_DISC_BUF                             0x200000ee   Data          10  port.o(.data)
    hcan1                                    0x200000fc   Data          40  can.o(.bss)
    hiwdg                                    0x20000124   Data          12  iwdg.o(.bss)
    hspi3                                    0x20000130   Data          88  spi.o(.bss)
    htim2                                    0x20000188   Data          72  tim.o(.bss)
    htim3                                    0x200001d0   Data          72  tim.o(.bss)
    htim4                                    0x20000218   Data          72  tim.o(.bss)
    htim5                                    0x20000260   Data          72  tim.o(.bss)
    htim7                                    0x200002a8   Data          72  tim.o(.bss)
    huart1                                   0x200002f0   Data          72  usart.o(.bss)
    ucRTUBuf                                 0x200003b8   Data         256  mbrtu.o(.bss)
    REG_HOLD_BUF                             0x200004b8   Data          20  port.o(.bss)
    REG_INPUT_BUF                            0x200004cc   Data          20  port.o(.bss)
    __initial_sp                             0x200008e0   Data           0  startup_stm32f407xx.o(STACK)



==============================================================================

Memory Map of the image

  Image Entry point : 0x08000189

  Load Region LR_IROM1 (Base: 0x08000000, Size: 0x00003b4c, Max: 0x00080000, ABSOLUTE)

    Execution Region ER_IROM1 (Exec base: 0x08000000, Load base: 0x08000000, Size: 0x00003a50, Max: 0x00080000, ABSOLUTE)

    Exec Addr    Load Addr    Size         Type   Attr      Idx    E Section Name        Object

    0x08000000   0x08000000   0x00000188   Data   RO            3    RESET               startup_stm32f407xx.o
    0x08000188   0x08000188   0x00000000   Code   RO         4654  * .ARM.Collect$$$$00000000  mc_w.l(entry.o)
    0x08000188   0x08000188   0x00000004   Code   RO         4667    .ARM.Collect$$$$00000001  mc_w.l(entry2.o)
    0x0800018c   0x0800018c   0x00000004   Code   RO         4670    .ARM.Collect$$$$00000004  mc_w.l(entry5.o)
    0x08000190   0x08000190   0x00000000   Code   RO         4672    .ARM.Collect$$$$00000008  mc_w.l(entry7b.o)
    0x08000190   0x08000190   0x00000000   Code   RO         4674    .ARM.Collect$$$$0000000A  mc_w.l(entry8b.o)
    0x08000190   0x08000190   0x00000008   Code   RO         4675    .ARM.Collect$$$$0000000B  mc_w.l(entry9a.o)
    0x08000198   0x08000198   0x00000004   Code   RO         4682    .ARM.Collect$$$$0000000E  mc_w.l(entry12b.o)
    0x0800019c   0x0800019c   0x00000000   Code   RO         4677    .ARM.Collect$$$$0000000F  mc_w.l(entry10a.o)
    0x0800019c   0x0800019c   0x00000000   Code   RO         4679    .ARM.Collect$$$$00000011  mc_w.l(entry11a.o)
    0x0800019c   0x0800019c   0x00000004   Code   RO         4668    .ARM.Collect$$$$00002712  mc_w.l(entry2.o)
    0x080001a0   0x080001a0   0x00000024   Code   RO            4    .text               startup_stm32f407xx.o
    0x080001c4   0x080001c4   0x00000062   Code   RO         4657    .text               mc_w.l(uldiv.o)
    0x08000226   0x08000226   0x00000024   Code   RO         4661    .text               mc_w.l(memcpya.o)
    0x0800024a   0x0800024a   0x00000024   Code   RO         4663    .text               mc_w.l(memseta.o)
    0x0800026e   0x0800026e   0x0000001e   Code   RO         4683    .text               mc_w.l(llshl.o)
    0x0800028c   0x0800028c   0x00000020   Code   RO         4685    .text               mc_w.l(llushr.o)
    0x080002ac   0x080002ac   0x00000024   Code   RO         4687    .text               mc_w.l(init.o)
    0x080002d0   0x080002d0   0x00000002   Code   RO          470    i.BusFault_Handler  stm32f4xx_it.o
    0x080002d2   0x080002d2   0x000001e2   Code   RO         4075    i.Button_Handler    ela_button.o
    0x080004b4   0x080004b4   0x00000064   Code   RO         4076    i.Button_Init       ela_button.o
    0x08000518   0x08000518   0x00000008   Code   RO         4077    i.Button_LongPressHandler  ela_button.o
    0x08000520   0x08000520   0x0000000e   Code   RO         4078    i.Button_PressHandler  ela_button.o
    0x0800052e   0x0800052e   0x00000002   PAD
    0x08000530   0x08000530   0x00000014   Code   RO         4079    i.Button_ReadPinLevel  ela_button.o
    0x08000544   0x08000544   0x0000001c   Code   RO         4080    i.Button_ScanProc   ela_button.o
    0x08000560   0x08000560   0x0000000c   Code   RO          471    i.CAN1_RX0_IRQHandler  stm32f4xx_it.o
    0x0800056c   0x0800056c   0x00000068   Code   RO         3878    i.Can_Init          ela_can.o
    0x080005d4   0x080005d4   0x00000030   Code   RO         3880    i.Can_SendMessageExt  ela_can.o
    0x08000604   0x08000604   0x00000002   Code   RO          472    i.DebugMon_Handler  stm32f4xx_it.o
    0x08000606   0x08000606   0x00000004   Code   RO           13    i.Error_Handler     main.o
    0x0800060a   0x0800060a   0x00000024   Code   RO          582    i.HAL_CAN_ActivateNotification  stm32f4xx_hal_can.o
    0x0800062e   0x0800062e   0x000000d0   Code   RO          583    i.HAL_CAN_AddTxMessage  stm32f4xx_hal_can.o
    0x080006fe   0x080006fe   0x00000002   PAD
    0x08000700   0x08000700   0x0000010c   Code   RO          584    i.HAL_CAN_ConfigFilter  stm32f4xx_hal_can.o
    0x0800080c   0x0800080c   0x00000002   Code   RO          587    i.HAL_CAN_ErrorCallback  stm32f4xx_hal_can.o
    0x0800080e   0x0800080e   0x000000f4   Code   RO          590    i.HAL_CAN_GetRxMessage  stm32f4xx_hal_can.o
    0x08000902   0x08000902   0x000001fc   Code   RO          594    i.HAL_CAN_IRQHandler  stm32f4xx_hal_can.o
    0x08000afe   0x08000afe   0x0000011a   Code   RO          595    i.HAL_CAN_Init      stm32f4xx_hal_can.o
    0x08000c18   0x08000c18   0x0000007c   Code   RO          243    i.HAL_CAN_MspInit   can.o
    0x08000c94   0x08000c94   0x00000002   Code   RO          602    i.HAL_CAN_RxFifo0FullCallback  stm32f4xx_hal_can.o
    0x08000c96   0x08000c96   0x00000002   PAD
    0x08000c98   0x08000c98   0x00000024   Code   RO         3691    i.HAL_CAN_RxFifo0MsgPendingCallback  elaco_main.o
    0x08000cbc   0x08000cbc   0x00000002   Code   RO          604    i.HAL_CAN_RxFifo1FullCallback  stm32f4xx_hal_can.o
    0x08000cbe   0x08000cbe   0x00000002   Code   RO          605    i.HAL_CAN_RxFifo1MsgPendingCallback  stm32f4xx_hal_can.o
    0x08000cc0   0x08000cc0   0x00000002   Code   RO          606    i.HAL_CAN_SleepCallback  stm32f4xx_hal_can.o
    0x08000cc2   0x08000cc2   0x00000002   PAD
    0x08000cc4   0x08000cc4   0x00000058   Code   RO          607    i.HAL_CAN_Start     stm32f4xx_hal_can.o
    0x08000d1c   0x08000d1c   0x00000002   Code   RO          609    i.HAL_CAN_TxMailbox0AbortCallback  stm32f4xx_hal_can.o
    0x08000d1e   0x08000d1e   0x00000002   Code   RO          610    i.HAL_CAN_TxMailbox0CompleteCallback  stm32f4xx_hal_can.o
    0x08000d20   0x08000d20   0x00000002   Code   RO          611    i.HAL_CAN_TxMailbox1AbortCallback  stm32f4xx_hal_can.o
    0x08000d22   0x08000d22   0x00000002   Code   RO          612    i.HAL_CAN_TxMailbox1CompleteCallback  stm32f4xx_hal_can.o
    0x08000d24   0x08000d24   0x00000002   Code   RO          613    i.HAL_CAN_TxMailbox2AbortCallback  stm32f4xx_hal_can.o
    0x08000d26   0x08000d26   0x00000002   Code   RO          614    i.HAL_CAN_TxMailbox2CompleteCallback  stm32f4xx_hal_can.o
    0x08000d28   0x08000d28   0x00000002   Code   RO          616    i.HAL_CAN_WakeUpFromRxMsgCallback  stm32f4xx_hal_can.o
    0x08000d2a   0x08000d2a   0x00000002   PAD
    0x08000d2c   0x08000d2c   0x000001f0   Code   RO         1170    i.HAL_GPIO_Init     stm32f4xx_hal_gpio.o
    0x08000f1c   0x08000f1c   0x0000000a   Code   RO         1172    i.HAL_GPIO_ReadPin  stm32f4xx_hal_gpio.o
    0x08000f26   0x08000f26   0x0000000a   Code   RO         1174    i.HAL_GPIO_WritePin  stm32f4xx_hal_gpio.o
    0x08000f30   0x08000f30   0x0000000c   Code   RO         1720    i.HAL_GetTick       stm32f4xx_hal.o
    0x08000f3c   0x08000f3c   0x0000005e   Code   RO         1965    i.HAL_IWDG_Init     stm32f4xx_hal_iwdg.o
    0x08000f9a   0x08000f9a   0x0000000c   Code   RO         1966    i.HAL_IWDG_Refresh  stm32f4xx_hal_iwdg.o
    0x08000fa6   0x08000fa6   0x00000002   PAD
    0x08000fa8   0x08000fa8   0x00000010   Code   RO         1726    i.HAL_IncTick       stm32f4xx_hal.o
    0x08000fb8   0x08000fb8   0x00000034   Code   RO         1727    i.HAL_Init          stm32f4xx_hal.o
    0x08000fec   0x08000fec   0x00000040   Code   RO         1728    i.HAL_InitTick      stm32f4xx_hal.o
    0x0800102c   0x0800102c   0x00000030   Code   RO          557    i.HAL_MspInit       stm32f4xx_hal_msp.o
    0x0800105c   0x0800105c   0x0000001a   Code   RO         1562    i.HAL_NVIC_EnableIRQ  stm32f4xx_hal_cortex.o
    0x08001076   0x08001076   0x00000002   PAD
    0x08001078   0x08001078   0x00000040   Code   RO         1568    i.HAL_NVIC_SetPriority  stm32f4xx_hal_cortex.o
    0x080010b8   0x080010b8   0x00000024   Code   RO         1569    i.HAL_NVIC_SetPriorityGrouping  stm32f4xx_hal_cortex.o
    0x080010dc   0x080010dc   0x00000134   Code   RO          816    i.HAL_RCC_ClockConfig  stm32f4xx_hal_rcc.o
    0x08001210   0x08001210   0x00000020   Code   RO          823    i.HAL_RCC_GetPCLK1Freq  stm32f4xx_hal_rcc.o
    0x08001230   0x08001230   0x00000020   Code   RO          824    i.HAL_RCC_GetPCLK2Freq  stm32f4xx_hal_rcc.o
    0x08001250   0x08001250   0x00000060   Code   RO          825    i.HAL_RCC_GetSysClockFreq  stm32f4xx_hal_rcc.o
    0x080012b0   0x080012b0   0x0000036c   Code   RO          828    i.HAL_RCC_OscConfig  stm32f4xx_hal_rcc.o
    0x0800161c   0x0800161c   0x000000bc   Code   RO         2006    i.HAL_SPI_Init      stm32f4xx_hal_spi.o
    0x080016d8   0x080016d8   0x0000006c   Code   RO          315    i.HAL_SPI_MspInit   spi.o
    0x08001744   0x08001744   0x00000028   Code   RO         1573    i.HAL_SYSTICK_Config  stm32f4xx_hal_cortex.o
    0x0800176c   0x0800176c   0x00000002   Code   RO         3023    i.HAL_TIMEx_BreakCallback  stm32f4xx_hal_tim_ex.o
    0x0800176e   0x0800176e   0x00000002   Code   RO         3024    i.HAL_TIMEx_CommutCallback  stm32f4xx_hal_tim_ex.o
    0x08001770   0x08001770   0x00000090   Code   RO         3042    i.HAL_TIMEx_MasterConfigSynchronization  stm32f4xx_hal_tim_ex.o
    0x08001800   0x08001800   0x0000005a   Code   RO         2319    i.HAL_TIM_Base_Init  stm32f4xx_hal_tim.o
    0x0800185a   0x0800185a   0x00000002   PAD
    0x0800185c   0x0800185c   0x000000ac   Code   RO          357    i.HAL_TIM_Base_MspInit  tim.o
    0x08001908   0x08001908   0x00000080   Code   RO         2324    i.HAL_TIM_Base_Start_IT  stm32f4xx_hal_tim.o
    0x08001988   0x08001988   0x000000dc   Code   RO         2328    i.HAL_TIM_ConfigClockSource  stm32f4xx_hal_tim.o
    0x08001a64   0x08001a64   0x00000002   Code   RO         2353    i.HAL_TIM_IC_CaptureCallback  stm32f4xx_hal_tim.o
    0x08001a66   0x08001a66   0x00000130   Code   RO         2367    i.HAL_TIM_IRQHandler  stm32f4xx_hal_tim.o
    0x08001b96   0x08001b96   0x00000002   PAD
    0x08001b98   0x08001b98   0x000000a8   Code   RO          358    i.HAL_TIM_MspPostInit  tim.o
    0x08001c40   0x08001c40   0x00000002   Code   RO         2370    i.HAL_TIM_OC_DelayElapsedCallback  stm32f4xx_hal_tim.o
    0x08001c42   0x08001c42   0x00000056   Code   RO         2384    i.HAL_TIM_OnePulse_Init  stm32f4xx_hal_tim.o
    0x08001c98   0x08001c98   0x00000002   Code   RO         2386    i.HAL_TIM_OnePulse_MspInit  stm32f4xx_hal_tim.o
    0x08001c9a   0x08001c9a   0x000000cc   Code   RO         2391    i.HAL_TIM_PWM_ConfigChannel  stm32f4xx_hal_tim.o
    0x08001d66   0x08001d66   0x0000005a   Code   RO         2394    i.HAL_TIM_PWM_Init  stm32f4xx_hal_tim.o
    0x08001dc0   0x08001dc0   0x00000002   Code   RO         2396    i.HAL_TIM_PWM_MspInit  stm32f4xx_hal_tim.o
    0x08001dc2   0x08001dc2   0x00000002   Code   RO         2397    i.HAL_TIM_PWM_PulseFinishedCallback  stm32f4xx_hal_tim.o
    0x08001dc4   0x08001dc4   0x000000c8   Code   RO         2399    i.HAL_TIM_PWM_Start  stm32f4xx_hal_tim.o
    0x08001e8c   0x08001e8c   0x00000014   Code   RO         3692    i.HAL_TIM_PeriodElapsedCallback  elaco_main.o
    0x08001ea0   0x08001ea0   0x00000002   Code   RO         2410    i.HAL_TIM_TriggerCallback  stm32f4xx_hal_tim.o
    0x08001ea2   0x08001ea2   0x00000064   Code   RO         3320    i.HAL_UART_Init     stm32f4xx_hal_uart.o
    0x08001f06   0x08001f06   0x00000002   PAD
    0x08001f08   0x08001f08   0x0000007c   Code   RO          429    i.HAL_UART_MspInit  usart.o
    0x08001f84   0x08001f84   0x00000002   Code   RO          473    i.HardFault_Handler  stm32f4xx_it.o
    0x08001f86   0x08001f86   0x00000002   PAD
    0x08001f88   0x08001f88   0x0000004c   Code   RO          244    i.MX_CAN1_Init      can.o
    0x08001fd4   0x08001fd4   0x000001a0   Code   RO          218    i.MX_GPIO_Init      gpio.o
    0x08002174   0x08002174   0x0000002c   Code   RO          284    i.MX_IWDG_Init      iwdg.o
    0x080021a0   0x080021a0   0x00000048   Code   RO          316    i.MX_SPI3_Init      spi.o
    0x080021e8   0x080021e8   0x000000a8   Code   RO          359    i.MX_TIM2_Init      tim.o
    0x08002290   0x08002290   0x000000a8   Code   RO          360    i.MX_TIM3_Init      tim.o
    0x08002338   0x08002338   0x0000009c   Code   RO          361    i.MX_TIM4_Init      tim.o
    0x080023d4   0x080023d4   0x00000068   Code   RO          362    i.MX_TIM5_Init      tim.o
    0x0800243c   0x0800243c   0x00000044   Code   RO          363    i.MX_TIM7_Init      tim.o
    0x08002480   0x08002480   0x00000038   Code   RO          430    i.MX_USART1_UART_Init  usart.o
    0x080024b8   0x080024b8   0x00000002   Code   RO          474    i.MemManage_Handler  stm32f4xx_it.o
    0x080024ba   0x080024ba   0x00000002   Code   RO          475    i.NMI_Handler       stm32f4xx_it.o
    0x080024bc   0x080024bc   0x00000002   Code   RO         3693    i.OnLongPress       elaco_main.o
    0x080024be   0x080024be   0x00000002   Code   RO         3694    i.OnPress           elaco_main.o
    0x080024c0   0x080024c0   0x00000002   Code   RO          476    i.PendSV_Handler    stm32f4xx_it.o
    0x080024c2   0x080024c2   0x00000002   Code   RO          477    i.SVC_Handler       stm32f4xx_it.o
    0x080024c4   0x080024c4   0x00000004   Code   RO          478    i.SysTick_Handler   stm32f4xx_it.o
    0x080024c8   0x080024c8   0x00000094   Code   RO           14    i.SystemClock_Config  main.o
    0x0800255c   0x0800255c   0x00000010   Code   RO         3654    i.SystemInit        system_stm32f4xx.o
    0x0800256c   0x0800256c   0x0000000c   Code   RO          479    i.TIM5_IRQHandler   stm32f4xx_it.o
    0x08002578   0x08002578   0x00000020   Code   RO         4615    i.TIM7_IRQHandler   porttimer.o
    0x08002598   0x08002598   0x000000d0   Code   RO         2412    i.TIM_Base_SetConfig  stm32f4xx_hal_tim.o
    0x08002668   0x08002668   0x0000001a   Code   RO         2413    i.TIM_CCxChannelCmd  stm32f4xx_hal_tim.o
    0x08002682   0x08002682   0x00000014   Code   RO         2423    i.TIM_ETR_SetConfig  stm32f4xx_hal_tim.o
    0x08002696   0x08002696   0x00000010   Code   RO         2424    i.TIM_ITRx_SetConfig  stm32f4xx_hal_tim.o
    0x080026a6   0x080026a6   0x00000002   PAD
    0x080026a8   0x080026a8   0x00000060   Code   RO         2425    i.TIM_OC1_SetConfig  stm32f4xx_hal_tim.o
    0x08002708   0x08002708   0x0000006c   Code   RO         2426    i.TIM_OC2_SetConfig  stm32f4xx_hal_tim.o
    0x08002774   0x08002774   0x00000068   Code   RO         2427    i.TIM_OC3_SetConfig  stm32f4xx_hal_tim.o
    0x080027dc   0x080027dc   0x00000050   Code   RO         2428    i.TIM_OC4_SetConfig  stm32f4xx_hal_tim.o
    0x0800282c   0x0800282c   0x00000022   Code   RO         2430    i.TIM_TI1_ConfigInputStage  stm32f4xx_hal_tim.o
    0x0800284e   0x0800284e   0x00000024   Code   RO         2432    i.TIM_TI2_ConfigInputStage  stm32f4xx_hal_tim.o
    0x08002872   0x08002872   0x00000002   PAD
    0x08002874   0x08002874   0x00000024   Code   RO         3914    i.Timer_Init        ela_timer.o
    0x08002898   0x08002898   0x0000010c   Code   RO         3346    i.UART_SetConfig    stm32f4xx_hal_uart.o
    0x080029a4   0x080029a4   0x00000002   Code   RO          480    i.UsageFault_Handler  stm32f4xx_it.o
    0x080029a6   0x080029a6   0x00000020   Code   RO         1575    i.__NVIC_SetPriority  stm32f4xx_hal_cortex.o
    0x080029c6   0x080029c6   0x0000000e   Code   RO         4691    i.__scatterload_copy  mc_w.l(handlers.o)
    0x080029d4   0x080029d4   0x00000002   Code   RO         4692    i.__scatterload_null  mc_w.l(handlers.o)
    0x080029d6   0x080029d6   0x0000000e   Code   RO         4693    i.__scatterload_zeroinit  mc_w.l(handlers.o)
    0x080029e4   0x080029e4   0x00000030   Code   RO         4217    i.eMBASCIIInit      mbascii.o
    0x08002a14   0x08002a14   0x00000048   Code   RO         4218    i.eMBASCIIReceive   mbascii.o
    0x08002a5c   0x08002a5c   0x00000048   Code   RO         4219    i.eMBASCIISend      mbascii.o
    0x08002aa4   0x08002aa4   0x0000001c   Code   RO         4220    i.eMBASCIIStart     mbascii.o
    0x08002ac0   0x08002ac0   0x00000012   Code   RO         4221    i.eMBASCIIStop      mbascii.o
    0x08002ad2   0x08002ad2   0x00000002   PAD
    0x08002ad4   0x08002ad4   0x00000020   Code   RO         4139    i.eMBEnable         mb.o
    0x08002af4   0x08002af4   0x00000072   Code   RO         4308    i.eMBFuncReadCoils  mbfunccoils.o
    0x08002b66   0x08002b66   0x00000072   Code   RO         4335    i.eMBFuncReadDiscreteInputs  mbfuncdisc.o
    0x08002bd8   0x08002bd8   0x0000005e   Code   RO         4347    i.eMBFuncReadHoldingRegister  mbfuncholding.o
    0x08002c36   0x08002c36   0x00000062   Code   RO         4377    i.eMBFuncReadInputRegister  mbfuncinput.o
    0x08002c98   0x08002c98   0x0000009c   Code   RO         4348    i.eMBFuncReadWriteMultipleHoldingRegister  mbfuncholding.o
    0x08002d34   0x08002d34   0x00000024   Code   RO         4389    i.eMBFuncReportSlaveID  mbfuncother.o
    0x08002d58   0x08002d58   0x00000056   Code   RO         4309    i.eMBFuncWriteCoil  mbfunccoils.o
    0x08002dae   0x08002dae   0x00000032   Code   RO         4349    i.eMBFuncWriteHoldingRegister  mbfuncholding.o
    0x08002de0   0x08002de0   0x00000064   Code   RO         4310    i.eMBFuncWriteMultipleCoils  mbfunccoils.o
    0x08002e44   0x08002e44   0x0000004e   Code   RO         4350    i.eMBFuncWriteMultipleHoldingRegister  mbfuncholding.o
    0x08002e92   0x08002e92   0x00000002   PAD
    0x08002e94   0x08002e94   0x000000c8   Code   RO         4140    i.eMBInit           mb.o
    0x08002f5c   0x08002f5c   0x000000b4   Code   RO         4141    i.eMBPoll           mb.o
    0x08003010   0x08003010   0x0000003c   Code   RO         4410    i.eMBRTUInit        mbrtu.o
    0x0800304c   0x0800304c   0x00000050   Code   RO         4411    i.eMBRTUReceive     mbrtu.o
    0x0800309c   0x0800309c   0x00000058   Code   RO         4412    i.eMBRTUSend        mbrtu.o
    0x080030f4   0x080030f4   0x0000001c   Code   RO         4413    i.eMBRTUStart       mbrtu.o
    0x08003110   0x08003110   0x00000012   Code   RO         4414    i.eMBRTUStop        mbrtu.o
    0x08003122   0x08003122   0x00000002   PAD
    0x08003124   0x08003124   0x0000009c   Code   RO         4501    i.eMBRegCoilsCB     port.o
    0x080031c0   0x080031c0   0x00000080   Code   RO         4502    i.eMBRegDiscreteCB  port.o
    0x08003240   0x08003240   0x00000058   Code   RO         4503    i.eMBRegHoldingCB   port.o
    0x08003298   0x08003298   0x00000050   Code   RO         4504    i.eMBRegInputCB     port.o
    0x080032e8   0x080032e8   0x00000034   Code   RO         3695    i.elaco_main        elaco_main.o
    0x0800331c   0x0800331c   0x00000036   Code   RO           15    i.main              main.o
    0x08003352   0x08003352   0x00000018   Code   RO         4477    i.prveMBError2Exception  mbutils.o
    0x0800336a   0x0800336a   0x0000001c   Code   RO         4222    i.prvucMBBIN2CHAR   mbascii.o
    0x08003386   0x08003386   0x00000018   Code   RO         4223    i.prvucMBLRC        mbascii.o
    0x0800339e   0x0800339e   0x00000002   PAD
    0x080033a0   0x080033a0   0x0000002c   Code   RO         4291    i.usMBCRC16         mbcrc.o
    0x080033cc   0x080033cc   0x00000030   Code   RO         4565    i.vMBPortSerialEnable  portserial.o
    0x080033fc   0x080033fc   0x00000024   Code   RO         4645    i.vMBPortTimersDisable  porttimer.o
    0x08003420   0x08003420   0x00000018   Code   RO         4639    i.vMBPortTimersEnable  porttimer.o
    0x08003438   0x08003438   0x000000e4   Code   RO         4224    i.xMBASCIIReceiveFSM  mbascii.o
    0x0800351c   0x0800351c   0x00000030   Code   RO         4225    i.xMBASCIITimerT1SExpired  mbascii.o
    0x0800354c   0x0800354c   0x000000ac   Code   RO         4226    i.xMBASCIITransmitFSM  mbascii.o
    0x080035f8   0x080035f8   0x0000001c   Code   RO         4535    i.xMBPortEventGet   portevent.o
    0x08003614   0x08003614   0x00000010   Code   RO         4536    i.xMBPortEventInit  portevent.o
    0x08003624   0x08003624   0x00000010   Code   RO         4537    i.xMBPortEventPost  portevent.o
    0x08003634   0x08003634   0x00000010   Code   RO         4566    i.xMBPortSerialGetByte  portserial.o
    0x08003644   0x08003644   0x00000050   Code   RO         4567    i.xMBPortSerialInit  portserial.o
    0x08003694   0x08003694   0x0000000c   Code   RO         4568    i.xMBPortSerialPutByte  portserial.o
    0x080036a0   0x080036a0   0x00000074   Code   RO         4616    i.xMBPortTimersInit  porttimer.o
    0x08003714   0x08003714   0x00000068   Code   RO         4415    i.xMBRTUReceiveFSM  mbrtu.o
    0x0800377c   0x0800377c   0x00000040   Code   RO         4416    i.xMBRTUTimerT35Expired  mbrtu.o
    0x080037bc   0x080037bc   0x0000005c   Code   RO         4417    i.xMBRTUTransmitFSM  mbrtu.o
    0x08003818   0x08003818   0x00000010   Data   RO         3655    .constdata          system_stm32f4xx.o
    0x08003828   0x08003828   0x00000008   Data   RO         3656    .constdata          system_stm32f4xx.o
    0x08003830   0x08003830   0x00000200   Data   RO         4292    .constdata          mbcrc.o
    0x08003a30   0x08003a30   0x00000020   Data   RO         4689    Region$$Table       anon$$obj.o


    Execution Region RW_IRAM2 (Exec base: 0x10000000, Load base: 0x08003b4c, Size: 0x00000000, Max: 0x00010000, ABSOLUTE)

    **** No section assigned to this execution region ****


    Execution Region RW_IRAM1 (Exec base: 0x20000000, Load base: 0x08003a50, Size: 0x000008e0, Max: 0x00020000, ABSOLUTE)

    Exec Addr    Load Addr    Size         Type   Attr      Idx    E Section Name        Object

    0x20000000   0x08003a50   0x0000000c   Data   RW         1734    .data               stm32f4xx_hal.o
    0x2000000c   0x08003a5c   0x00000004   Data   RW         3657    .data               system_stm32f4xx.o
    0x20000010   0x08003a60   0x00000008   Data   RW         4084    .data               ela_button.o
    0x20000018   0x08003a68   0x000000ac   Data   RW         4143    .data               mb.o
    0x200000c4   0x08003b14   0x00000010   Data   RW         4227    .data               mbascii.o
    0x200000d4   0x08003b24   0x00000002   Data   RW         4392    .data               mbfuncother.o
    0x200000d6   0x08003b26   0x00000002   PAD
    0x200000d8   0x08003b28   0x0000000c   Data   RW         4419    .data               mbrtu.o
    0x200000e4   0x08003b34   0x00000014   Data   RW         4506    .data               port.o
    0x200000f8   0x08003b48   0x00000002   Data   RW         4538    .data               portevent.o
    0x200000fa   0x08003b4a   0x00000002   PAD
    0x200000fc        -       0x00000028   Zero   RW          245    .bss                can.o
    0x20000124        -       0x0000000c   Zero   RW          285    .bss                iwdg.o
    0x20000130        -       0x00000058   Zero   RW          317    .bss                spi.o
    0x20000188        -       0x00000168   Zero   RW          364    .bss                tim.o
    0x200002f0        -       0x00000048   Zero   RW          431    .bss                usart.o
    0x20000338        -       0x00000060   Zero   RW         4083    .bss                ela_button.o
    0x20000398        -       0x00000020   Zero   RW         4391    .bss                mbfuncother.o
    0x200003b8        -       0x00000100   Zero   RW         4418    .bss                mbrtu.o
    0x200004b8        -       0x00000028   Zero   RW         4505    .bss                port.o
    0x200004e0        -       0x00000400   Zero   RW            1    STACK               startup_stm32f407xx.o


==============================================================================

Image component sizes


      Code (inc. data)   RO Data    RW Data    ZI Data      Debug   Object Name

       200         24          0          0         40       1897   can.o
       652         36          0          8         96       6218   ela_button.o
       152         16          0          0          0       1412   ela_can.o
        36          8          0          0          0        545   ela_timer.o
       112         16          0          0          0       3337   elaco_main.o
       416         24          0          0          0       1271   gpio.o
        44          8          0          0         12        819   iwdg.o
       206          8          0          0          0     712736   main.o
       412         68          0        172          0       7728   mb.o
       738         38          0         16          0       9520   mbascii.o
        44          4        512          0          0       1376   mbcrc.o
       300          0          0          0          0       3918   mbfunccoils.o
       114          0          0          0          0       1636   mbfuncdisc.o
       378          0          0          0          0       5399   mbfuncholding.o
        98          0          0          0          0       1623   mbfuncinput.o
        36         10          0          2         32       1479   mbfuncother.o
       534         48          0         12        256       6919   mbrtu.o
        24          0          0          0          0        688   mbutils.o
       452         22          0         20         40       4609   port.o
        60         14          0          2          0       2440   portevent.o
       156         22          0          0          0       3140   portserial.o
       208         26          0          0          0       2987   porttimer.o
       180         24          0          0         88       1881   spi.o
        36          8        392          0       1024        884   startup_stm32f407xx.o
       144         24          0         12          0       9109   stm32f4xx_hal.o
      1658          6          0          0          0      15267   stm32f4xx_hal_can.o
       198         14          0          0          0      34123   stm32f4xx_hal_cortex.o
       516         46          0          0          0       3043   stm32f4xx_hal_gpio.o
       106          0          0          0          0       2051   stm32f4xx_hal_iwdg.o
        48          6          0          0          0        954   stm32f4xx_hal_msp.o
      1344         72          0          0          0       5548   stm32f4xx_hal_rcc.o
       188          0          0          0          0       1311   stm32f4xx_hal_spi.o
      2062        136          0          0          0      19565   stm32f4xx_hal_tim.o
       148         28          0          0          0       2677   stm32f4xx_hal_tim_ex.o
       368         10          0          0          0       2192   stm32f4xx_hal_uart.o
        44         12          0          0          0       5626   stm32f4xx_it.o
        16          4         24          4          0       1271   system_stm32f4xx.o
      1004         86          0          0        360       5860   tim.o
       180         22          0          0         72       1906   usart.o

    ----------------------------------------------------------------------
     13646        890        960        252       2020     894965   Object Totals
         0          0         32          0          0          0   (incl. Generated)
        34          0          0          4          0          0   (incl. Padding)

    ----------------------------------------------------------------------

      Code (inc. data)   RO Data    RW Data    ZI Data      Debug   Library Member Name

         0          0          0          0          0          0   entry.o
         0          0          0          0          0          0   entry10a.o
         0          0          0          0          0          0   entry11a.o
         4          0          0          0          0          0   entry12b.o
         8          4          0          0          0          0   entry2.o
         4          0          0          0          0          0   entry5.o
         0          0          0          0          0          0   entry7b.o
         0          0          0          0          0          0   entry8b.o
         8          4          0          0          0          0   entry9a.o
        30          0          0          0          0          0   handlers.o
        36          8          0          0          0         68   init.o
        30          0          0          0          0         68   llshl.o
        32          0          0          0          0         68   llushr.o
        36          0          0          0          0         68   memcpya.o
        36          0          0          0          0        108   memseta.o
        98          0          0          0          0         92   uldiv.o

    ----------------------------------------------------------------------
       322         16          0          0          0        472   Library Totals
         0          0          0          0          0          0   (incl. Padding)

    ----------------------------------------------------------------------

      Code (inc. data)   RO Data    RW Data    ZI Data      Debug   Library Name

       322         16          0          0          0        472   mc_w.l

    ----------------------------------------------------------------------
       322         16          0          0          0        472   Library Totals

    ----------------------------------------------------------------------

==============================================================================


      Code (inc. data)   RO Data    RW Data    ZI Data      Debug   

     13968        906        960        252       2020     880185   Grand Totals
     13968        906        960        252       2020     880185   ELF Image Totals
     13968        906        960        252          0          0   ROM Totals

==============================================================================

    Total RO  Size (Code + RO Data)                14928 (  14.58kB)
    Total RW  Size (RW Data + ZI Data)              2272 (   2.22kB)
    Total ROM Size (Code + RO Data + RW Data)      15180 (  14.82kB)

==============================================================================

