Component: ARM Compiler 5.06 update 7 (build 960) Tool: armlink [4d3601]

==============================================================================

Section Cross References

    startup_stm32f407xx.o(STACK) refers (Special) to heapauxi.o(.text) for __use_two_region_memory
    startup_stm32f407xx.o(HEAP) refers (Special) to heapauxi.o(.text) for __use_two_region_memory
    startup_stm32f407xx.o(RESET) refers (Special) to heapauxi.o(.text) for __use_two_region_memory
    startup_stm32f407xx.o(RESET) refers to startup_stm32f407xx.o(STACK) for __initial_sp
    startup_stm32f407xx.o(RESET) refers to startup_stm32f407xx.o(.text) for Reset_Handler
    startup_stm32f407xx.o(RESET) refers to stm32f4xx_it.o(i.NMI_Handler) for NMI_Handler
    startup_stm32f407xx.o(RESET) refers to stm32f4xx_it.o(i.HardFault_Handler) for HardFault_Handler
    startup_stm32f407xx.o(RESET) refers to stm32f4xx_it.o(i.MemManage_Handler) for MemManage_Handler
    startup_stm32f407xx.o(RESET) refers to stm32f4xx_it.o(i.BusFault_Handler) for BusFault_Handler
    startup_stm32f407xx.o(RESET) refers to stm32f4xx_it.o(i.UsageFault_Handler) for UsageFault_Handler
    startup_stm32f407xx.o(RESET) refers to stm32f4xx_it.o(i.SVC_Handler) for SVC_Handler
    startup_stm32f407xx.o(RESET) refers to stm32f4xx_it.o(i.DebugMon_Handler) for DebugMon_Handler
    startup_stm32f407xx.o(RESET) refers to stm32f4xx_it.o(i.PendSV_Handler) for PendSV_Handler
    startup_stm32f407xx.o(RESET) refers to stm32f4xx_it.o(i.SysTick_Handler) for SysTick_Handler
    startup_stm32f407xx.o(RESET) refers to stm32f4xx_it.o(i.CAN1_RX0_IRQHandler) for CAN1_RX0_IRQHandler
    startup_stm32f407xx.o(RESET) refers to stm32f4xx_it.o(i.TIM5_IRQHandler) for TIM5_IRQHandler
    startup_stm32f407xx.o(.text) refers (Special) to heapauxi.o(.text) for __use_two_region_memory
    startup_stm32f407xx.o(.text) refers to system_stm32f4xx.o(i.SystemInit) for SystemInit
    startup_stm32f407xx.o(.text) refers to __main.o(!!!main) for __main
    startup_stm32f407xx.o(.text) refers to startup_stm32f407xx.o(HEAP) for Heap_Mem
    startup_stm32f407xx.o(.text) refers to startup_stm32f407xx.o(STACK) for Stack_Mem
    main.o(i.SystemClock_Config) refers to rt_memclr_w.o(.text) for __aeabi_memclr4
    main.o(i.SystemClock_Config) refers to stm32f4xx_hal_rcc.o(i.HAL_RCC_OscConfig) for HAL_RCC_OscConfig
    main.o(i.SystemClock_Config) refers to main.o(i.Error_Handler) for Error_Handler
    main.o(i.SystemClock_Config) refers to stm32f4xx_hal_rcc.o(i.HAL_RCC_ClockConfig) for HAL_RCC_ClockConfig
    main.o(i.main) refers to stm32f4xx_hal.o(i.HAL_Init) for HAL_Init
    main.o(i.main) refers to main.o(i.SystemClock_Config) for SystemClock_Config
    main.o(i.main) refers to gpio.o(i.MX_GPIO_Init) for MX_GPIO_Init
    main.o(i.main) refers to can.o(i.MX_CAN1_Init) for MX_CAN1_Init
    main.o(i.main) refers to tim.o(i.MX_TIM2_Init) for MX_TIM2_Init
    main.o(i.main) refers to tim.o(i.MX_TIM4_Init) for MX_TIM4_Init
    main.o(i.main) refers to tim.o(i.MX_TIM3_Init) for MX_TIM3_Init
    main.o(i.main) refers to usart.o(i.MX_USART1_UART_Init) for MX_USART1_UART_Init
    main.o(i.main) refers to tim.o(i.MX_TIM5_Init) for MX_TIM5_Init
    main.o(i.main) refers to spi.o(i.MX_SPI3_Init) for MX_SPI3_Init
    main.o(i.main) refers to tim.o(i.MX_TIM7_Init) for MX_TIM7_Init
    main.o(i.main) refers to tim.o(i.MX_TIM9_Init) for MX_TIM9_Init
    main.o(i.main) refers to elaco_main.o(i.elaco_main) for elaco_main
    gpio.o(i.MX_GPIO_Init) refers to rt_memclr_w.o(.text) for __aeabi_memclr4
    gpio.o(i.MX_GPIO_Init) refers to stm32f4xx_hal_gpio.o(i.HAL_GPIO_WritePin) for HAL_GPIO_WritePin
    gpio.o(i.MX_GPIO_Init) refers to stm32f4xx_hal_gpio.o(i.HAL_GPIO_Init) for HAL_GPIO_Init
    can.o(i.HAL_CAN_MspDeInit) refers to stm32f4xx_hal_gpio.o(i.HAL_GPIO_DeInit) for HAL_GPIO_DeInit
    can.o(i.HAL_CAN_MspDeInit) refers to stm32f4xx_hal_cortex.o(i.HAL_NVIC_DisableIRQ) for HAL_NVIC_DisableIRQ
    can.o(i.HAL_CAN_MspInit) refers to rt_memclr_w.o(.text) for __aeabi_memclr4
    can.o(i.HAL_CAN_MspInit) refers to stm32f4xx_hal_gpio.o(i.HAL_GPIO_Init) for HAL_GPIO_Init
    can.o(i.HAL_CAN_MspInit) refers to stm32f4xx_hal_cortex.o(i.HAL_NVIC_SetPriority) for HAL_NVIC_SetPriority
    can.o(i.HAL_CAN_MspInit) refers to stm32f4xx_hal_cortex.o(i.HAL_NVIC_EnableIRQ) for HAL_NVIC_EnableIRQ
    can.o(i.MX_CAN1_Init) refers to stm32f4xx_hal_can.o(i.HAL_CAN_Init) for HAL_CAN_Init
    can.o(i.MX_CAN1_Init) refers to main.o(i.Error_Handler) for Error_Handler
    can.o(i.MX_CAN1_Init) refers to can.o(.bss) for hcan1
    iwdg.o(i.MX_IWDG_Init) refers to stm32f4xx_hal_iwdg.o(i.HAL_IWDG_Init) for HAL_IWDG_Init
    iwdg.o(i.MX_IWDG_Init) refers to main.o(i.Error_Handler) for Error_Handler
    iwdg.o(i.MX_IWDG_Init) refers to iwdg.o(.bss) for hiwdg
    spi.o(i.HAL_SPI_MspDeInit) refers to stm32f4xx_hal_gpio.o(i.HAL_GPIO_DeInit) for HAL_GPIO_DeInit
    spi.o(i.HAL_SPI_MspInit) refers to rt_memclr_w.o(.text) for __aeabi_memclr4
[...]
    .ARM.Collect$$libinit$$00000032          0x08000202   Section        0  libinit2.o(.ARM.Collect$$libinit$$00000032)
    .ARM.Collect$$libinit$$00000033          0x08000202   Section        2  libinit2.o(.ARM.Collect$$libinit$$00000033)
    .ARM.Collect$$libshutdown$$00000000      0x08000204   Section        2  libshutdown.o(.ARM.Collect$$libshutdown$$00000000)
    .ARM.Collect$$libshutdown$$00000002      0x08000206   Section        0  libshutdown2.o(.ARM.Collect$$libshutdown$$00000002)
    .ARM.Collect$$libshutdown$$00000004      0x08000206   Section        0  libshutdown2.o(.ARM.Collect$$libshutdown$$00000004)
    .ARM.Collect$$libshutdown$$00000006      0x08000206   Section        0  libshutdown2.o(.ARM.Collect$$libshutdown$$00000006)
    .ARM.Collect$$libshutdown$$00000009      0x08000206   Section        0  libshutdown2.o(.ARM.Collect$$libshutdown$$00000009)
    .ARM.Collect$$libshutdown$$0000000C      0x08000206   Section        0  libshutdown2.o(.ARM.Collect$$libshutdown$$0000000C)
    .ARM.Collect$$libshutdown$$0000000E      0x08000206   Section        0  libshutdown2.o(.ARM.Collect$$libshutdown$$0000000E)
    .ARM.Collect$$libshutdown$$00000011      0x08000206   Section        0  libshutdown2.o(.ARM.Collect$$libshutdown$$00000011)
    .ARM.Collect$$libshutdown$$00000012      0x08000206   Section        2  libshutdown2.o(.ARM.Collect$$libshutdown$$00000012)
    .ARM.Collect$$rtentry$$00000000          0x08000208   Section        0  __rtentry.o(.ARM.Collect$$rtentry$$00000000)
    .ARM.Collect$$rtentry$$00000002          0x08000208   Section        0  __rtentry2.o(.ARM.Collect$$rtentry$$00000002)
    .ARM.Collect$$rtentry$$00000004          0x08000208   Section        6  __rtentry4.o(.ARM.Collect$$rtentry$$00000004)
    .ARM.Collect$$rtentry$$00000009          0x0800020e   Section        0  __rtentry2.o(.ARM.Collect$$rtentry$$00000009)
    .ARM.Collect$$rtentry$$0000000A          0x0800020e   Section        4  __rtentry2.o(.ARM.Collect$$rtentry$$0000000A)
    .ARM.Collect$$rtentry$$0000000C          0x08000212   Section        0  __rtentry2.o(.ARM.Collect$$rtentry$$0000000C)
    .ARM.Collect$$rtentry$$0000000D          0x08000212   Section        8  __rtentry2.o(.ARM.Collect$$rtentry$$0000000D)
    .ARM.Collect$$rtexit$$00000000           0x0800021a   Section        2  rtexit.o(.ARM.Collect$$rtexit$$00000000)
    .ARM.Collect$$rtexit$$00000002           0x0800021c   Section        0  rtexit2.o(.ARM.Collect$$rtexit$$00000002)
    .ARM.Collect$$rtexit$$00000003           0x0800021c   Section        4  rtexit2.o(.ARM.Collect$$rtexit$$00000003)
    .ARM.Collect$$rtexit$$00000004           0x08000220   Section        6  rtexit2.o(.ARM.Collect$$rtexit$$00000004)
    .text                                    0x08000228   Section       64  startup_stm32f407xx.o(.text)
    $v0                                      0x08000228   Number         0  startup_stm32f407xx.o(.text)
    .text                                    0x08000268   Section      238  lludivv7m.o(.text)
    .text                                    0x08000356   Section       78  rt_memclr_w.o(.text)
    .text                                    0x080003a4   Section        0  heapauxi.o(.text)
    .text                                    0x080003aa   Section       74  sys_stackheap_outer.o(.text)
    .text                                    0x080003f4   Section        0  exit.o(.text)
    .text                                    0x08000408   Section        8  libspace.o(.text)
    .text                                    0x08000410   Section        0  sys_exit.o(.text)
    .text                                    0x0800041c   Section        2  use_no_semi.o(.text)
    .text                                    0x0800041e   Section        0  indicate_semi.o(.text)
    i.BusFault_Handler                       0x0800041e   Section        0  stm32f4xx_it.o(i.BusFault_Handler)
    i.CAN1_RX0_IRQHandler                    0x08000424   Section        0  stm32f4xx_it.o(i.CAN1_RX0_IRQHandler)
    i.DebugMon_Handler                       0x08000434   Section        0  stm32f4xx_it.o(i.DebugMon_Handler)
    i.Error_Handler                          0x08000436   Section        0  main.o(i.Error_Handler)
    i.HAL_CAN_ActivateNotification           0x0800043c   Section        0  stm32f4xx_hal_can.o(i.HAL_CAN_ActivateNotification)
    i.HAL_CAN_AddTxMessage                   0x08000466   Section        0  stm32f4xx_hal_can.o(i.HAL_CAN_AddTxMessage)
    i.HAL_CAN_ConfigFilter                   0x080005b0   Section        0  stm32f4xx_hal_can.o(i.HAL_CAN_ConfigFilter)
    i.HAL_CAN_ErrorCallback                  0x080006d0   Section        0  stm32f4xx_hal_can.o(i.HAL_CAN_ErrorCallback)
    i.HAL_CAN_GetRxMessage                   0x080006d2   Section        0  stm32f4xx_hal_can.o(i.HAL_CAN_GetRxMessage)
    i.HAL_CAN_IRQHandler                     0x08000866   Section        0  stm32f4xx_hal_can.o(i.HAL_CAN_IRQHandler)
    i.HAL_CAN_Init                           0x08000ab4   Section        0  stm32f4xx_hal_can.o(i.HAL_CAN_Init)
    i.HAL_CAN_MspInit                        0x08000c28   Section        0  can.o(i.HAL_CAN_MspInit)
    i.HAL_CAN_RxFifo0FullCallback            0x08000cc0   Section        0  stm32f4xx_hal_can.o(i.HAL_CAN_RxFifo0FullCallback)
    i.HAL_CAN_RxFifo0MsgPendingCallback      0x08000cc4   Section        0  elaco_main.o(i.HAL_CAN_RxFifo0MsgPendingCallback)
    i.HAL_CAN_RxFifo1FullCallback            0x08000d0c   Section        0  stm32f4xx_hal_can.o(i.HAL_CAN_RxFifo1FullCallback)
    i.HAL_CAN_RxFifo1MsgPendingCallback      0x08000d0e   Section        0  stm32f4xx_hal_can.o(i.HAL_CAN_RxFifo1MsgPendingCallback)
    i.HAL_CAN_SleepCallback                  0x08000d10   Section        0  stm32f4xx_hal_can.o(i.HAL_CAN_SleepCallback)
    i.HAL_CAN_Start                          0x08000d12   Section        0  stm32f4xx_hal_can.o(i.HAL_CAN_Start)
    i.HAL_CAN_TxMailbox0AbortCallback        0x08000d70   Section        0  stm32f4xx_hal_can.o(i.HAL_CAN_TxMailbox0AbortCallback)
    i.HAL_CAN_TxMailbox0CompleteCallback     0x08000d72   Section        0  stm32f4xx_hal_can.o(i.HAL_CAN_TxMailbox0CompleteCallback)
    i.HAL_CAN_TxMailbox1AbortCallback        0x08000d74   Section        0  stm32f4xx_hal_can.o(i.HAL_CAN_TxMailbox1AbortCallback)
    i.HAL_CAN_TxMailbox1CompleteCallback     0x08000d76   Section        0  stm32f4xx_hal_can.o(i.HAL_CAN_TxMailbox1CompleteCallback)
    i.HAL_CAN_TxMailbox2AbortCallback        0x08000d78   Section        0  stm32f4xx_hal_can.o(i.HAL_CAN_TxMailbox2AbortCallback)
    i.HAL_CAN_TxMailbox2CompleteCallback     0x08000d7a   Section        0  stm32f4xx_hal_can.o(i.HAL_CAN_TxMailbox2CompleteCallback)
    i.HAL_CAN_WakeUpFromRxMsgCallback        0x08000d7c   Section        0  stm32f4xx_hal_can.o(i.HAL_CAN_WakeUpFromRxMsgCallback)
    i.HAL_Delay                              0x08000d80   Section        0  stm32f4xx_hal.o(i.HAL_Delay)
    i.HAL_GPIO_Init                          0x08000da8   Section        0  stm32f4xx_hal_gpio.o(i.HAL_GPIO_Init)
    i.HAL_GPIO_WritePin                      0x08000f9c   Section        0  stm32f4xx_hal_gpio.o(i.HAL_GPIO_WritePin)
    i.HAL_GetTick                            0x08000fa8   Section        0  stm32f4xx_hal.o(i.HAL_GetTick)
    i.HAL_IncTick                            0x08000fb4   Section        0  stm32f4xx_hal.o(i.HAL_IncTick)
    i.HAL_Init                               0x08000fcc   Section        0  stm32f4xx_hal.o(i.HAL_Init)
    i.HAL_InitTick                           0x08001008   Section        0  stm32f4xx_hal.o(i.HAL_InitTick)
    i.HAL_MspInit                            0x08001054   Section        0  stm32f4xx_hal_msp.o(i.HAL_MspInit)
    i.HAL_NVIC_EnableIRQ                     0x0800109c   Section        0  stm32f4xx_hal_cortex.o(i.HAL_NVIC_EnableIRQ)
    i.HAL_NVIC_SetPriority                   0x080010c4   Section        0  stm32f4xx_hal_cortex.o(i.HAL_NVIC_SetPriority)
    i.HAL_NVIC_SetPriorityGrouping           0x08001140   Section        0  stm32f4xx_hal_cortex.o(i.HAL_NVIC_SetPriorityGrouping)
    i.HAL_RCC_ClockConfig                    0x08001168   Section        0  stm32f4xx_hal_rcc.o(i.HAL_RCC_ClockConfig)
    i.HAL_RCC_GetHCLKFreq                    0x080012ec   Section        0  stm32f4xx_hal_rcc.o(i.HAL_RCC_GetHCLKFreq)
    i.HAL_RCC_GetPCLK1Freq                   0x080012f8   Section        0  stm32f4xx_hal_rcc.o(i.HAL_RCC_GetPCLK1Freq)
    i.HAL_RCC_GetPCLK2Freq                   0x08001318   Section        0  stm32f4xx_hal_rcc.o(i.HAL_RCC_GetPCLK2Freq)
    i.HAL_RCC_GetSysClockFreq                0x08001338   Section        0  stm32f4xx_hal_rcc.o(i.HAL_RCC_GetSysClockFreq)
    i.HAL_RCC_OscConfig                      0x080013e8   Section        0  stm32f4xx_hal_rcc.o(i.HAL_RCC_OscConfig)
    i.HAL_SPI_Init                           0x08001884   Section        0  stm32f4xx_hal_spi.o(i.HAL_SPI_Init)
    i.HAL_SPI_MspInit                        0x0800194c   Section        0  spi.o(i.HAL_SPI_MspInit)
    i.HAL_SPI_TransmitReceive                0x080019d4   Section        0  stm32f4xx_hal_spi.o(i.HAL_SPI_TransmitReceive)
    i.HAL_SYSTICK_Config                     0x08001c1c   Section        0  stm32f4xx_hal_cortex.o(i.HAL_SYSTICK_Config)
    i.HAL_TIMEx_BreakCallback                0x08001c50   Section        0  stm32f4xx_hal_tim_ex.o(i.HAL_TIMEx_BreakCallback)
    i.HAL_TIMEx_CommutCallback               0x08001c52   Section        0  stm32f4xx_hal_tim_ex.o(i.HAL_TIMEx_CommutCallback)
    i.HAL_TIMEx_MasterConfigSynchronization  0x08001c54   Section        0  stm32f4xx_hal_tim_ex.o(i.HAL_TIMEx_MasterConfigSynchronization)
    i.HAL_TIM_Base_Init                      0x08001d08   Section        0  stm32f4xx_hal_tim.o(i.HAL_TIM_Base_Init)
    i.HAL_TIM_Base_MspInit                   0x08001d70   Section        0  tim.o(i.HAL_TIM_Base_MspInit)
    i.HAL_TIM_ConfigClockSource              0x08001ea8   Section        0  stm32f4xx_hal_tim.o(i.HAL_TIM_ConfigClockSource)
    i.HAL_TIM_IC_CaptureCallback             0x08001fb4   Section        0  stm32f4xx_hal_tim.o(i.HAL_TIM_IC_CaptureCallback)
    i.HAL_TIM_IRQHandler                     0x08001fb6   Section        0  stm32f4xx_hal_tim.o(i.HAL_TIM_IRQHandler)
    i.HAL_TIM_MspPostInit                    0x08002124   Section        0  tim.o(i.HAL_TIM_MspPostInit)
    i.HAL_TIM_OC_DelayElapsedCallback        0x08002218   Section        0  stm32f4xx_hal_tim.o(i.HAL_TIM_OC_DelayElapsedCallback)
    i.HAL_TIM_OnePulse_Init                  0x0800221a   Section        0  stm32f4xx_hal_tim.o(i.HAL_TIM_OnePulse_Init)
    i.HAL_TIM_OnePulse_MspInit               0x08002280   Section        0  stm32f4xx_hal_tim.o(i.HAL_TIM_OnePulse_MspInit)
    i.HAL_TIM_PWM_ConfigChannel              0x08002282   Section        0  stm32f4xx_hal_tim.o(i.HAL_TIM_PWM_ConfigChannel)
    i.HAL_TIM_PWM_Init                       0x08002386   Section        0  stm32f4xx_hal_tim.o(i.HAL_TIM_PWM_Init)
    i.HAL_TIM_PWM_MspInit                    0x080023ec   Section        0  stm32f4xx_hal_tim.o(i.HAL_TIM_PWM_MspInit)
    i.HAL_TIM_PWM_PulseFinishedCallback      0x080023ee   Section        0  stm32f4xx_hal_tim.o(i.HAL_TIM_PWM_PulseFinishedCallback)
    i.HAL_TIM_PeriodElapsedCallback          0x080023f0   Section        0  stm32f4xx_hal_tim.o(i.HAL_TIM_PeriodElapsedCallback)
    i.HAL_TIM_TriggerCallback                0x080023f2   Section        0  stm32f4xx_hal_tim.o(i.HAL_TIM_TriggerCallback)
    i.HAL_UART_Init                          0x080023f4   Section        0  stm32f4xx_hal_uart.o(i.HAL_UART_Init)
    i.HAL_UART_MspInit                       0x0800246c   Section        0  usart.o(i.HAL_UART_MspInit)
    i.HardFault_Handler                      0x08002504   Section        0  stm32f4xx_it.o(i.HardFault_Handler)
    i.MX_CAN1_Init                           0x08002508   Section        0  can.o(i.MX_CAN1_Init)
    i.MX_GPIO_Init                           0x08002554   Section        0  gpio.o(i.MX_GPIO_Init)
    i.MX_SPI3_Init                           0x08002768   Section        0  spi.o(i.MX_SPI3_Init)
    i.MX_TIM2_Init                           0x080027b0   Section        0  tim.o(i.MX_TIM2_Init)
    i.MX_TIM3_Init                           0x08002860   Section        0  tim.o(i.MX_TIM3_Init)
    i.MX_TIM4_Init                           0x08002910   Section        0  tim.o(i.MX_TIM4_Init)
    i.MX_TIM5_Init                           0x080029b8   Section        0  tim.o(i.MX_TIM5_Init)
    i.MX_TIM7_Init                           0x08002a28   Section        0  tim.o(i.MX_TIM7_Init)
    i.MX_TIM9_Init                           0x08002a70   Section        0  tim.o(i.MX_TIM9_Init)
    i.MX_USART1_UART_Init                    0x08002ac0   Section        0  usart.o(i.MX_USART1_UART_Init)
    i.MemManage_Handler                      0x08002af8   Section        0  stm32f4xx_it.o(i.MemManage_Handler)
    i.NMI_Handler                            0x08002afc   Section        0  stm32f4xx_it.o(i.NMI_Handler)
    i.PendSV_Handler                         0x08002b00   Section        0  stm32f4xx_it.o(i.PendSV_Handler)
    i.SPI_EndRxTxTransaction                 0x08002b04   Section        0  stm32f4xx_hal_spi.o(i.SPI_EndRxTxTransaction)
    SPI_EndRxTxTransaction                   0x08002b05   Thumb Code   128  stm32f4xx_hal_spi.o(i.SPI_EndRxTxTransaction)
    i.SPI_WaitFlagStateUntilTimeout          0x08002b8c   Section        0  stm32f4xx_hal_spi.o(i.SPI_WaitFlagStateUntilTimeout)
    SPI_WaitFlagStateUntilTimeout            0x08002b8d   Thumb Code   212  stm32f4xx_hal_spi.o(i.SPI_WaitFlagStateUntilTimeout)
    i.SVC_Handler                            0x08002c64   Section        0  stm32f4xx_it.o(i.SVC_Handler)
    i.SysTick_Handler                        0x08002c66   Section        0  stm32f4xx_it.o(i.SysTick_Handler)
    i.SystemClock_Config                     0x08002c70   Section        0  main.o(i.SystemClock_Config)
    i.SystemInit                             0x08002d24   Section        0  system_stm32f4xx.o(i.SystemInit)
    i.TIM5_IRQHandler                        0x08002d38   Section        0  stm32f4xx_it.o(i.TIM5_IRQHandler)
    i.TIM_Base_SetConfig                     0x08002d48   Section        0  stm32f4xx_hal_tim.o(i.TIM_Base_SetConfig)
    i.TIM_ETR_SetConfig                      0x08002e28   Section        0  stm32f4xx_hal_tim.o(i.TIM_ETR_SetConfig)
    i.TIM_ITRx_SetConfig                     0x08002e3e   Section        0  stm32f4xx_hal_tim.o(i.TIM_ITRx_SetConfig)
    TIM_ITRx_SetConfig                       0x08002e3f   Thumb Code    18  stm32f4xx_hal_tim.o(i.TIM_ITRx_SetConfig)
    i.TIM_OC1_SetConfig                      0x08002e50   Section        0  stm32f4xx_hal_tim.o(i.TIM_OC1_SetConfig)
    TIM_OC1_SetConfig                        0x08002e51   Thumb Code   104  stm32f4xx_hal_tim.o(i.TIM_OC1_SetConfig)
    i.TIM_OC2_SetConfig                      0x08002ec0   Section        0  stm32f4xx_hal_tim.o(i.TIM_OC2_SetConfig)
    i.TIM_OC3_SetConfig                      0x08002f3c   Section        0  stm32f4xx_hal_tim.o(i.TIM_OC3_SetConfig)
    TIM_OC3_SetConfig                        0x08002f3d   Thumb Code   112  stm32f4xx_hal_tim.o(i.TIM_OC3_SetConfig)
    i.TIM_OC4_SetConfig                      0x08002fb4   Section        0  stm32f4xx_hal_tim.o(i.TIM_OC4_SetConfig)
    TIM_OC4_SetConfig                        0x08002fb5   Thumb Code    74  stm32f4xx_hal_tim.o(i.TIM_OC4_SetConfig)
    i.TIM_TI1_ConfigInputStage               0x08003008   Section        0  stm32f4xx_hal_tim.o(i.TIM_TI1_ConfigInputStage)
    TIM_TI1_ConfigInputStage                 0x08003009   Thumb Code    38  stm32f4xx_hal_tim.o(i.TIM_TI1_ConfigInputStage)
    i.TIM_TI2_ConfigInputStage               0x0800302e   Section        0  stm32f4xx_hal_tim.o(i.TIM_TI2_ConfigInputStage)
    TIM_TI2_ConfigInputStage                 0x0800302f   Thumb Code    40  stm32f4xx_hal_tim.o(i.TIM_TI2_ConfigInputStage)
    i.UART_SetConfig                         0x08003058   Section        0  stm32f4xx_hal_uart.o(i.UART_SetConfig)
    UART_SetConfig                           0x08003059   Thumb Code   546  stm32f4xx_hal_uart.o(i.UART_SetConfig)
    i.UsageFault_Handler                     0x08003284   Section        0  stm32f4xx_it.o(i.UsageFault_Handler)
    i.__NVIC_GetPriorityGrouping             0x08003288   Section        0  stm32f4xx_hal_cortex.o(i.__NVIC_GetPriorityGrouping)
    __NVIC_GetPriorityGrouping               0x08003289   Thumb Code    10  stm32f4xx_hal_cortex.o(i.__NVIC_GetPriorityGrouping)
    i.__NVIC_SetPriority                     0x08003298   Section        0  stm32f4xx_hal_cortex.o(i.__NVIC_SetPriority)
    __NVIC_SetPriority                       0x08003299   Thumb Code    32  stm32f4xx_hal_cortex.o(i.__NVIC_SetPriority)
    i.bytes_to_int32                         0x080032c0   Section        0  ela_can_usr.o(i.bytes_to_int32)
    bytes_to_int32                           0x080032c1   Thumb Code    24  ela_can_usr.o(i.bytes_to_int32)
    i.calc_checksum                          0x080032d8   Section        0  ela_can_usr.o(i.calc_checksum)
    calc_checksum                            0x080032d9   Thumb Code    24  ela_can_usr.o(i.calc_checksum)
    i.can_filter_config                      0x080032f0   Section        0  ela_can_drv.o(i.can_filter_config)
    can_filter_config                        0x080032f1   Thumb Code    60  ela_can_drv.o(i.can_filter_config)
    i.can_send_msg                           0x08003330   Section        0  ela_can_drv.o(i.can_send_msg)
    can_send_msg                             0x08003331   Thumb Code    52  ela_can_drv.o(i.can_send_msg)
    i.can_start_rx                           0x08003368   Section        0  ela_can_drv.o(i.can_start_rx)
    can_start_rx                             0x08003369   Thumb Code    18  ela_can_drv.o(i.can_start_rx)
    i.ela_can_drv_init                       0x08003380   Section        0  ela_can_drv.o(i.ela_can_drv_init)
    i.ela_can_drv_send                       0x0800338c   Section        0  ela_can_drv.o(i.ela_can_drv_send)
    i.ela_can_usr_init                       0x0800339c   Section        0  ela_can_usr.o(i.ela_can_usr_init)
    i.ela_can_usr_process                    0x080033a0   Section        0  ela_can_usr.o(i.ela_can_usr_process)
    i.ela_can_usr_send_motion_feedback       0x08003548   Section        0  ela_can_usr.o(i.ela_can_usr_send_motion_feedback)
    i.ela_motor_ctrl_apply_profile           0x08003584   Section        0  ela_motor_ctrl.o(i.ela_motor_ctrl_apply_profile)
    i.ela_motor_ctrl_get_encoder_deviation   0x080035c0   Section        0  ela_motor_ctrl.o(i.ela_motor_ctrl_get_encoder_deviation)
    i.ela_motor_ctrl_get_stage               0x080035ea   Section        0  ela_motor_ctrl.o(i.ela_motor_ctrl_get_stage)
    i.ela_motor_ctrl_get_status              0x08003604   Section        0  ela_motor_ctrl.o(i.ela_motor_ctrl_get_status)
    i.ela_motor_ctrl_init                    0x0800361e   Section        0  ela_motor_ctrl.o(i.ela_motor_ctrl_init)
    i.ela_motor_ctrl_move_by                 0x08003620   Section        0  ela_motor_ctrl.o(i.ela_motor_ctrl_move_by)
    i.ela_motor_ctrl_move_to                 0x0800365c   Section        0  ela_motor_ctrl.o(i.ela_motor_ctrl_move_to)
    i.ela_motor_ctrl_set_velocity            0x08003698   Section        0  ela_motor_ctrl.o(i.ela_motor_ctrl_set_velocity)
    i.ela_motor_ctrl_stop                    0x080036d4   Section        0  ela_motor_ctrl.o(i.ela_motor_ctrl_stop)
    i.ela_queue_delete                       0x08003708   Section        0  ela_queue.o(i.ela_queue_delete)
    i.ela_queue_first                        0x08003736   Section        0  ela_queue.o(i.ela_queue_first)
    i.ela_queue_init                         0x0800374c   Section        0  ela_queue.o(i.ela_queue_init)
    i.ela_queue_insert                       0x0800375c   Section        0  ela_queue.o(i.ela_queue_insert)
    i.ela_queue_is_empty                     0x080037a8   Section        0  ela_queue.o(i.ela_queue_is_empty)
    i.ela_tmc5160_apply_profile              0x080037b8   Section        0  ela_tmc5160_usr.o(i.ela_tmc5160_apply_profile)
    i.ela_tmc5160_config_encoder             0x08003834   Section        0  ela_tmc5160_usr.o(i.ela_tmc5160_config_encoder)
    i.ela_tmc5160_get_encoder_position       0x08003860   Section        0  ela_tmc5160_usr.o(i.ela_tmc5160_get_encoder_position)
    i.ela_tmc5160_get_motion_phase           0x0800386e   Section        0  ela_tmc5160_usr.o(i.ela_tmc5160_get_motion_phase)
    i.ela_tmc5160_get_position               0x080038b4   Section        0  ela_tmc5160_usr.o(i.ela_tmc5160_get_position)
    i.ela_tmc5160_get_status_flags           0x080038c2   Section        0  ela_tmc5160_usr.o(i.ela_tmc5160_get_status_flags)
    i.ela_tmc5160_init                       0x08003960   Section        0  ela_tmc5160_usr.o(i.ela_tmc5160_init)
    i.ela_tmc5160_move_by                    0x080039d8   Section        0  ela_tmc5160_usr.o(i.ela_tmc5160_move_by)
    i.ela_tmc5160_move_to                    0x080039f0   Section        0  ela_tmc5160_usr.o(i.ela_tmc5160_move_to)
    i.ela_tmc5160_read_reg                   0x08003a0c   Section        0  ela_tmc5160_usr.o(i.ela_tmc5160_read_reg)
    i.ela_tmc5160_set_velocity               0x08003a1c   Section        0  ela_tmc5160_usr.o(i.ela_tmc5160_set_velocity)
    i.ela_tmc5160_stop                       0x08003a52   Section        0  ela_tmc5160_usr.o(i.ela_tmc5160_stop)
    i.ela_tmc5160_write_reg                  0x08003a6c   Section        0  ela_tmc5160_usr.o(i.ela_tmc5160_write_reg)
    i.elaco_main                             0x08003a80   Section        0  elaco_main.o(i.elaco_main)
    i.get_chip                               0x08003aa4   Section        0  ela_motor_ctrl.o(i.get_chip)
    get_chip                                 0x08003aa5   Thumb Code    22  ela_motor_ctrl.o(i.get_chip)
    i.int32_to_bytes                         0x08003ac4   Section        0  ela_can_usr.o(i.int32_to_bytes)
    int32_to_bytes                           0x08003ac5   Thumb Code    16  ela_can_usr.o(i.int32_to_bytes)
    i.main                                   0x08003ad4   Section        0  main.o(i.main)
    i.tmc5160_drv_delay_ms                   0x08003b0c   Section        0  ela_tmc5160_drv.o(i.tmc5160_drv_delay_ms)
    i.tmc5160_drv_deselect_chip              0x08003b18   Section        0  ela_tmc5160_drv.o(i.tmc5160_drv_deselect_chip)
    i.tmc5160_drv_enable                     0x08003b44   Section        0  ela_tmc5160_drv.o(i.tmc5160_drv_enable)
    i.tmc5160_drv_read_reg                   0x08003b70   Section        0  ela_tmc5160_drv.o(i.tmc5160_drv_read_reg)
    i.tmc5160_drv_select_chip                0x08003c08   Section        0  ela_tmc5160_drv.o(i.tmc5160_drv_select_chip)
    i.tmc5160_drv_set_mode                   0x08003c34   Section        0  ela_tmc5160_drv.o(i.tmc5160_drv_set_mode)
    i.tmc5160_drv_write_reg                  0x08003c9c   Section        0  ela_tmc5160_drv.o(i.tmc5160_drv_write_reg)
    i.tmc5160_is_reg_valid                   0x08003cf0   Section        0  ela_tmc5160_usr.o(i.tmc5160_is_reg_valid)
    tmc5160_is_reg_valid                     0x08003cf1   Thumb Code    18  ela_tmc5160_usr.o(i.tmc5160_is_reg_valid)
    x$fpl$fpinit                             0x08003d02   Section       10  fpinit.o(x$fpl$fpinit)
    $v0                                      0x08003d02   Number         0  fpinit.o(x$fpl$fpinit)
    .constdata                               0x08003d0c   Section       24  system_stm32f4xx.o(.constdata)
    .constdata                               0x08003d24   Section      152  ela_tmc5160_usr.o(.constdata)
    g_profiles                               0x08003d24   Data         144  ela_tmc5160_usr.o(.constdata)
    .data                                    0x20000000   Section        9  stm32f4xx_hal.o(.data)
    .data                                    0x2000000c   Section        4  system_stm32f4xx.o(.data)
    .data                                    0x20000010   Section       20  ela_tmc5160_drv.o(.data)
    tx_buf                                   0x20000010   Data           5  ela_tmc5160_drv.o(.data)
    rx_buf                                   0x20000015   Data           5  ela_tmc5160_drv.o(.data)
    tx_buf                                   0x2000001a   Data           5  ela_tmc5160_drv.o(.data)
    rx_buf                                   0x2000001f   Data           5  ela_tmc5160_drv.o(.data)
    .data                                    0x20000024   Section        6  ela_tmc5160_usr.o(.data)
    .bss                                     0x2000002c   Section       40  can.o(.bss)
    .bss                                     0x20000054   Section       88  spi.o(.bss)
    .bss                                     0x200000ac   Section      432  tim.o(.bss)
    .bss                                     0x2000025c   Section       72  usart.o(.bss)
    .bss                                     0x200002a4   Section      387  ela_queue.o(.bss)
    .bss                                     0x20000428   Section       96  libspace.o(.bss)
    HEAP                                     0x20000488   Section      512  startup_stm32f407xx.o(HEAP)
    Heap_Mem                                 0x20000488   Data         512  startup_stm32f407xx.o(HEAP)
    STACK                                    0x20000688   Section     1024  startup_stm32f407xx.o(STACK)
    Stack_Mem                                0x20000688   Data        1024  startup_stm32f407xx.o(STACK)
    __initial_sp                             0x20000a88   Data           0  startup_stm32f407xx.o(STACK)

    Global Symbols

    Symbol Name                              Value     Ov Type        Size  Object(Section)

    BuildAttributes$$THM_ISAv4$E$P$D$K$B$S$7EM$VFPi3$EXTD16$VFPS$VFMA$PE$A:L22UL41UL21$X:L11$S22US41US21$IEEE1$IW$USESV6$~STKCKD$USESV7$~SHL$OSPACE$ROPI$EBA8$UX$STANDARDLIB$REQ8$PRES8$EABIv2 0x00000000   Number         0  anon$$obj.o ABSOLUTE
    __ARM_use_no_argv                        0x00000000   Number         0  main.o ABSOLUTE
    __ARM_exceptions_init                     - Undefined Weak Reference
    __alloca_initialize                       - Undefined Weak Reference
    __arm_fini_                               - Undefined Weak Reference
    __arm_preinit_                            - Undefined Weak Reference
    __cpp_initialize__aeabi_                  - Undefined Weak Reference
    __cxa_finalize                            - Undefined Weak Reference
    __rt_locale                               - Undefined Weak Reference
    __sigvec_lookup                           - Undefined Weak Reference
    _atexit_init                              - Undefined Weak Reference
    _call_atexit_fns                          - Undefined Weak Reference
    _clock_init                               - Undefined Weak Reference
    _fp_trap_init                             - Undefined Weak Reference
    _fp_trap_shutdown                         - Undefined Weak Reference
    _get_lc_collate                           - Undefined Weak Reference
    _get_lc_ctype                             - Undefined Weak Reference
    _get_lc_monetary                          - Undefined Weak Reference
    _get_lc_numeric                           - Undefined Weak Reference
    _get_lc_time                              - Undefined Weak Reference
    _getenv_init                              - Undefined Weak Reference
    _handle_redirection                       - Undefined Weak Reference
    _init_alloc                               - Undefined Weak Reference
    _init_user_alloc                          - Undefined Weak Reference
    _initio                                   - Undefined Weak Reference
    _rand_init                                - Undefined Weak Reference
    _signal_finish                            - Undefined Weak Reference
    _signal_init                              - Undefined Weak Reference
    _terminate_alloc                          - Undefined Weak Reference
    _terminate_user_alloc                     - Undefined Weak Reference
    _terminateio                              - Undefined Weak Reference
    __Vectors_Size                           0x00000188   Number         0  startup_stm32f407xx.o ABSOLUTE
    __Vectors                                0x08000000   Data           4  startup_stm32f407xx.o(RESET)
    __Vectors_End                            0x08000188   Data           0  startup_stm32f407xx.o(RESET)
    __main                                   0x08000189   Thumb Code     8  __main.o(!!!main)
    __scatterload                            0x08000191   Thumb Code     0  __scatter.o(!!!scatter)
    __scatterload_rt2                        0x08000191   Thumb Code    44  __scatter.o(!!!scatter)
    __scatterload_rt2_thumb_only             0x08000191   Thumb Code     0  __scatter.o(!!!scatter)
    __scatterload_null                       0x0800019f   Thumb Code     0  __scatter.o(!!!scatter)
    __scatterload_copy                       0x080001c5   Thumb Code    26  __scatter_copy.o(!!handler_copy)
    __scatterload_zeroinit                   0x080001e1   Thumb Code    28  __scatter_zi.o(!!handler_zi)
    __rt_lib_init                            0x080001fd   Thumb Code     0  libinit.o(.ARM.Collect$$libinit$$00000000)
    __rt_lib_init_fp_1                       0x080001ff   Thumb Code     0  libinit2.o(.ARM.Collect$$libinit$$00000001)
    __rt_lib_init_alloca_1                   0x08000203   Thumb Code     0  libinit2.o(.ARM.Collect$$libinit$$0000002E)
    __rt_lib_init_argv_1                     0x08000203   Thumb Code     0  libinit2.o(.ARM.Collect$$libinit$$0000002C)
    __rt_lib_init_atexit_1                   0x08000203   Thumb Code     0  libinit2.o(.ARM.Collect$$libinit$$0000001B)
    __rt_lib_init_clock_1                    0x08000203   Thumb Code     0  libinit2.o(.ARM.Collect$$libinit$$00000021)
    __rt_lib_init_cpp_1                      0x08000203   Thumb Code     0  libinit2.o(.ARM.Collect$$libinit$$00000032)
    __rt_lib_init_exceptions_1               0x08000203   Thumb Code     0  libinit2.o(.ARM.Collect$$libinit$$00000030)
    __rt_lib_init_fp_trap_1                  0x08000203   Thumb Code     0  libinit2.o(.ARM.Collect$$libinit$$0000001F)
    __rt_lib_init_getenv_1                   0x08000203   Thumb Code     0  libinit2.o(.ARM.Collect$$libinit$$00000023)
    __rt_lib_init_heap_1                     0x08000203   Thumb Code     0  libinit2.o(.ARM.Collect$$libinit$$0000000A)
    __rt_lib_init_lc_collate_1               0x08000203   Thumb Code     0  libinit2.o(.ARM.Collect$$libinit$$00000011)
    __rt_lib_init_lc_ctype_1                 0x08000203   Thumb Code     0  libinit2.o(.ARM.Collect$$libinit$$00000013)
    __rt_lib_init_lc_monetary_1              0x08000203   Thumb Code     0  libinit2.o(.ARM.Collect$$libinit$$00000015)
    __rt_lib_init_lc_numeric_1               0x08000203   Thumb Code     0  libinit2.o(.ARM.Collect$$libinit$$00000017)
    __rt_lib_init_lc_time_1                  0x08000203   Thumb Code     0  libinit2.o(.ARM.Collect$$libinit$$00000019)
    __rt_lib_init_preinit_1                  0x08000203   Thumb Code     0  libinit2.o(.ARM.Collect$$libinit$$00000004)
    __rt_lib_init_rand_1                     0x08000203   Thumb Code     0  libinit2.o(.ARM.Collect$$libinit$$0000000E)
    __rt_lib_init_return                     0x08000203   Thumb Code     0  libinit2.o(.ARM.Collect$$libinit$$00000033)
    __rt_lib_init_signal_1                   0x08000203   Thumb Code     0  libinit2.o(.ARM.Collect$$libinit$$0000001D)
    __rt_lib_init_stdio_1                    0x08000203   Thumb Code     0  libinit2.o(.ARM.Collect$$libinit$$00000025)
    __rt_lib_init_user_alloc_1               0x08000203   Thumb Code     0  libinit2.o(.ARM.Collect$$libinit$$0000000C)
    __rt_lib_shutdown                        0x08000205   Thumb Code     0  libshutdown.o(.ARM.Collect$$libshutdown$$00000000)
    __rt_lib_shutdown_cpp_1                  0x08000207   Thumb Code     0  libshutdown2.o(.ARM.Collect$$libshutdown$$00000004)
    __rt_lib_shutdown_fini_1                 0x08000207   Thumb Code     0  libshutdown2.o(.ARM.Collect$$libshutdown$$00000002)
    __rt_lib_shutdown_fp_trap_1              0x08000207   Thumb Code     0  libshutdown2.o(.ARM.Collect$$libshutdown$$00000009)
    __rt_lib_shutdown_heap_1                 0x08000207   Thumb Code     0  libshutdown2.o(.ARM.Collect$$libshutdown$$00000011)
    __rt_lib_shutdown_return                 0x08000207   Thumb Code     0  libshutdown2.o(.ARM.Collect$$libshutdown$$00000012)
    __rt_lib_shutdown_signal_1               0x08000207   Thumb Code     0  libshutdown2.o(.ARM.Collect$$libshutdown$$0000000C)
    __rt_lib_shutdown_stdio_1                0x08000207   Thumb Code     0  libshutdown2.o(.ARM.Collect$$libshutdown$$00000006)
    __rt_lib_shutdown_user_alloc_1           0x08000207   Thumb Code     0  libshutdown2.o(.ARM.Collect$$libshutdown$$0000000E)
    __rt_entry                               0x08000209   Thumb Code     0  __rtentry.o(.ARM.Collect$$rtentry$$00000000)
    __rt_entry_presh_1                       0x08000209   Thumb Code     0  __rtentry2.o(.ARM.Collect$$rtentry$$00000002)
    __rt_entry_sh                            0x08000209   Thumb Code     0  __rtentry4.o(.ARM.Collect$$rtentry$$00000004)
    __rt_entry_li                            0x0800020f   Thumb Code     0  __rtentry2.o(.ARM.Collect$$rtentry$$0000000A)
    __rt_entry_postsh_1                      0x0800020f   Thumb Code     0  __rtentry2.o(.ARM.Collect$$rtentry$$00000009)
    __rt_entry_main                          0x08000213   Thumb Code     0  __rtentry2.o(.ARM.Collect$$rtentry$$0000000D)
    __rt_entry_postli_1                      0x08000213   Thumb Code     0  __rtentry2.o(.ARM.Collect$$rtentry$$0000000C)
    __rt_exit                                0x0800021b   Thumb Code     0  rtexit.o(.ARM.Collect$$rtexit$$00000000)
    __rt_exit_ls                             0x0800021d   Thumb Code     0  rtexit2.o(.ARM.Collect$$rtexit$$00000003)
    __rt_exit_prels_1                        0x0800021d   Thumb Code     0  rtexit2.o(.ARM.Collect$$rtexit$$00000002)
    __rt_exit_exit                           0x08000221   Thumb Code     0  rtexit2.o(.ARM.Collect$$rtexit$$00000004)
    Reset_Handler                            0x08000229   Thumb Code     8  startup_stm32f407xx.o(.text)
    ADC_IRQHandler                           0x08000243   Thumb Code     0  startup_stm32f407xx.o(.text)
    CAN1_RX1_IRQHandler                      0x08000243   Thumb Code     0  startup_stm32f407xx.o(.text)
    CAN1_SCE_IRQHandler                      0x08000243   Thumb Code     0  startup_stm32f407xx.o(.text)
    CAN1_TX_IRQHandler                       0x08000243   Thumb Code     0  startup_stm32f407xx.o(.text)
    CAN2_RX0_IRQHandler                      0x08000243   Thumb Code     0  startup_stm32f407xx.o(.text)
    CAN2_RX1_IRQHandler                      0x08000243   Thumb Code     0  startup_stm32f407xx.o(.text)
    CAN2_SCE_IRQHandler                      0x08000243   Thumb Code     0  startup_stm32f407xx.o(.text)
    CAN2_TX_IRQHandler                       0x08000243   Thumb Code     0  startup_stm32f407xx.o(.text)
    DCMI_IRQHandler                          0x08000243   Thumb Code     0  startup_stm32f407xx.o(.text)
    DMA1_Stream0_IRQHandler                  0x08000243   Thumb Code     0  startup_stm32f407xx.o(.text)
    DMA1_Stream1_IRQHandler                  0x08000243   Thumb Code     0  startup_stm32f407xx.o(.text)
    DMA1_Stream2_IRQHandler                  0x08000243   Thumb Code     0  startup_stm32f407xx.o(.text)
    DMA1_Stream3_IRQHandler                  0x08000243   Thumb Code     0  startup_stm32f407xx.o(.text)
    DMA1_Stream4_IRQHandler                  0x08000243   Thumb Code     0  startup_stm32f407xx.o(.text)
    DMA1_Stream5_IRQHandler                  0x08000243   Thumb Code     0  startup_stm32f407xx.o(.text)
    DMA1_Stream6_IRQHandler                  0x08000243   Thumb Code     0  startup_stm32f407xx.o(.text)
    DMA1_Stream7_IRQHandler                  0x08000243   Thumb Code     0  startup_stm32f407xx.o(.text)
    DMA2_Stream0_IRQHandler                  0x08000243   Thumb Code     0  startup_stm32f407xx.o(.text)
    DMA2_Stream1_IRQHandler                  0x08000243   Thumb Code     0  startup_stm32f407xx.o(.text)
    DMA2_Stream2_IRQHandler                  0x08000243   Thumb Code     0  startup_stm32f407xx.o(.text)
    DMA2_Stream3_IRQHandler                  0x08000243   Thumb Code     0  startup_stm32f407xx.o(.text)
    DMA2_Stream4_IRQHandler                  0x08000243   Thumb Code     0  startup_stm32f407xx.o(.text)
    DMA2_Stream5_IRQHandler                  0x08000243   Thumb Code     0  startup_stm32f407xx.o(.text)
    DMA2_Stream6_IRQHandler                  0x08000243   Thumb Code     0  startup_stm32f407xx.o(.text)
    DMA2_Stream7_IRQHandler                  0x08000243   Thumb Code     0  startup_stm32f407xx.o(.text)
    ETH_IRQHandler                           0x08000243   Thumb Code     0  startup_stm32f407xx.o(.text)
    ETH_WKUP_IRQHandler                      0x08000243   Thumb Code     0  startup_stm32f407xx.o(.text)
    EXTI0_IRQHandler                         0x08000243   Thumb Code     0  startup_stm32f407xx.o(.text)
    EXTI15_10_IRQHandler                     0x08000243   Thumb Code     0  startup_stm32f407xx.o(.text)
    EXTI1_IRQHandler                         0x08000243   Thumb Code     0  startup_stm32f407xx.o(.text)
    EXTI2_IRQHandler                         0x08000243   Thumb Code     0  startup_stm32f407xx.o(.text)
    EXTI3_IRQHandler                         0x08000243   Thumb Code     0  startup_stm32f407xx.o(.text)
    EXTI4_IRQHandler                         0x08000243   Thumb Code     0  startup_stm32f407xx.o(.text)
    EXTI9_5_IRQHandler                       0x08000243   Thumb Code     0  startup_stm32f407xx.o(.text)
    FLASH_IRQHandler                         0x08000243   Thumb Code     0  startup_stm32f407xx.o(.text)
    FMC_IRQHandler                           0x08000243   Thumb Code     0  startup_stm32f407xx.o(.text)
    FPU_IRQHandler                           0x08000243   Thumb Code     0  startup_stm32f407xx.o(.text)
    HASH_RNG_IRQHandler                      0x08000243   Thumb Code     0  startup_stm32f407xx.o(.text)
    I2C1_ER_IRQHandler                       0x08000243   Thumb Code     0  startup_stm32f407xx.o(.text)
    I2C1_EV_IRQHandler                       0x08000243   Thumb Code     0  startup_stm32f407xx.o(.text)
    I2C2_ER_IRQHandler                       0x08000243   Thumb Code     0  startup_stm32f407xx.o(.text)
    I2C2_EV_IRQHandler                       0x08000243   Thumb Code     0  startup_stm32f407xx.o(.text)
    I2C3_ER_IRQHandler                       0x08000243   Thumb Code     0  startup_stm32f407xx.o(.text)
    I2C3_EV_IRQHandler                       0x08000243   Thumb Code     0  startup_stm32f407xx.o(.text)
    OTG_FS_IRQHandler                        0x08000243   Thumb Code     0  startup_stm32f407xx.o(.text)
    OTG_FS_WKUP_IRQHandler                   0x08000243   Thumb Code     0  startup_stm32f407xx.o(.text)
    OTG_HS_EP1_IN_IRQHandler                 0x08000243   Thumb Code     0  startup_stm32f407xx.o(.text)
    OTG_HS_EP1_OUT_IRQHandler                0x08000243   Thumb Code     0  startup_stm32f407xx.o(.text)
    OTG_HS_IRQHandler                        0x08000243   Thumb Code     0  startup_stm32f407xx.o(.text)
    OTG_HS_WKUP_IRQHandler                   0x08000243   Thumb Code     0  startup_stm32f407xx.o(.text)
    PVD_IRQHandler                           0x08000243   Thumb Code     0  startup_stm32f407xx.o(.text)
    RCC_IRQHandler                           0x08000243   Thumb Code     0  startup_stm32f407xx.o(.text)
    RTC_Alarm_IRQHandler                     0x08000243   Thumb Code     0  startup_stm32f407xx.o(.text)
    RTC_WKUP_IRQHandler                      0x08000243   Thumb Code     0  startup_stm32f407xx.o(.text)
    SDIO_IRQHandler                          0x08000243   Thumb Code     0  startup_stm32f407xx.o(.text)
    SPI1_IRQHandler                          0x08000243   Thumb Code     0  startup_stm32f407xx.o(.text)
    SPI2_IRQHandler                          0x08000243   Thumb Code     0  startup_stm32f407xx.o(.text)
    SPI3_IRQHandler                          0x08000243   Thumb Code     0  startup_stm32f407xx.o(.text)
    TAMP_STAMP_IRQHandler                    0x08000243   Thumb Code     0  startup_stm32f407xx.o(.text)
    TIM1_BRK_TIM9_IRQHandler                 0x08000243   Thumb Code     0  startup_stm32f407xx.o(.text)
    TIM1_CC_IRQHandler                       0x08000243   Thumb Code     0  startup_stm32f407xx.o(.text)
    TIM1_TRG_COM_TIM11_IRQHandler            0x08000243   Thumb Code     0  startup_stm32f407xx.o(.text)
    TIM1_UP_TIM10_IRQHandler                 0x08000243   Thumb Code     0  startup_stm32f407xx.o(.text)
    TIM2_IRQHandler                          0x08000243   Thumb Code     0  startup_stm32f407xx.o(.text)
    TIM3_IRQHandler                          0x08000243   Thumb Code     0  startup_stm32f407xx.o(.text)
    TIM4_IRQHandler                          0x08000243   Thumb Code     0  startup_stm32f407xx.o(.text)
    TIM6_DAC_IRQHandler                      0x08000243   Thumb Code     0  startup_stm32f407xx.o(.text)
    TIM7_IRQHandler                          0x08000243   Thumb Code     0  startup_stm32f407xx.o(.text)
    TIM8_BRK_TIM12_IRQHandler                0x08000243   Thumb Code     0  startup_stm32f407xx.o(.text)
    TIM8_CC_IRQHandler                       0x08000243   Thumb Code     0  startup_stm32f407xx.o(.text)
    TIM8_TRG_COM_TIM14_IRQHandler            0x08000243   Thumb Code     0  startup_stm32f407xx.o(.text)
    TIM8_UP_TIM13_IRQHandler                 0x08000243   Thumb Code     0  startup_stm32f407xx.o(.text)
    UART4_IRQHandler                         0x08000243   Thumb Code     0  startup_stm32f407xx.o(.text)
    UART5_IRQHandler                         0x08000243   Thumb Code     0  startup_stm32f407xx.o(.text)
    USART1_IRQHandler                        0x08000243   Thumb Code     0  startup_stm32f407xx.o(.text)
    USART2_IRQHandler                        0x08000243   Thumb Code     0  startup_stm32f407xx.o(.text)
    USART3_IRQHandler                        0x08000243   Thumb Code     0  startup_stm32f407xx.o(.text)
    USART6_IRQHandler                        0x08000243   Thumb Code     0  startup_stm32f407xx.o(.text)
    WWDG_IRQHandler                          0x08000243   Thumb Code     0  startup_stm32f407xx.o(.text)
    __user_initial_stackheap                 0x08000245   Thumb Code     0  startup_stm32f407xx.o(.text)
    __aeabi_uldivmod                         0x08000269   Thumb Code     0  lludivv7m.o(.text)
    _ll_udiv                                 0x08000269   Thumb Code   238  lludivv7m.o(.text)
    __aeabi_memclr4                          0x08000357   Thumb Code     0  rt_memclr_w.o(.text)
    __aeabi_memclr8                          0x08000357   Thumb Code     0  rt_memclr_w.o(.text)
    __rt_memclr_w                            0x08000357   Thumb Code    78  rt_memclr_w.o(.text)
    _memset_w                                0x0800035b   Thumb Code     0  rt_memclr_w.o(.text)
    __use_two_region_memory                  0x080003a5   Thumb Code     2  heapauxi.o(.text)
    __rt_heap_escrow$2region                 0x080003a7   Thumb Code     2  heapauxi.o(.text)
    __rt_heap_expand$2region                 0x080003a9   Thumb Code     2  heapauxi.o(.text)
    __user_setup_stackheap                   0x080003ab   Thumb Code    74  sys_stackheap_outer.o(.text)
    exit                                     0x080003f5   Thumb Code    18  exit.o(.text)
    __user_libspace                          0x08000409   Thumb Code     8  libspace.o(.text)
    __user_perproc_libspace                  0x08000409   Thumb Code     0  libspace.o(.text)
    __user_perthread_libspace                0x08000409   Thumb Code     0  libspace.o(.text)
    _sys_exit                                0x08000411   Thumb Code     8  sys_exit.o(.text)
    __I$use$semihosting                      0x0800041d   Thumb Code     0  use_no_semi.o(.text)
    __use_no_semihosting_swi                 0x0800041d   Thumb Code     2  use_no_semi.o(.text)
    BusFault_Handler                         0x0800041f   Thumb Code     4  stm32f4xx_it.o(i.BusFault_Handler)
    __semihosting_library_function           0x0800041f   Thumb Code     0  indicate_semi.o(.text)
    CAN1_RX0_IRQHandler                      0x08000425   Thumb Code    10  stm32f4xx_it.o(i.CAN1_RX0_IRQHandler)
    DebugMon_Handler                         0x08000435   Thumb Code     2  stm32f4xx_it.o(i.DebugMon_Handler)
    Error_Handler                            0x08000437   Thumb Code     6  main.o(i.Error_Handler)
    HAL_CAN_ActivateNotification             0x0800043d   Thumb Code    42  stm32f4xx_hal_can.o(i.HAL_CAN_ActivateNotification)
    HAL_CAN_AddTxMessage                     0x08000467   Thumb Code   330  stm32f4xx_hal_can.o(i.HAL_CAN_AddTxMessage)
    HAL_CAN_ConfigFilter                     0x080005b1   Thumb Code   284  stm32f4xx_hal_can.o(i.HAL_CAN_ConfigFilter)
    HAL_CAN_ErrorCallback                    0x080006d1   Thumb Code     2  stm32f4xx_hal_can.o(i.HAL_CAN_ErrorCallback)
    HAL_CAN_GetRxMessage                     0x080006d3   Thumb Code   404  stm32f4xx_hal_can.o(i.HAL_CAN_GetRxMessage)
    HAL_CAN_IRQHandler                       0x08000867   Thumb Code   590  stm32f4xx_hal_can.o(i.HAL_CAN_IRQHandler)
    HAL_CAN_Init                             0x08000ab5   Thumb Code   372  stm32f4xx_hal_can.o(i.HAL_CAN_Init)
    HAL_CAN_MspInit                          0x08000c29   Thumb Code   140  can.o(i.HAL_CAN_MspInit)
    HAL_CAN_RxFifo0FullCallback              0x08000cc1   Thumb Code     2  stm32f4xx_hal_can.o(i.HAL_CAN_RxFifo0FullCallback)
    HAL_CAN_RxFifo0MsgPendingCallback        0x08000cc5   Thumb Code    68  elaco_main.o(i.HAL_CAN_RxFifo0MsgPendingCallback)
    HAL_CAN_RxFifo1FullCallback              0x08000d0d   Thumb Code     2  stm32f4xx_hal_can.o(i.HAL_CAN_RxFifo1FullCallback)
    HAL_CAN_RxFifo1MsgPendingCallback        0x08000d0f   Thumb Code     2  stm32f4xx_hal_can.o(i.HAL_CAN_RxFifo1MsgPendingCallback)
    HAL_CAN_SleepCallback                    0x08000d11   Thumb Code     2  stm32f4xx_hal_can.o(i.HAL_CAN_SleepCallback)
    HAL_CAN_Start                            0x08000d13   Thumb Code    94  stm32f4xx_hal_can.o(i.HAL_CAN_Start)
    HAL_CAN_TxMailbox0AbortCallback          0x08000d71   Thumb Code     2  stm32f4xx_hal_can.o(i.HAL_CAN_TxMailbox0AbortCallback)
    HAL_CAN_TxMailbox0CompleteCallback       0x08000d73   Thumb Code     2  stm32f4xx_hal_can.o(i.HAL_CAN_TxMailbox0CompleteCallback)
    HAL_CAN_TxMailbox1AbortCallback          0x08000d75   Thumb Code     2  stm32f4xx_hal_can.o(i.HAL_CAN_TxMailbox1AbortCallback)
    HAL_CAN_TxMailbox1CompleteCallback       0x08000d77   Thumb Code     2  stm32f4xx_hal_can.o(i.HAL_CAN_TxMailbox1CompleteCallback)
    HAL_CAN_TxMailbox2AbortCallback          0x08000d79   Thumb Code     2  stm32f4xx_hal_can.o(i.HAL_CAN_TxMailbox2AbortCallback)
    HAL_CAN_TxMailbox2CompleteCallback       0x08000d7b   Thumb Code     2  stm32f4xx_hal_can.o(i.HAL_CAN_TxMailbox2CompleteCallback)
    HAL_CAN_WakeUpFromRxMsgCallback          0x08000d7d   Thumb Code     2  stm32f4xx_hal_can.o(i.HAL_CAN_WakeUpFromRxMsgCallback)
    HAL_Delay                                0x08000d81   Thumb Code    36  stm32f4xx_hal.o(i.HAL_Delay)
    HAL_GPIO_Init                            0x08000da9   Thumb Code   454  stm32f4xx_hal_gpio.o(i.HAL_GPIO_Init)
    HAL_GPIO_WritePin                        0x08000f9d   Thumb Code    12  stm32f4xx_hal_gpio.o(i.HAL_GPIO_WritePin)
    HAL_GetTick                              0x08000fa9   Thumb Code     6  stm32f4xx_hal.o(i.HAL_GetTick)
    HAL_IncTick                              0x08000fb5   Thumb Code    16  stm32f4xx_hal.o(i.HAL_IncTick)
    HAL_Init                                 0x08000fcd   Thumb Code    54  stm32f4xx_hal.o(i.HAL_Init)
    HAL_InitTick                             0x08001009   Thumb Code    64  stm32f4xx_hal.o(i.HAL_InitTick)
    HAL_MspInit                              0x08001055   Thumb Code    68  stm32f4xx_hal_msp.o(i.HAL_MspInit)
    HAL_NVIC_EnableIRQ                       0x0800109d   Thumb Code    40  stm32f4xx_hal_cortex.o(i.HAL_NVIC_EnableIRQ)
    HAL_NVIC_SetPriority                     0x080010c5   Thumb Code   124  stm32f4xx_hal_cortex.o(i.HAL_NVIC_SetPriority)
    HAL_NVIC_SetPriorityGrouping             0x08001141   Thumb Code    32  stm32f4xx_hal_cortex.o(i.HAL_NVIC_SetPriorityGrouping)
    HAL_RCC_ClockConfig                      0x08001169   Thumb Code   368  stm32f4xx_hal_rcc.o(i.HAL_RCC_ClockConfig)
    HAL_RCC_GetHCLKFreq                      0x080012ed   Thumb Code     6  stm32f4xx_hal_rcc.o(i.HAL_RCC_GetHCLKFreq)
    HAL_RCC_GetPCLK1Freq                     0x080012f9   Thumb Code    22  stm32f4xx_hal_rcc.o(i.HAL_RCC_GetPCLK1Freq)
    HAL_RCC_GetPCLK2Freq                     0x08001319   Thumb Code    22  stm32f4xx_hal_rcc.o(i.HAL_RCC_GetPCLK2Freq)
    HAL_RCC_GetSysClockFreq                  0x08001339   Thumb Code   162  stm32f4xx_hal_rcc.o(i.HAL_RCC_GetSysClockFreq)
    HAL_RCC_OscConfig                        0x080013e9   Thumb Code  1172  stm32f4xx_hal_rcc.o(i.HAL_RCC_OscConfig)
    HAL_SPI_Init                             0x08001885   Thumb Code   200  stm32f4xx_hal_spi.o(i.HAL_SPI_Init)
    HAL_SPI_MspInit                          0x0800194d   Thumb Code   124  spi.o(i.HAL_SPI_MspInit)
    HAL_SPI_TransmitReceive                  0x080019d5   Thumb Code   584  stm32f4xx_hal_spi.o(i.HAL_SPI_TransmitReceive)
    HAL_SYSTICK_Config                       0x08001c1d   Thumb Code    52  stm32f4xx_hal_cortex.o(i.HAL_SYSTICK_Config)
    HAL_TIMEx_BreakCallback                  0x08001c51   Thumb Code     2  stm32f4xx_hal_tim_ex.o(i.HAL_TIMEx_BreakCallback)
    HAL_TIMEx_CommutCallback                 0x08001c53   Thumb Code     2  stm32f4xx_hal_tim_ex.o(i.HAL_TIMEx_CommutCallback)
    HAL_TIMEx_MasterConfigSynchronization    0x08001c55   Thumb Code   150  stm32f4xx_hal_tim_ex.o(i.HAL_TIMEx_MasterConfigSynchronization)
    HAL_TIM_Base_Init                        0x08001d09   Thumb Code   102  stm32f4xx_hal_tim.o(i.HAL_TIM_Base_Init)
    HAL_TIM_Base_MspInit                     0x08001d71   Thumb Code   286  tim.o(i.HAL_TIM_Base_MspInit)
    HAL_TIM_ConfigClockSource                0x08001ea9   Thumb Code   268  stm32f4xx_hal_tim.o(i.HAL_TIM_ConfigClockSource)
    HAL_TIM_IC_CaptureCallback               0x08001fb5   Thumb Code     2  stm32f4xx_hal_tim.o(i.HAL_TIM_IC_CaptureCallback)
    HAL_TIM_IRQHandler                       0x08001fb7   Thumb Code   364  stm32f4xx_hal_tim.o(i.HAL_TIM_IRQHandler)
    HAL_TIM_MspPostInit                      0x08002125   Thumb Code   222  tim.o(i.HAL_TIM_MspPostInit)
    HAL_TIM_OC_DelayElapsedCallback          0x08002219   Thumb Code     2  stm32f4xx_hal_tim.o(i.HAL_TIM_OC_DelayElapsedCallback)
    HAL_TIM_OnePulse_Init                    0x0800221b   Thumb Code   102  stm32f4xx_hal_tim.o(i.HAL_TIM_OnePulse_Init)
    HAL_TIM_OnePulse_MspInit                 0x08002281   Thumb Code     2  stm32f4xx_hal_tim.o(i.HAL_TIM_OnePulse_MspInit)
    HAL_TIM_PWM_ConfigChannel                0x08002283   Thumb Code   260  stm32f4xx_hal_tim.o(i.HAL_TIM_PWM_ConfigChannel)
    HAL_TIM_PWM_Init                         0x08002387   Thumb Code   102  stm32f4xx_hal_tim.o(i.HAL_TIM_PWM_Init)
    HAL_TIM_PWM_MspInit                      0x080023ed   Thumb Code     2  stm32f4xx_hal_tim.o(i.HAL_TIM_PWM_MspInit)
    HAL_TIM_PWM_PulseFinishedCallback        0x080023ef   Thumb Code     2  stm32f4xx_hal_tim.o(i.HAL_TIM_PWM_PulseFinishedCallback)
    HAL_TIM_PeriodElapsedCallback            0x080023f1   Thumb Code     2  stm32f4xx_hal_tim.o(i.HAL_TIM_PeriodElapsedCallback)
    HAL_TIM_TriggerCallback                  0x080023f3   Thumb Code     2  stm32f4xx_hal_tim.o(i.HAL_TIM_TriggerCallback)
    HAL_UART_Init                            0x080023f5   Thumb Code   118  stm32f4xx_hal_uart.o(i.HAL_UART_Init)
    HAL_UART_MspInit                         0x0800246d   Thumb Code   140  usart.o(i.HAL_UART_MspInit)
    HardFault_Handler                        0x08002505   Thumb Code     4  stm32f4xx_it.o(i.HardFault_Handler)
    MX_CAN1_Init                             0x08002509   Thumb Code    66  can.o(i.MX_CAN1_Init)
    MX_GPIO_Init                             0x08002555   Thumb Code   508  gpio.o(i.MX_GPIO_Init)
    MX_SPI3_Init                             0x08002769   Thumb Code    62  spi.o(i.MX_SPI3_Init)
    MX_TIM2_Init                             0x080027b1   Thumb Code   172  tim.o(i.MX_TIM2_Init)
    MX_TIM3_Init                             0x08002861   Thumb Code   168  tim.o(i.MX_TIM3_Init)
    MX_TIM4_Init                             0x08002911   Thumb Code   158  tim.o(i.MX_TIM4_Init)
    MX_TIM5_Init                             0x080029b9   Thumb Code   102  tim.o(i.MX_TIM5_Init)
    MX_TIM7_Init                             0x08002a29   Thumb Code    64  tim.o(i.MX_TIM7_Init)
    MX_TIM9_Init                             0x08002a71   Thumb Code    70  tim.o(i.MX_TIM9_Init)
    MX_USART1_UART_Init                      0x08002ac1   Thumb Code    46  usart.o(i.MX_USART1_UART_Init)
    MemManage_Handler                        0x08002af9   Thumb Code     4  stm32f4xx_it.o(i.MemManage_Handler)
    NMI_Handler                              0x08002afd   Thumb Code     4  stm32f4xx_it.o(i.NMI_Handler)
    PendSV_Handler                           0x08002b01   Thumb Code     2  stm32f4xx_it.o(i.PendSV_Handler)
    SVC_Handler                              0x08002c65   Thumb Code     2  stm32f4xx_it.o(i.SVC_Handler)
    SysTick_Handler                          0x08002c67   Thumb Code     8  stm32f4xx_it.o(i.SysTick_Handler)
    SystemClock_Config                       0x08002c71   Thumb Code   172  main.o(i.SystemClock_Config)
    SystemInit                               0x08002d25   Thumb Code    14  system_stm32f4xx.o(i.SystemInit)
    TIM5_IRQHandler                          0x08002d39   Thumb Code    10  stm32f4xx_it.o(i.TIM5_IRQHandler)
    TIM_Base_SetConfig                       0x08002d49   Thumb Code   178  stm32f4xx_hal_tim.o(i.TIM_Base_SetConfig)
    TIM_ETR_SetConfig                        0x08002e29   Thumb Code    22  stm32f4xx_hal_tim.o(i.TIM_ETR_SetConfig)
    TIM_OC2_SetConfig                        0x08002ec1   Thumb Code   114  stm32f4xx_hal_tim.o(i.TIM_OC2_SetConfig)
    UsageFault_Handler                       0x08003285   Thumb Code     4  stm32f4xx_it.o(i.UsageFault_Handler)
    ela_can_drv_init                         0x08003381   Thumb Code    12  ela_can_drv.o(i.ela_can_drv_init)
    ela_can_drv_send                         0x0800338d   Thumb Code    16  ela_can_drv.o(i.ela_can_drv_send)
    ela_can_usr_init                         0x0800339d   Thumb Code     2  ela_can_usr.o(i.ela_can_usr_init)
    ela_can_usr_process                      0x080033a1   Thumb Code   418  ela_can_usr.o(i.ela_can_usr_process)
    ela_can_usr_send_motion_feedback         0x08003549   Thumb Code    54  ela_can_usr.o(i.ela_can_usr_send_motion_feedback)
    ela_motor_ctrl_apply_profile             0x08003585   Thumb Code    50  ela_motor_ctrl.o(i.ela_motor_ctrl_apply_profile)
    ela_motor_ctrl_get_encoder_deviation     0x080035c1   Thumb Code    42  ela_motor_ctrl.o(i.ela_motor_ctrl_get_encoder_deviation)
    ela_motor_ctrl_get_stage                 0x080035eb   Thumb Code    26  ela_motor_ctrl.o(i.ela_motor_ctrl_get_stage)
    ela_motor_ctrl_get_status                0x08003605   Thumb Code    26  ela_motor_ctrl.o(i.ela_motor_ctrl_get_status)
    ela_motor_ctrl_init                      0x0800361f   Thumb Code     2  ela_motor_ctrl.o(i.ela_motor_ctrl_init)
    ela_motor_ctrl_move_by                   0x08003621   Thumb Code    50  ela_motor_ctrl.o(i.ela_motor_ctrl_move_by)
    ela_motor_ctrl_move_to                   0x0800365d   Thumb Code    50  ela_motor_ctrl.o(i.ela_motor_ctrl_move_to)
    ela_motor_ctrl_set_velocity              0x08003699   Thumb Code    50  ela_motor_ctrl.o(i.ela_motor_ctrl_set_velocity)
    ela_motor_ctrl_stop                      0x080036d5   Thumb Code    42  ela_motor_ctrl.o(i.ela_motor_ctrl_stop)
    ela_queue_delete                         0x08003709   Thumb Code    46  ela_queue.o(i.ela_queue_delete)
    ela_queue_first                          0x08003737   Thumb Code    22  ela_queue.o(i.ela_queue_first)
    ela_queue_init                           0x0800374d   Thumb Code    16  ela_queue.o(i.ela_queue_init)
    ela_queue_insert                         0x0800375d   Thumb Code    76  ela_queue.o(i.ela_queue_insert)
    ela_queue_is_empty                       0x080037a9   Thumb Code    16  ela_queue.o(i.ela_queue_is_empty)
    ela_tmc5160_apply_profile                0x080037b9   Thumb Code   118  ela_tmc5160_usr.o(i.ela_tmc5160_apply_profile)
    ela_tmc5160_config_encoder               0x08003835   Thumb Code    38  ela_tmc5160_usr.o(i.ela_tmc5160_config_encoder)
    ela_tmc5160_get_encoder_position         0x08003861   Thumb Code    14  ela_tmc5160_usr.o(i.ela_tmc5160_get_encoder_position)
    ela_tmc5160_get_motion_phase             0x0800386f   Thumb Code    70  ela_tmc5160_usr.o(i.ela_tmc5160_get_motion_phase)
    ela_tmc5160_get_position                 0x080038b5   Thumb Code    14  ela_tmc5160_usr.o(i.ela_tmc5160_get_position)
    ela_tmc5160_get_status_flags             0x080038c3   Thumb Code   158  ela_tmc5160_usr.o(i.ela_tmc5160_get_status_flags)
    ela_tmc5160_init                         0x08003961   Thumb Code   106  ela_tmc5160_usr.o(i.ela_tmc5160_init)
    ela_tmc5160_move_by                      0x080039d9   Thumb Code    24  ela_tmc5160_usr.o(i.ela_tmc5160_move_by)
    ela_tmc5160_move_to                      0x080039f1   Thumb Code    28  ela_tmc5160_usr.o(i.ela_tmc5160_move_to)
    ela_tmc5160_read_reg                     0x08003a0d   Thumb Code    16  ela_tmc5160_usr.o(i.ela_tmc5160_read_reg)
    ela_tmc5160_set_velocity                 0x08003a1d   Thumb Code    54  ela_tmc5160_usr.o(i.ela_tmc5160_set_velocity)
    ela_tmc5160_stop                         0x08003a53   Thumb Code    26  ela_tmc5160_usr.o(i.ela_tmc5160_stop)
    ela_tmc5160_write_reg                    0x08003a6d   Thumb Code    20  ela_tmc5160_usr.o(i.ela_tmc5160_write_reg)
    elaco_main                               0x08003a81   Thumb Code    30  elaco_main.o(i.elaco_main)
    main                                     0x08003ad5   Thumb Code    56  main.o(i.main)
    tmc5160_drv_delay_ms                     0x08003b0d   Thumb Code    12  ela_tmc5160_drv.o(i.tmc5160_drv_delay_ms)
    tmc5160_drv_deselect_chip                0x08003b19   Thumb Code    36  ela_tmc5160_drv.o(i.tmc5160_drv_deselect_chip)
    tmc5160_drv_enable                       0x08003b45   Thumb Code    36  ela_tmc5160_drv.o(i.tmc5160_drv_enable)
    tmc5160_drv_read_reg                     0x08003b71   Thumb Code   140  ela_tmc5160_drv.o(i.tmc5160_drv_read_reg)
    tmc5160_drv_select_chip                  0x08003c09   Thumb Code    36  ela_tmc5160_drv.o(i.tmc5160_drv_select_chip)
    tmc5160_drv_set_mode                     0x08003c35   Thumb Code    96  ela_tmc5160_drv.o(i.tmc5160_drv_set_mode)
    tmc5160_drv_write_reg                    0x08003c9d   Thumb Code    72  ela_tmc5160_drv.o(i.tmc5160_drv_write_reg)
    _fp_init                                 0x08003d03   Thumb Code    10  fpinit.o(x$fpl$fpinit)
    __fplib_config_fpu_vfp                   0x08003d0b   Thumb Code     0  fpinit.o(x$fpl$fpinit)
    __fplib_config_pureend_doubles           0x08003d0b   Thumb Code     0  fpinit.o(x$fpl$fpinit)
    AHBPrescTable                            0x08003d0c   Data          16  system_stm32f4xx.o(.constdata)
    APBPrescTable                            0x08003d1c   Data           8  system_stm32f4xx.o(.constdata)
    Region$$Table$$Base                      0x08003dbc   Number         0  anon$$obj.o(Region$$Table)
    Region$$Table$$Limit                     0x08003ddc   Number         0  anon$$obj.o(Region$$Table)
    uwTick                                   0x20000000   Data           4  stm32f4xx_hal.o(.data)
    uwTickPrio                               0x20000004   Data           4  stm32f4xx_hal.o(.data)
    uwTickFreq                               0x20000008   Data           1  stm32f4xx_hal.o(.data)
    SystemCoreClock                          0x2000000c   Data           4  system_stm32f4xx.o(.data)
    g_tmc5160_chip1_st                       0x20000024   Data           3  ela_tmc5160_usr.o(.data)
    g_tmc5160_chip2_st                       0x20000027   Data           3  ela_tmc5160_usr.o(.data)
    hcan1                                    0x2000002c   Data          40  can.o(.bss)
    hspi3                                    0x20000054   Data          88  spi.o(.bss)
    htim2                                    0x200000ac   Data          72  tim.o(.bss)
    htim3                                    0x200000f4   Data          72  tim.o(.bss)
    htim4                                    0x2000013c   Data          72  tim.o(.bss)
    htim5                                    0x20000184   Data          72  tim.o(.bss)
    htim7                                    0x200001cc   Data          72  tim.o(.bss)
    htim9                                    0x20000214   Data          72  tim.o(.bss)
    huart1                                   0x2000025c   Data          72  usart.o(.bss)
    g_queue_st                               0x200002a4   Data         387  ela_queue.o(.bss)
    __libspace_start                         0x20000428   Data          96  libspace.o(.bss)
    __temporary_stack_top$libspace           0x20000488   Data           0  libspace.o(.bss)



==============================================================================

Memory Map of the image

  Image Entry point : 0x08000189

  Load Region LR_IROM1 (Base: 0x08000000, Size: 0x00003e08, Max: 0x00080000, ABSOLUTE)

    Execution Region ER_IROM1 (Exec base: 0x08000000, Load base: 0x08000000, Size: 0x00003ddc, Max: 0x00080000, ABSOLUTE)

    Exec Addr    Load Addr    Size         Type   Attr      Idx    E Section Name        Object

    0x08000000   0x08000000   0x00000188   Data   RO            3    RESET               startup_stm32f407xx.o
    0x08000188   0x08000188   0x00000008   Code   RO         4264  * !!!main             c_w.l(__main.o)
    0x08000190   0x08000190   0x00000034   Code   RO         4433    !!!scatter          c_w.l(__scatter.o)
    0x080001c4   0x080001c4   0x0000001a   Code   RO         4435    !!handler_copy      c_w.l(__scatter_copy.o)
    0x080001de   0x080001de   0x00000002   PAD
    0x080001e0   0x080001e0   0x0000001c   Code   RO         4437    !!handler_zi        c_w.l(__scatter_zi.o)
    0x080001fc   0x080001fc   0x00000002   Code   RO         4301    .ARM.Collect$$libinit$$00000000  c_w.l(libinit.o)
    0x080001fe   0x080001fe   0x00000004   Code   RO         4313    .ARM.Collect$$libinit$$00000001  c_w.l(libinit2.o)
    0x08000202   0x08000202   0x00000000   Code   RO         4316    .ARM.Collect$$libinit$$00000004  c_w.l(libinit2.o)
    0x08000202   0x08000202   0x00000000   Code   RO         4319    .ARM.Collect$$libinit$$0000000A  c_w.l(libinit2.o)
    0x08000202   0x08000202   0x00000000   Code   RO         4321    .ARM.Collect$$libinit$$0000000C  c_w.l(libinit2.o)
    0x08000202   0x08000202   0x00000000   Code   RO         4323    .ARM.Collect$$libinit$$0000000E  c_w.l(libinit2.o)
    0x08000202   0x08000202   0x00000000   Code   RO         4326    .ARM.Collect$$libinit$$00000011  c_w.l(libinit2.o)
    0x08000202   0x08000202   0x00000000   Code   RO         4328    .ARM.Collect$$libinit$$00000013  c_w.l(libinit2.o)
    0x08000202   0x08000202   0x00000000   Code   RO         4330    .ARM.Collect$$libinit$$00000015  c_w.l(libinit2.o)
    0x08000202   0x08000202   0x00000000   Code   RO         4332    .ARM.Collect$$libinit$$00000017  c_w.l(libinit2.o)
    0x08000202   0x08000202   0x00000000   Code   RO         4334    .ARM.Collect$$libinit$$00000019  c_w.l(libinit2.o)
    0x08000202   0x08000202   0x00000000   Code   RO         4336    .ARM.Collect$$libinit$$0000001B  c_w.l(libinit2.o)
    0x08000202   0x08000202   0x00000000   Code   RO         4338    .ARM.Collect$$libinit$$0000001D  c_w.l(libinit2.o)
    0x08000202   0x08000202   0x00000000   Code   RO         4340    .ARM.Collect$$libinit$$0000001F  c_w.l(libinit2.o)
    0x08000202   0x08000202   0x00000000   Code   RO         4342    .ARM.Collect$$libinit$$00000021  c_w.l(libinit2.o)
    0x08000202   0x08000202   0x00000000   Code   RO         4344    .ARM.Collect$$libinit$$00000023  c_w.l(libinit2.o)
    0x08000202   0x08000202   0x00000000   Code   RO         4346    .ARM.Collect$$libinit$$00000025  c_w.l(libinit2.o)
    0x08000202   0x08000202   0x00000000   Code   RO         4350    .ARM.Collect$$libinit$$0000002C  c_w.l(libinit2.o)
    0x08000202   0x08000202   0x00000000   Code   RO         4352    .ARM.Collect$$libinit$$0000002E  c_w.l(libinit2.o)
    0x08000202   0x08000202   0x00000000   Code   RO         4354    .ARM.Collect$$libinit$$00000030  c_w.l(libinit2.o)
    0x08000202   0x08000202   0x00000000   Code   RO         4356    .ARM.Collect$$libinit$$00000032  c_w.l(libinit2.o)
    0x08000202   0x08000202   0x00000002   Code   RO         4357    .ARM.Collect$$libinit$$00000033  c_w.l(libinit2.o)
    0x08000204   0x08000204   0x00000002   Code   RO         4388    .ARM.Collect$$libshutdown$$00000000  c_w.l(libshutdown.o)
    0x08000206   0x08000206   0x00000000   Code   RO         4414    .ARM.Collect$$libshutdown$$00000002  c_w.l(libshutdown2.o)
    0x08000206   0x08000206   0x00000000   Code   RO         4416    .ARM.Collect$$libshutdown$$00000004  c_w.l(libshutdown2.o)
    0x08000206   0x08000206   0x00000000   Code   RO         4418    .ARM.Collect$$libshutdown$$00000006  c_w.l(libshutdown2.o)
    0x08000206   0x08000206   0x00000000   Code   RO         4421    .ARM.Collect$$libshutdown$$00000009  c_w.l(libshutdown2.o)
    0x08000206   0x08000206   0x00000000   Code   RO         4424    .ARM.Collect$$libshutdown$$0000000C  c_w.l(libshutdown2.o)
    0x08000206   0x08000206   0x00000000   Code   RO         4426    .ARM.Collect$$libshutdown$$0000000E  c_w.l(libshutdown2.o)
    0x08000206   0x08000206   0x00000000   Code   RO         4429    .ARM.Collect$$libshutdown$$00000011  c_w.l(libshutdown2.o)
    0x08000206   0x08000206   0x00000002   Code   RO         4430    .ARM.Collect$$libshutdown$$00000012  c_w.l(libshutdown2.o)
    0x08000208   0x08000208   0x00000000   Code   RO         4266    .ARM.Collect$$rtentry$$00000000  c_w.l(__rtentry.o)
    0x08000208   0x08000208   0x00000000   Code   RO         4272    .ARM.Collect$$rtentry$$00000002  c_w.l(__rtentry2.o)
    0x08000208   0x08000208   0x00000006   Code   RO         4284    .ARM.Collect$$rtentry$$00000004  c_w.l(__rtentry4.o)
    0x0800020e   0x0800020e   0x00000000   Code   RO         4274    .ARM.Collect$$rtentry$$00000009  c_w.l(__rtentry2.o)
    0x0800020e   0x0800020e   0x00000004   Code   RO         4275    .ARM.Collect$$rtentry$$0000000A  c_w.l(__rtentry2.o)
    0x08000212   0x08000212   0x00000000   Code   RO         4277    .ARM.Collect$$rtentry$$0000000C  c_w.l(__rtentry2.o)
    0x08000212   0x08000212   0x00000008   Code   RO         4278    .ARM.Collect$$rtentry$$0000000D  c_w.l(__rtentry2.o)
    0x0800021a   0x0800021a   0x00000002   Code   RO         4305    .ARM.Collect$$rtexit$$00000000  c_w.l(rtexit.o)
    0x0800021c   0x0800021c   0x00000000   Code   RO         4361    .ARM.Collect$$rtexit$$00000002  c_w.l(rtexit2.o)
    0x0800021c   0x0800021c   0x00000004   Code   RO         4362    .ARM.Collect$$rtexit$$00000003  c_w.l(rtexit2.o)
    0x08000220   0x08000220   0x00000006   Code   RO         4363    .ARM.Collect$$rtexit$$00000004  c_w.l(rtexit2.o)
    0x08000226   0x08000226   0x00000002   PAD
    0x08000228   0x08000228   0x00000040   Code   RO            4    .text               startup_stm32f407xx.o
    0x08000268   0x08000268   0x000000ee   Code   RO         4258    .text               c_w.l(lludivv7m.o)
    0x08000356   0x08000356   0x0000004e   Code   RO         4260    .text               c_w.l(rt_memclr_w.o)
    0x080003a4   0x080003a4   0x00000006   Code   RO         4262    .text               c_w.l(heapauxi.o)
    0x080003aa   0x080003aa   0x0000004a   Code   RO         4288    .text               c_w.l(sys_stackheap_outer.o)
    0x080003f4   0x080003f4   0x00000012   Code   RO         4290    .text               c_w.l(exit.o)
    0x08000406   0x08000406   0x00000002   PAD
    0x08000408   0x08000408   0x00000008   Code   RO         4302    .text               c_w.l(libspace.o)
    0x08000410   0x08000410   0x0000000c   Code   RO         4358    .text               c_w.l(sys_exit.o)
    0x0800041c   0x0800041c   0x00000002   Code   RO         4377    .text               c_w.l(use_no_semi.o)
    0x0800041e   0x0800041e   0x00000000   Code   RO         4379    .text               c_w.l(indicate_semi.o)
    0x0800041e   0x0800041e   0x00000004   Code   RO          439    i.BusFault_Handler  stm32f4xx_it.o
    0x08000422   0x08000422   0x00000002   PAD
    0x08000424   0x08000424   0x00000010   Code   RO          440    i.CAN1_RX0_IRQHandler  stm32f4xx_it.o
    0x08000434   0x08000434   0x00000002   Code   RO          441    i.DebugMon_Handler  stm32f4xx_it.o
    0x08000436   0x08000436   0x00000006   Code   RO           13    i.Error_Handler     main.o
    0x0800043c   0x0800043c   0x0000002a   Code   RO          552    i.HAL_CAN_ActivateNotification  stm32f4xx_hal_can.o
    0x08000466   0x08000466   0x0000014a   Code   RO          553    i.HAL_CAN_AddTxMessage  stm32f4xx_hal_can.o
    0x080005b0   0x080005b0   0x00000120   Code   RO          554    i.HAL_CAN_ConfigFilter  stm32f4xx_hal_can.o
    0x080006d0   0x080006d0   0x00000002   Code   RO          557    i.HAL_CAN_ErrorCallback  stm32f4xx_hal_can.o
    0x080006d2   0x080006d2   0x00000194   Code   RO          560    i.HAL_CAN_GetRxMessage  stm32f4xx_hal_can.o
    0x08000866   0x08000866   0x0000024e   Code   RO          564    i.HAL_CAN_IRQHandler  stm32f4xx_hal_can.o
    0x08000ab4   0x08000ab4   0x00000174   Code   RO          565    i.HAL_CAN_Init      stm32f4xx_hal_can.o
    0x08000c28   0x08000c28   0x00000098   Code   RO          206    i.HAL_CAN_MspInit   can.o
    0x08000cc0   0x08000cc0   0x00000002   Code   RO          572    i.HAL_CAN_RxFifo0FullCallback  stm32f4xx_hal_can.o
    0x08000cc2   0x08000cc2   0x00000002   PAD
    0x08000cc4   0x08000cc4   0x00000048   Code   RO         3731    i.HAL_CAN_RxFifo0MsgPendingCallback  elaco_main.o
    0x08000d0c   0x08000d0c   0x00000002   Code   RO          574    i.HAL_CAN_RxFifo1FullCallback  stm32f4xx_hal_can.o
    0x08000d0e   0x08000d0e   0x00000002   Code   RO          575    i.HAL_CAN_RxFifo1MsgPendingCallback  stm32f4xx_hal_can.o
    0x08000d10   0x08000d10   0x00000002   Code   RO          576    i.HAL_CAN_SleepCallback  stm32f4xx_hal_can.o
    0x08000d12   0x08000d12   0x0000005e   Code   RO          577    i.HAL_CAN_Start     stm32f4xx_hal_can.o
    0x08000d70   0x08000d70   0x00000002   Code   RO          579    i.HAL_CAN_TxMailbox0AbortCallback  stm32f4xx_hal_can.o
    0x08000d72   0x08000d72   0x00000002   Code   RO          580    i.HAL_CAN_TxMailbox0CompleteCallback  stm32f4xx_hal_can.o
    0x08000d74   0x08000d74   0x00000002   Code   RO          581    i.HAL_CAN_TxMailbox1AbortCallback  stm32f4xx_hal_can.o
    0x08000d76   0x08000d76   0x00000002   Code   RO          582    i.HAL_CAN_TxMailbox1CompleteCallback  stm32f4xx_hal_can.o
    0x08000d78   0x08000d78   0x00000002   Code   RO          583    i.HAL_CAN_TxMailbox2AbortCallback  stm32f4xx_hal_can.o
    0x08000d7a   0x08000d7a   0x00000002   Code   RO          584    i.HAL_CAN_TxMailbox2CompleteCallback  stm32f4xx_hal_can.o
    0x08000d7c   0x08000d7c   0x00000002   Code   RO          586    i.HAL_CAN_WakeUpFromRxMsgCallback  stm32f4xx_hal_can.o
    0x08000d7e   0x08000d7e   0x00000002   PAD
    0x08000d80   0x08000d80   0x00000028   Code   RO         1734    i.HAL_Delay         stm32f4xx_hal.o
    0x08000da8   0x08000da8   0x000001f4   Code   RO         1185    i.HAL_GPIO_Init     stm32f4xx_hal_gpio.o
    0x08000f9c   0x08000f9c   0x0000000c   Code   RO         1189    i.HAL_GPIO_WritePin  stm32f4xx_hal_gpio.o
    0x08000fa8   0x08000fa8   0x0000000c   Code   RO         1740    i.HAL_GetTick       stm32f4xx_hal.o
    0x08000fb4   0x08000fb4   0x00000018   Code   RO         1746    i.HAL_IncTick       stm32f4xx_hal.o
    0x08000fcc   0x08000fcc   0x0000003c   Code   RO         1747    i.HAL_Init          stm32f4xx_hal.o
    0x08001008   0x08001008   0x0000004c   Code   RO         1748    i.HAL_InitTick      stm32f4xx_hal.o
    0x08001054   0x08001054   0x00000048   Code   RO          527    i.HAL_MspInit       stm32f4xx_hal_msp.o
    0x0800109c   0x0800109c   0x00000028   Code   RO         1577    i.HAL_NVIC_EnableIRQ  stm32f4xx_hal_cortex.o
    0x080010c4   0x080010c4   0x0000007c   Code   RO         1583    i.HAL_NVIC_SetPriority  stm32f4xx_hal_cortex.o
    0x08001140   0x08001140   0x00000028   Code   RO         1584    i.HAL_NVIC_SetPriorityGrouping  stm32f4xx_hal_cortex.o
    0x08001168   0x08001168   0x00000184   Code   RO          786    i.HAL_RCC_ClockConfig  stm32f4xx_hal_rcc.o
    0x080012ec   0x080012ec   0x0000000c   Code   RO          791    i.HAL_RCC_GetHCLKFreq  stm32f4xx_hal_rcc.o
    0x080012f8   0x080012f8   0x00000020   Code   RO          793    i.HAL_RCC_GetPCLK1Freq  stm32f4xx_hal_rcc.o
    0x08001318   0x08001318   0x00000020   Code   RO          794    i.HAL_RCC_GetPCLK2Freq  stm32f4xx_hal_rcc.o
    0x08001338   0x08001338   0x000000b0   Code   RO          795    i.HAL_RCC_GetSysClockFreq  stm32f4xx_hal_rcc.o
    0x080013e8   0x080013e8   0x0000049c   Code   RO          798    i.HAL_RCC_OscConfig  stm32f4xx_hal_rcc.o
    0x08001884   0x08001884   0x000000c8   Code   RO         2026    i.HAL_SPI_Init      stm32f4xx_hal_spi.o
    0x0800194c   0x0800194c   0x00000088   Code   RO          278    i.HAL_SPI_MspInit   spi.o
    0x080019d4   0x080019d4   0x00000248   Code   RO         2035    i.HAL_SPI_TransmitReceive  stm32f4xx_hal_spi.o
    0x08001c1c   0x08001c1c   0x00000034   Code   RO         1588    i.HAL_SYSTICK_Config  stm32f4xx_hal_cortex.o
    0x08001c50   0x08001c50   0x00000002   Code   RO         3054    i.HAL_TIMEx_BreakCallback  stm32f4xx_hal_tim_ex.o
    0x08001c52   0x08001c52   0x00000002   Code   RO         3055    i.HAL_TIMEx_CommutCallback  stm32f4xx_hal_tim_ex.o
    0x08001c54   0x08001c54   0x000000b4   Code   RO         3073    i.HAL_TIMEx_MasterConfigSynchronization  stm32f4xx_hal_tim_ex.o
    0x08001d08   0x08001d08   0x00000066   Code   RO         2339    i.HAL_TIM_Base_Init  stm32f4xx_hal_tim.o
    0x08001d6e   0x08001d6e   0x00000002   PAD
    0x08001d70   0x08001d70   0x00000138   Code   RO          320    i.HAL_TIM_Base_MspInit  tim.o
    0x08001ea8   0x08001ea8   0x0000010c   Code   RO         2348    i.HAL_TIM_ConfigClockSource  stm32f4xx_hal_tim.o
    0x08001fb4   0x08001fb4   0x00000002   Code   RO         2373    i.HAL_TIM_IC_CaptureCallback  stm32f4xx_hal_tim.o
    0x08001fb6   0x08001fb6   0x0000016c   Code   RO         2387    i.HAL_TIM_IRQHandler  stm32f4xx_hal_tim.o
    0x08002122   0x08002122   0x00000002   PAD
    0x08002124   0x08002124   0x000000f4   Code   RO          321    i.HAL_TIM_MspPostInit  tim.o
    0x08002218   0x08002218   0x00000002   Code   RO         2390    i.HAL_TIM_OC_DelayElapsedCallback  stm32f4xx_hal_tim.o
    0x0800221a   0x0800221a   0x00000066   Code   RO         2404    i.HAL_TIM_OnePulse_Init  stm32f4xx_hal_tim.o
    0x08002280   0x08002280   0x00000002   Code   RO         2406    i.HAL_TIM_OnePulse_MspInit  stm32f4xx_hal_tim.o
    0x08002282   0x08002282   0x00000104   Code   RO         2411    i.HAL_TIM_PWM_ConfigChannel  stm32f4xx_hal_tim.o
    0x08002386   0x08002386   0x00000066   Code   RO         2414    i.HAL_TIM_PWM_Init  stm32f4xx_hal_tim.o
    0x080023ec   0x080023ec   0x00000002   Code   RO         2416    i.HAL_TIM_PWM_MspInit  stm32f4xx_hal_tim.o
    0x080023ee   0x080023ee   0x00000002   Code   RO         2417    i.HAL_TIM_PWM_PulseFinishedCallback  stm32f4xx_hal_tim.o
    0x080023f0   0x080023f0   0x00000002   Code   RO         2425    i.HAL_TIM_PeriodElapsedCallback  stm32f4xx_hal_tim.o
    0x080023f2   0x080023f2   0x00000002   Code   RO         2430    i.HAL_TIM_TriggerCallback  stm32f4xx_hal_tim.o
    0x080023f4   0x080023f4   0x00000076   Code   RO         3351    i.HAL_UART_Init     stm32f4xx_hal_uart.o
    0x0800246a   0x0800246a   0x00000002   PAD
    0x0800246c   0x0800246c   0x00000098   Code   RO          398    i.HAL_UART_MspInit  usart.o
    0x08002504   0x08002504   0x00000004   Code   RO          442    i.HardFault_Handler  stm32f4xx_it.o
    0x08002508   0x08002508   0x0000004c   Code   RO          207    i.MX_CAN1_Init      can.o
    0x08002554   0x08002554   0x00000214   Code   RO          181    i.MX_GPIO_Init      gpio.o
    0x08002768   0x08002768   0x00000048   Code   RO          279    i.MX_SPI3_Init      spi.o
    0x080027b0   0x080027b0   0x000000b0   Code   RO          322    i.MX_TIM2_Init      tim.o
    0x08002860   0x08002860   0x000000b0   Code   RO          323    i.MX_TIM3_Init      tim.o
    0x08002910   0x08002910   0x000000a8   Code   RO          324    i.MX_TIM4_Init      tim.o
    0x080029b8   0x080029b8   0x00000070   Code   RO          325    i.MX_TIM5_Init      tim.o
    0x08002a28   0x08002a28   0x00000048   Code   RO          326    i.MX_TIM7_Init      tim.o
    0x08002a70   0x08002a70   0x00000050   Code   RO          327    i.MX_TIM9_Init      tim.o
    0x08002ac0   0x08002ac0   0x00000038   Code   RO          399    i.MX_USART1_UART_Init  usart.o
    0x08002af8   0x08002af8   0x00000004   Code   RO          443    i.MemManage_Handler  stm32f4xx_it.o
    0x08002afc   0x08002afc   0x00000004   Code   RO          444    i.NMI_Handler       stm32f4xx_it.o
    0x08002b00   0x08002b00   0x00000002   Code   RO          445    i.PendSV_Handler    stm32f4xx_it.o
    0x08002b02   0x08002b02   0x00000002   PAD
    0x08002b04   0x08002b04   0x00000088   Code   RO         2064    i.SPI_EndRxTxTransaction  stm32f4xx_hal_spi.o
    0x08002b8c   0x08002b8c   0x000000d8   Code   RO         2069    i.SPI_WaitFlagStateUntilTimeout  stm32f4xx_hal_spi.o
    0x08002c64   0x08002c64   0x00000002   Code   RO          446    i.SVC_Handler       stm32f4xx_it.o
    0x08002c66   0x08002c66   0x00000008   Code   RO          447    i.SysTick_Handler   stm32f4xx_it.o
    0x08002c6e   0x08002c6e   0x00000002   PAD
    0x08002c70   0x08002c70   0x000000b4   Code   RO           14    i.SystemClock_Config  main.o
    0x08002d24   0x08002d24   0x00000014   Code   RO         3695    i.SystemInit        system_stm32f4xx.o
    0x08002d38   0x08002d38   0x00000010   Code   RO          448    i.TIM5_IRQHandler   stm32f4xx_it.o
    0x08002d48   0x08002d48   0x000000e0   Code   RO         2432    i.TIM_Base_SetConfig  stm32f4xx_hal_tim.o
    0x08002e28   0x08002e28   0x00000016   Code   RO         2443    i.TIM_ETR_SetConfig  stm32f4xx_hal_tim.o
    0x08002e3e   0x08002e3e   0x00000012   Code   RO         2444    i.TIM_ITRx_SetConfig  stm32f4xx_hal_tim.o
    0x08002e50   0x08002e50   0x00000070   Code   RO         2445    i.TIM_OC1_SetConfig  stm32f4xx_hal_tim.o
    0x08002ec0   0x08002ec0   0x0000007c   Code   RO         2446    i.TIM_OC2_SetConfig  stm32f4xx_hal_tim.o
    0x08002f3c   0x08002f3c   0x00000078   Code   RO         2447    i.TIM_OC3_SetConfig  stm32f4xx_hal_tim.o
    0x08002fb4   0x08002fb4   0x00000054   Code   RO         2448    i.TIM_OC4_SetConfig  stm32f4xx_hal_tim.o
    0x08003008   0x08003008   0x00000026   Code   RO         2450    i.TIM_TI1_ConfigInputStage  stm32f4xx_hal_tim.o
    0x0800302e   0x0800302e   0x00000028   Code   RO         2452    i.TIM_TI2_ConfigInputStage  stm32f4xx_hal_tim.o
    0x08003056   0x08003056   0x00000002   PAD
    0x08003058   0x08003058   0x0000022c   Code   RO         3378    i.UART_SetConfig    stm32f4xx_hal_uart.o
    0x08003284   0x08003284   0x00000004   Code   RO          449    i.UsageFault_Handler  stm32f4xx_it.o
    0x08003288   0x08003288   0x00000010   Code   RO         1590    i.__NVIC_GetPriorityGrouping  stm32f4xx_hal_cortex.o
    0x08003298   0x08003298   0x00000028   Code   RO         1591    i.__NVIC_SetPriority  stm32f4xx_hal_cortex.o
    0x080032c0   0x080032c0   0x00000018   Code   RO         3829    i.bytes_to_int32    ela_can_usr.o
    0x080032d8   0x080032d8   0x00000018   Code   RO         3830    i.calc_checksum     ela_can_usr.o
    0x080032f0   0x080032f0   0x00000040   Code   RO         3784    i.can_filter_config  ela_can_drv.o
    0x08003330   0x08003330   0x00000038   Code   RO         3785    i.can_send_msg      ela_can_drv.o
    0x08003368   0x08003368   0x00000018   Code   RO         3786    i.can_start_rx      ela_can_drv.o
    0x08003380   0x08003380   0x0000000c   Code   RO         3787    i.ela_can_drv_init  ela_can_drv.o
    0x0800338c   0x0800338c   0x00000010   Code   RO         3788    i.ela_can_drv_send  ela_can_drv.o
    0x0800339c   0x0800339c   0x00000002   Code   RO         3831    i.ela_can_usr_init  ela_can_usr.o
    0x0800339e   0x0800339e   0x00000002   PAD
    0x080033a0   0x080033a0   0x000001a8   Code   RO         3832    i.ela_can_usr_process  ela_can_usr.o
    0x08003548   0x08003548   0x0000003c   Code   RO         3833    i.ela_can_usr_send_motion_feedback  ela_can_usr.o
    0x08003584   0x08003584   0x0000003c   Code   RO         4145    i.ela_motor_ctrl_apply_profile  ela_motor_ctrl.o
    0x080035c0   0x080035c0   0x0000002a   Code   RO         4146    i.ela_motor_ctrl_get_encoder_deviation  ela_motor_ctrl.o
    0x080035ea   0x080035ea   0x0000001a   Code   RO         4149    i.ela_motor_ctrl_get_stage  ela_motor_ctrl.o
    0x08003604   0x08003604   0x0000001a   Code   RO         4150    i.ela_motor_ctrl_get_status  ela_motor_ctrl.o
    0x0800361e   0x0800361e   0x00000002   Code   RO         4151    i.ela_motor_ctrl_init  ela_motor_ctrl.o
    0x08003620   0x08003620   0x0000003c   Code   RO         4152    i.ela_motor_ctrl_move_by  ela_motor_ctrl.o
    0x0800365c   0x0800365c   0x0000003c   Code   RO         4153    i.ela_motor_ctrl_move_to  ela_motor_ctrl.o
    0x08003698   0x08003698   0x0000003c   Code   RO         4154    i.ela_motor_ctrl_set_velocity  ela_motor_ctrl.o
    0x080036d4   0x080036d4   0x00000034   Code   RO         4155    i.ela_motor_ctrl_stop  ela_motor_ctrl.o
    0x08003708   0x08003708   0x0000002e   Code   RO         3883    i.ela_queue_delete  ela_queue.o
    0x08003736   0x08003736   0x00000016   Code   RO         3884    i.ela_queue_first   ela_queue.o
    0x0800374c   0x0800374c   0x00000010   Code   RO         3886    i.ela_queue_init    ela_queue.o
    0x0800375c   0x0800375c   0x0000004c   Code   RO         3887    i.ela_queue_insert  ela_queue.o
    0x080037a8   0x080037a8   0x00000010   Code   RO         3888    i.ela_queue_is_empty  ela_queue.o
    0x080037b8   0x080037b8   0x0000007c   Code   RO         4007    i.ela_tmc5160_apply_profile  ela_tmc5160_usr.o
    0x08003834   0x08003834   0x0000002c   Code   RO         4009    i.ela_tmc5160_config_encoder  ela_tmc5160_usr.o
    0x08003860   0x08003860   0x0000000e   Code   RO         4012    i.ela_tmc5160_get_encoder_position  ela_tmc5160_usr.o
    0x0800386e   0x0800386e   0x00000046   Code   RO         4014    i.ela_tmc5160_get_motion_phase  ela_tmc5160_usr.o
    0x080038b4   0x080038b4   0x0000000e   Code   RO         4015    i.ela_tmc5160_get_position  ela_tmc5160_usr.o
    0x080038c2   0x080038c2   0x0000009e   Code   RO         4017    i.ela_tmc5160_get_status_flags  ela_tmc5160_usr.o
    0x08003960   0x08003960   0x00000078   Code   RO         4018    i.ela_tmc5160_init  ela_tmc5160_usr.o
    0x080039d8   0x080039d8   0x00000018   Code   RO         4019    i.ela_tmc5160_move_by  ela_tmc5160_usr.o
    0x080039f0   0x080039f0   0x0000001c   Code   RO         4020    i.ela_tmc5160_move_to  ela_tmc5160_usr.o
    0x08003a0c   0x08003a0c   0x00000010   Code   RO         4022    i.ela_tmc5160_read_reg  ela_tmc5160_usr.o
    0x08003a1c   0x08003a1c   0x00000036   Code   RO         4023    i.ela_tmc5160_set_velocity  ela_tmc5160_usr.o
    0x08003a52   0x08003a52   0x0000001a   Code   RO         4024    i.ela_tmc5160_stop  ela_tmc5160_usr.o
    0x08003a6c   0x08003a6c   0x00000014   Code   RO         4026    i.ela_tmc5160_write_reg  ela_tmc5160_usr.o
    0x08003a80   0x08003a80   0x00000024   Code   RO         3732    i.elaco_main        elaco_main.o
    0x08003aa4   0x08003aa4   0x00000020   Code   RO         4156    i.get_chip          ela_motor_ctrl.o
    0x08003ac4   0x08003ac4   0x00000010   Code   RO         3835    i.int32_to_bytes    ela_can_usr.o
    0x08003ad4   0x08003ad4   0x00000038   Code   RO           15    i.main              main.o
    0x08003b0c   0x08003b0c   0x0000000c   Code   RO         3940    i.tmc5160_drv_delay_ms  ela_tmc5160_drv.o
    0x08003b18   0x08003b18   0x0000002c   Code   RO         3941    i.tmc5160_drv_deselect_chip  ela_tmc5160_drv.o
    0x08003b44   0x08003b44   0x0000002c   Code   RO         3943    i.tmc5160_drv_enable  ela_tmc5160_drv.o
    0x08003b70   0x08003b70   0x00000098   Code   RO         3944    i.tmc5160_drv_read_reg  ela_tmc5160_drv.o
    0x08003c08   0x08003c08   0x0000002c   Code   RO         3945    i.tmc5160_drv_select_chip  ela_tmc5160_drv.o
    0x08003c34   0x08003c34   0x00000068   Code   RO         3946    i.tmc5160_drv_set_mode  ela_tmc5160_drv.o
    0x08003c9c   0x08003c9c   0x00000054   Code   RO         3947    i.tmc5160_drv_write_reg  ela_tmc5160_drv.o
    0x08003cf0   0x08003cf0   0x00000012   Code   RO         4027    i.tmc5160_is_reg_valid  ela_tmc5160_usr.o
    0x08003d02   0x08003d02   0x0000000a   Code   RO         4373    x$fpl$fpinit        fz_wm.l(fpinit.o)
    0x08003d0c   0x08003d0c   0x00000018   Data   RO         3696    .constdata          system_stm32f4xx.o
    0x08003d24   0x08003d24   0x00000098   Data   RO         4028    .constdata          ela_tmc5160_usr.o
    0x08003dbc   0x08003dbc   0x00000020   Data   RO         4431    Region$$Table       anon$$obj.o


    Execution Region RW_IRAM1 (Exec base: 0x20000000, Load base: 0x08003ddc, Size: 0x00000a88, Max: 0x0001c000, ABSOLUTE)

    Exec Addr    Load Addr    Size         Type   Attr      Idx    E Section Name        Object

    0x20000000   0x08003ddc   0x00000009   Data   RW         1754    .data               stm32f4xx_hal.o
    0x20000009   0x08003de5   0x00000003   PAD
    0x2000000c   0x08003de8   0x00000004   Data   RW         3697    .data               system_stm32f4xx.o
    0x20000010   0x08003dec   0x00000014   Data   RW         3948    .data               ela_tmc5160_drv.o
    0x20000024   0x08003e00   0x00000006   Data   RW         4029    .data               ela_tmc5160_usr.o
    0x2000002a   0x08003e06   0x00000002   PAD
    0x2000002c        -       0x00000028   Zero   RW          208    .bss                can.o
    0x20000054        -       0x00000058   Zero   RW          280    .bss                spi.o
    0x200000ac        -       0x000001b0   Zero   RW          328    .bss                tim.o
    0x2000025c        -       0x00000048   Zero   RW          400    .bss                usart.o
    0x200002a4        -       0x00000183   Zero   RW         3890    .bss                ela_queue.o
    0x20000427   0x08003e06   0x00000001   PAD
    0x20000428        -       0x00000060   Zero   RW         4303    .bss                c_w.l(libspace.o)
    0x20000488        -       0x00000200   Zero   RW            2    HEAP                startup_stm32f407xx.o
    0x20000688        -       0x00000400   Zero   RW            1    STACK               startup_stm32f407xx.o


    Execution Region RW_IRAM2 (Exec base: 0x2001c000, Load base: 0x08003e08, Size: 0x00000000, Max: 0x00004000, ABSOLUTE)

    **** No section assigned to this execution region ****


==============================================================================

Image component sizes


      Code (inc. data)   RO Data    RW Data    ZI Data      Debug   Object Name

       228         22          0          0         40       1809   can.o
       172         14          0          0          0       3258   ela_can_drv.o
       550         20          0          0          0       4520   ela_can_usr.o
       420         60          0          0          0       7153   ela_motor_ctrl.o
       176          0          0          0        387       4179   ela_queue.o
       484         56          0         20          0       4928   ela_tmc5160_drv.o
       730         26        152          6          0      11469   ela_tmc5160_usr.o
       108         10          0          0          0       3781   elaco_main.o
       532         24          0          0          0       1311   gpio.o
       242          8          0          0          0     710648   main.o
       208         22          0          0         88       1805   spi.o
        64         26        392          0       1536        876   startup_stm32f407xx.o
       212         36          0          9          0       9649   stm32f4xx_hal.o
      2144          4          0          0          0      15003   stm32f4xx_hal_can.o
       312         22          0          0          0      34555   stm32f4xx_hal_cortex.o
       512         46          0          0          0       2204   stm32f4xx_hal_gpio.o
        72          4          0          0          0        922   stm32f4xx_hal_msp.o
      1820         84          0          0          0       5856   stm32f4xx_hal_rcc.o
      1136         12          0          0          0       4809   stm32f4xx_hal_spi.o
      1994         82          0          0          0      16887   stm32f4xx_hal_tim.o
       184         30          0          0          0       2653   stm32f4xx_hal_tim_ex.o
       674         10          0          0          0       1972   stm32f4xx_hal_uart.o
        66         12          0          0          0       5554   stm32f4xx_it.o
        20          6         24          4          0       1223   system_stm32f4xx.o
      1340         98          0          0        432       6421   tim.o
       208         22          0          0         72       1822   usart.o

    ----------------------------------------------------------------------
     14628        756        600         44       2556     865267   Object Totals
         0          0         32          0          0          0   (incl. Generated)
        20          0          0          5          1          0   (incl. Padding)

    ----------------------------------------------------------------------

      Code (inc. data)   RO Data    RW Data    ZI Data      Debug   Library Member Name

         8          0          0          0          0         68   __main.o
         0          0          0          0          0          0   __rtentry.o
        12          0          0          0          0          0   __rtentry2.o
         6          0          0          0          0          0   __rtentry4.o
        52          8          0          0          0          0   __scatter.o
        26          0          0          0          0          0   __scatter_copy.o
        28          0          0          0          0          0   __scatter_zi.o
        18          0          0          0          0         80   exit.o
         6          0          0          0          0        152   heapauxi.o
         0          0          0          0          0          0   indicate_semi.o
         2          0          0          0          0          0   libinit.o
         6          0          0          0          0          0   libinit2.o
         2          0          0          0          0          0   libshutdown.o
         2          0          0          0          0          0   libshutdown2.o
         8          4          0          0         96         68   libspace.o
       238          0          0          0          0        100   lludivv7m.o
        78          0          0          0          0         80   rt_memclr_w.o
         2          0          0          0          0          0   rtexit.o
        10          0          0          0          0          0   rtexit2.o
        12          4          0          0          0         68   sys_exit.o
        74          0          0          0          0         80   sys_stackheap_outer.o
         2          0          0          0          0         68   use_no_semi.o
        10          0          0          0          0        116   fpinit.o

    ----------------------------------------------------------------------
       608         16          0          0         96        880   Library Totals
         6          0          0          0          0          0   (incl. Padding)

    ----------------------------------------------------------------------

      Code (inc. data)   RO Data    RW Data    ZI Data      Debug   Library Name

       592         16          0          0         96        764   c_w.l
        10          0          0          0          0        116   fz_wm.l

    ----------------------------------------------------------------------
       608         16          0          0         96        880   Library Totals

    ----------------------------------------------------------------------

==============================================================================


      Code (inc. data)   RO Data    RW Data    ZI Data      Debug   

     15236        772        600         44       2652     851687   Grand Totals
     15236        772        600         44       2652     851687   ELF Image Totals
     15236        772        600         44          0          0   ROM Totals

==============================================================================

    Total RO  Size (Code + RO Data)                15836 (  15.46kB)
    Total RW  Size (RW Data + ZI Data)              2696 (   2.63kB)
    Total ROM Size (Code + RO Data + RW Data)      15880 (  15.51kB)

==============================================================================

