<html>
<body>
<pre>
<h1>µVision Build Log</h1>
<h2>Tool Versions:</h2>
IDE-Version: ¦ÌVision V5.43.1.0
Copyright (C) 2025 ARM Ltd and ARM Germany GmbH. All rights reserved.
License Information: s electronic, 1, LIC=3UURY-I1FN1-SGU7K-ZGVMR-K4DUT-Q1S3Z
 
Tool Versions:
Toolchain:       MDK-ARM Professional  Version: 5.43.0.0
Toolchain Path:  C:\Keil_v5\ARM\ARMCC\Bin
C Compiler:      Armcc.exe V5.06 update 7 (build 960)
Assembler:       Armasm.exe V5.06 update 7 (build 960)
Linker/Locator:  ArmLink.exe V5.06 update 7 (build 960)
Library Manager: ArmAr.exe V5.06 update 7 (build 960)
Hex Converter:   FromElf.exe V5.06 update 7 (build 960)
CPU DLL:         SARMCM3.DLL V5.43.0.0
Dialog DLL:      DCM.DLL V1.17.5.0
Target DLL:      STLink\ST-LINKIII-KEIL_SWO.dll V3.3.1.0
Dialog DLL:      TCM.DLL V1.56.6.0
 
<h2>Project:</h2>
e:\Desktop\XM\ELACO_StepMotorTMC5160\AIFirmware\StepMotorDriver_Keil\MDK-ARM\StepMotorDriver_Keil.uvprojx
Project File Date:  07/23/2026

<h2>Output:</h2>
*** Using Compiler 'V5.06 update 7 (build 960)', folder: 'C:\Keil_v5\ARM\ARMCC\Bin'
Rebuild target 'StepMotorDriver_Keil'
assembling startup_stm32f407xx.s...
compiling stm32f4xx_hal_msp.c...
compiling spi.c...
compiling stm32f4xx_it.c...
compiling main.c...
compiling iwdg.c...
compiling stm32f4xx_hal_gpio.c...
compiling gpio.c...
compiling stm32f4xx_hal_can.c...
compiling stm32f4xx_hal_flash_ramfunc.c...
compiling stm32f4xx_hal_flash_ex.c...
compiling stm32f4xx_hal_flash.c...
compiling can.c...
compiling usart.c...
compiling tim.c...
compiling stm32f4xx_hal_rcc.c...
compiling stm32f4xx_hal_rcc_ex.c...
compiling stm32f4xx_hal_dma.c...
compiling system_stm32f4xx.c...
compiling stm32f4xx_hal_dma_ex.c...
compiling ela_queue.c...
compiling ela_tmc5160_usr.c...
compiling ela_motor_ctrl.c...
compiling ela_can_usr.c...
compiling stm32f4xx_hal_pwr.c...
compiling stm32f4xx_hal_pwr_ex.c...
compiling ela_can_drv.c...
compiling stm32f4xx_hal.c...
compiling elaco_main.c...
compiling stm32f4xx_hal_tim.c...
compiling stm32f4xx_hal_iwdg.c...
compiling stm32f4xx_hal_cortex.c...
compiling stm32f4xx_hal_spi.c...
compiling stm32f4xx_hal_uart.c...
compiling ela_tmc5160_test.c...
compiling stm32f4xx_hal_exti.c...
compiling ela_tmc5160_drv.c...
compiling stm32f4xx_hal_tim_ex.c...
linking...
Program Size: Code=15236 RO-data=600 RW-data=44 ZI-data=2652  
FromELF: creating hex file...
"StepMotorDriver_Keil\StepMotorDriver_Keil.axf" - 0 Error(s), 0 Warning(s).

<h2>Software Packages used:</h2>

Package Vendor: ARM
                https://www.keil.com/pack/ARM.CMSIS.6.1.0.pack
                ARM::CMSIS@6.1.0
                CMSIS (Common Microcontroller Software Interface Standard)
   * Component: CORE Version: 6.1.0

Package Vendor: Keil
                http://www.keil.com/pack/Keil.STM32F4xx_DFP.2.7.0.pack
                Keil::STM32F4xx_DFP@2.7.0
                STMicroelectronics STM32F4 Series Device Support, Drivers and Examples

<h2>Collection of Component include folders:</h2>
  ./RTE/_StepMotorDriver_Keil
  C:/Users/electronic/AppData/Local/Arm/Packs/ARM/CMSIS/6.1.0/CMSIS/Core/Include
  C:/Users/electronic/AppData/Local/Arm/Packs/Keil/STM32F4xx_DFP/2.7.0/Drivers/CMSIS/Device/ST/STM32F4xx/Include

<h2>Collection of Component Files used:</h2>

   * Component: ARM::CMSIS:CORE@6.1.0
      Include file:  CMSIS/Core/Include/tz_context.h
Build Time Elapsed:  00:00:21
</pre>
</body>
</html>
