<html>
<body>
<pre>
<h1>µVision Build Log</h1>
<h2>Tool Versions:</h2>
IDE-Version: ¦ÌVision V5.43.1.0
Copyright (C) 2025 ARM Ltd and ARM Germany GmbH. All rights reserved.
License Information: s electronic, 1, LIC=3UURY-I1FN1-SGU7K-ZGVMR-K4DUT-Q1S3Z
 
Tool Versions:
Toolchain:       MDK-ARM Professional  Version: 5.43.0.0
Toolchain Path:  C:\Keil_v5\ARM\ARMCC\Bin
C Compiler:      Armcc.exe V5.06 update 7 (build 960)
Assembler:       Armasm.exe V5.06 update 7 (build 960)
Linker/Locator:  ArmLink.exe V5.06 update 7 (build 960)
Library Manager: ArmAr.exe V5.06 update 7 (build 960)
Hex Converter:   FromElf.exe V5.06 update 7 (build 960)
CPU DLL:         SARMCM3.DLL V5.43.0.0
Dialog DLL:      DCM.DLL V1.17.5.0
Target DLL:      STLink\ST-LINKIII-KEIL_SWO.dll V3.3.1.0
Dialog DLL:      TCM.DLL V1.56.6.0
 
<h2>Project:</h2>
E:\Desktop\XM\ELACO_StepMotorTMC5160\Firmware\StepMotorDriver_Keil\MDK-ARM\StepMotorDriver_Keil.uvprojx
Project File Date:  07/15/2026

<h2>Output:</h2>
*** Using Compiler 'V5.06 update 7 (build 960)', folder: 'C:\Keil_v5\ARM\ARMCC\Bin'
Rebuild target 'StepMotorDriver_Keil'
assembling startup_stm32f407xx.s...
compiling stm32f4xx_it.c...
compiling stm32f4xx_hal_can.c...
compiling stm32f4xx_hal_rcc.c...
compiling main.c...
compiling iwdg.c...
compiling stm32f4xx_hal_gpio.c...
compiling stm32f4xx_hal_flash_ex.c...
compiling usart.c...
compiling stm32f4xx_hal_flash_ramfunc.c...
compiling stm32f4xx_hal_rcc_ex.c...
compiling can.c...
compiling stm32f4xx_hal_msp.c...
compiling tim.c...
compiling gpio.c...
compiling stm32f4xx_hal_flash.c...
compiling ela_queue.c...
compiling spi.c...
compiling stm32f4xx_hal_dma_ex.c...
compiling stm32f4xx_hal_dma.c...
compiling stm32f4xx_hal_pwr_ex.c...
compiling stm32f4xx_hal_cortex.c...
compiling mb.c...
compiling stm32f4xx_hal_pwr.c...
compiling mbcrc.c...
compiling mbascii.c...
compiling mbfuncdiag.c...
compiling mbfunccoils.c...
compiling mbfuncdisc.c...
compiling mbfuncholding.c...
compiling stm32f4xx_hal_spi.c...
compiling mbfuncinput.c...
compiling ela_can.c...
..\ELA_LIB\ela_can.c(16): warning:  #61-D: integer operation result is out of range
          ((0x1AA55F42 << 3) | 0x4) >> 16;
..\ELA_LIB\ela_can.c(16): warning:  #68-D: integer conversion resulted in a change of sign
          ((0x1AA55F42 << 3) | 0x4) >> 16;
..\ELA_LIB\ela_can.c(18): warning:  #61-D: integer operation result is out of range
          ((0x1AA55F42 << 3) | 0x4) & 0xFFFF;
..\ELA_LIB\ela_can.c: 3 warnings, 0 errors
compiling mbfuncother.c...
compiling mbtcp.c...
compiling mbrtu.c...
..\FreeModbus\modbus\mbrtu.c(152): warning:  #550-D: variable "xFrameReceived"  was set but never used
      BOOL            xFrameReceived = FALSE;
..\FreeModbus\modbus\mbrtu.c: 1 warning, 0 errors
compiling mbutils.c...
compiling port.c...
compiling portevent.c...
compiling stm32f4xx_hal.c...
compiling stm32f4xx_hal_exti.c...
compiling stm32f4xx_hal_iwdg.c...
compiling ela_uart.c...
compiling stm32f4xx_hal_tim_ex.c...
compiling elaco_main.c...
compiling system_stm32f4xx.c...
compiling stm32f4xx_hal_uart.c...
compiling stm32f4xx_hal_tim.c...
compiling ela_eeprom.c...
compiling test_encoder.c...
..\ModTest\test_encoder.c(144): warning:  #177-D: function "Encoder_CheckError"  was declared but never referenced
  static unsigned char Encoder_CheckError(TMC5160_T *CHIP_T)
..\ModTest\test_encoder.c: 1 warning, 0 errors
compiling ela_timer.c...
compiling portserial.c...
compiling test_freemodbus.c...
compiling test_tmc5160.c...
compiling porttimer.c...
compiling ela_tmc5160.c...
..\ELA_LIB\ela_tmc5160.c(385): warning:  #61-D: integer operation result is out of range
      if (drv_status & (3 << 30)){ flags |= 0x04; }
..\ELA_LIB\ela_tmc5160.c(385): warning:  #68-D: integer conversion resulted in a change of sign
      if (drv_status & (3 << 30)){ flags |= 0x04; }
..\ELA_LIB\ela_tmc5160.c: 2 warnings, 0 errors
compiling test_speed_mode.c...
linking...
Program Size: Code=13782 RO-data=602 RW-data=232 ZI-data=2056  
FromELF: creating hex file...
"StepMotorDriver_Keil\StepMotorDriver_Keil.axf" - 0 Error(s), 7 Warning(s).

<h2>Software Packages used:</h2>

Package Vendor: ARM
                https://www.keil.com/pack/ARM.CMSIS.6.3.0.pack
                ARM::CMSIS@6.3.0
                CMSIS (Common Microcontroller Software Interface Standard)
   * Component: CORE Version: 6.2.0

Package Vendor: Keil
                https://www.keil.com/pack/Keil.STM32F4xx_DFP.3.1.1.pack
                Keil::STM32F4xx_DFP@3.1.1
                STMicroelectronics STM32F4 Series Device Support

<h2>Collection of Component include folders:</h2>
  ./RTE/_StepMotorDriver_Keil
  C:/Keil_v5/ARM/CMSIS/6.3.0/CMSIS/Core/Include

<h2>Collection of Component Files used:</h2>

   * Component: ARM::CMSIS:CORE@6.2.0
Build Time Elapsed:  00:00:19
</pre>
</body>
</html>
